
Discarded input sections

 .group         0x00000000        0xc ./source/App.o
 .group         0x00000000        0xc ./source/App.o
 .group         0x00000000        0xc ./source/App.o
 .group         0x00000000        0xc ./source/App.o
 .group         0x00000000        0xc ./source/App.o
 .group         0x00000000        0xc ./source/App.o
 .group         0x00000000        0xc ./source/App.o
 .group         0x00000000        0xc ./source/App.o
 .group         0x00000000        0xc ./source/App.o
 .group         0x00000000        0xc ./source/App.o
 .group         0x00000000        0xc ./source/App.o
 .group         0x00000000        0xc ./source/App.o
 .group         0x00000000        0xc ./source/App.o
 .group         0x00000000        0xc ./source/App.o
 .group         0x00000000        0xc ./source/App.o
 .group         0x00000000        0xc ./source/App.o
 .group         0x00000000        0xc ./source/App.o
 .group         0x00000000        0xc ./source/App.o
 .group         0x00000000        0xc ./source/App.o
 .group         0x00000000        0xc ./source/App.o
 .group         0x00000000        0xc ./source/App.o
 .group         0x00000000        0xc ./source/App.o
 .group         0x00000000        0xc ./source/App.o
 .group         0x00000000        0xc ./source/App.o
 .group         0x00000000        0xc ./source/App.o
 .group         0x00000000        0xc ./source/App.o
 .group         0x00000000        0xc ./source/App.o
 .group         0x00000000        0xc ./source/App.o
 .group         0x00000000        0xc ./source/App.o
 .group         0x00000000        0xc ./source/App.o
 .group         0x00000000        0xc ./source/App.o
 .group         0x00000000        0xc ./source/App.o
 .group         0x00000000        0xc ./source/App.o
 .group         0x00000000        0xc ./source/App.o
 .group         0x00000000        0xc ./source/App.o
 .group         0x00000000        0xc ./source/App.o
 .group         0x00000000        0xc ./source/App.o
 .group         0x00000000        0xc ./source/App.o
 .group         0x00000000        0xc ./source/App.o
 .group         0x00000000        0xc ./source/App.o
 .group         0x00000000        0xc ./source/App.o
 .group         0x00000000        0xc ./source/App.o
 .group         0x00000000        0xc ./source/App.o
 .group         0x00000000        0xc ./source/App.o
 .group         0x00000000        0xc ./source/App.o
 .group         0x00000000        0xc ./source/App.o
 .group         0x00000000        0xc ./source/App.o
 .group         0x00000000        0xc ./source/App.o
 .group         0x00000000        0xc ./source/App.o
 .group         0x00000000        0xc ./source/App.o
 .group         0x00000000        0xc ./source/App.o
 .group         0x00000000        0xc ./source/App.o
 .group         0x00000000        0xc ./source/App.o
 .group         0x00000000        0xc ./source/App.o
 .text          0x00000000        0x0 ./source/App.o
 .data          0x00000000        0x0 ./source/App.o
 .bss           0x00000000        0x0 ./source/App.o
 .group         0x00000000        0xc ./source/SysTick.o
 .group         0x00000000        0xc ./source/SysTick.o
 .group         0x00000000        0xc ./source/SysTick.o
 .group         0x00000000        0xc ./source/SysTick.o
 .group         0x00000000        0xc ./source/SysTick.o
 .group         0x00000000        0xc ./source/SysTick.o
 .group         0x00000000        0xc ./source/SysTick.o
 .group         0x00000000        0xc ./source/SysTick.o
 .group         0x00000000        0xc ./source/SysTick.o
 .group         0x00000000        0xc ./source/SysTick.o
 .group         0x00000000        0xc ./source/SysTick.o
 .group         0x00000000        0xc ./source/SysTick.o
 .group         0x00000000        0xc ./source/SysTick.o
 .group         0x00000000        0xc ./source/SysTick.o
 .group         0x00000000        0xc ./source/SysTick.o
 .text          0x00000000        0x0 ./source/SysTick.o
 .data          0x00000000        0x0 ./source/SysTick.o
 .bss           0x00000000        0x0 ./source/SysTick.o
 .debug_macro   0x00000000      0xa5a ./source/SysTick.o
 .debug_macro   0x00000000       0x22 ./source/SysTick.o
 .debug_macro   0x00000000      0x34e ./source/SysTick.o
 .debug_macro   0x00000000       0x10 ./source/SysTick.o
 .debug_macro   0x00000000       0x5c ./source/SysTick.o
 .debug_macro   0x00000000       0x1c ./source/SysTick.o
 .debug_macro   0x00000000       0x22 ./source/SysTick.o
 .debug_macro   0x00000000       0xdf ./source/SysTick.o
 .debug_macro   0x00000000      0xecf ./source/SysTick.o
 .debug_macro   0x00000000       0x48 ./source/SysTick.o
 .debug_macro   0x00000000     0xe07b ./source/SysTick.o
 .debug_macro   0x00000000     0x122b ./source/SysTick.o
 .debug_macro   0x00000000       0x16 ./source/SysTick.o
 .group         0x00000000        0xc ./source/buffer.o
[...]
Memory Configuration

Name             Origin             Length             Attributes
PROGRAM_FLASH    0x00000000         0x00100000         xr
SRAM_UPPER       0x20000000         0x00030000         xrw
SRAM_LOWER       0x1fff0000         0x00010000         xrw
FLEX_RAM         0x14000000         0x00001000         xrw
*default*        0x00000000         0xffffffff

Linker script and memory map

LOAD ./source/App.o
LOAD ./source/SysTick.o
LOAD ./source/buffer.o
LOAD ./source/database.o
LOAD ./source/display.o
LOAD ./source/displayWrapper.o
LOAD ./source/door.o
LOAD ./source/encoder.o
LOAD ./source/fsm.o
LOAD ./source/fsmtable.o
LOAD ./source/gpio.o
LOAD ./source/reader.o
LOAD ./source/timer.o
LOAD ./SDK/startup/hardware.o
LOAD ./SDK/startup/main.o
LOAD ./SDK/startup/semihost_hardfault.o
LOAD ./SDK/startup/startup_mk64f12.o
LOAD ./SDK/CMSIS/system_MK64F12.o
START GROUP
LOAD c:/nxp/mcuxpressoide_10.2.0_759/ide/tools/bin/../lib/gcc/arm-none-eabi/7.2.1/../../../../arm-none-eabi/lib/thumb/v7e-m/fpv4-sp/hard\libcr_c.a
LOAD c:/nxp/mcuxpressoide_10.2.0_759/ide/tools/bin/../lib/gcc/arm-none-eabi/7.2.1/thumb/v7e-m/fpv4-sp/hard\libcr_eabihelpers.a
END GROUP
                0x00000000                __base_PROGRAM_FLASH = 0x0
                0x00000000                __base_Flash = 0x0
                0x00100000                __top_PROGRAM_FLASH = 0x100000
                0x00100000                __top_Flash = 0x100000
                0x20000000                __base_SRAM_UPPER = 0x20000000
                0x20000000                __base_RAM = 0x20000000
                0x20030000                __top_SRAM_UPPER = 0x20030000
                0x20030000                __top_RAM = 0x20030000
                0x1fff0000                __base_SRAM_LOWER = 0x1fff0000
                0x1fff0000                __base_RAM2 = 0x1fff0000
                0x20000000                __top_SRAM_LOWER = 0x20000000
                0x20000000                __top_RAM2 = 0x20000000
                0x14000000                __base_FLEX_RAM = 0x14000000
                0x14000000                __base_RAM3 = 0x14000000
                0x14001000                __top_FLEX_RAM = 0x14001000
                0x14001000                __top_RAM3 = 0x14001000

.text           0x00000000     0x31e0
 FILL mask 0xff
                0x00000000                __vectors_start__ = ABSOLUTE (.)
 *(SORT_BY_ALIGNMENT(.isr_vector))
 .isr_vector    0x00000000      0x198 ./SDK/startup/startup_mk64f12.o
                0x00000000                g_pfnVectors
                0x00000000                __Vectors
                0x00000198                . = ALIGN (0x4)
                0x00000198                __section_table_start = .
                0x00000198                __data_section_table = .
                0x00000198        0x4 LONG 0x31e0 LOADADDR (.data)
                0x0000019c        0x4 LONG 0x20000000 ADDR (.data)
                0x000001a0        0x4 LONG 0x4e0 SIZEOF (.data)
                0x000001a4        0x4 LONG 0x31e0 LOADADDR (.data_RAM2)
                0x000001a8        0x4 LONG 0x1fff0000 ADDR (.data_RAM2)
                0x000001ac        0x4 LONG 0x0 SIZEOF (.data_RAM2)
                0x000001b0        0x4 LONG 0x31e0 LOADADDR (.data_RAM3)
                0x000001b4        0x4 LONG 0x14000000 ADDR (.data_RAM3)
                0x000001b8        0x4 LONG 0x0 SIZEOF (.data_RAM3)
                0x000001bc                __data_section_table_end = .
                0x000001bc                __bss_section_table = .
                0x000001bc        0x4 LONG 0x200004e0 ADDR (.bss)
                0x000001c0        0x4 LONG 0x5f8 SIZEOF (.bss)
                0x000001c4        0x4 LONG 0x1fff0000 ADDR (.bss_RAM2)
                0x000001c8        0x4 LONG 0x0 SIZEOF (.bss_RAM2)
                0x000001cc        0x4 LONG 0x14000000 ADDR (.bss_RAM3)
                0x000001d0        0x4 LONG 0x0 SIZEOF (.bss_RAM3)
                0x000001d4                __bss_section_table_end = .
                0x000001d4                __section_table_end = .
 *(SORT_BY_ALIGNMENT(.after_vectors*))
 .after_vectors.reset
                0x000001d4       0x4c ./SDK/startup/startup_mk64f12.o
                0x000001d4                ResetISR
 .after_vectors.init_data
                0x00000220       0x1e ./SDK/startup/startup_mk64f12.o
                0x00000220                data_init
 .after_vectors.init_bss
                0x0000023e       0x12 ./SDK/startup/startup_mk64f12.o
                0x0000023e                bss_init
 .after_vectors
                0x00000250       0x14 ./SDK/startup/startup_mk64f12.o
                0x00000250                NMI_Handler
                0x00000254                MemManage_Handler
                0x00000256                BusFault_Handler
                0x00000258                UsageFault_Handler
                0x0000025a                SVC_Handler
                0x0000025c                DebugMon_Handler
                0x0000025e                PendSV_Handler
                0x00000262                DMA_Error_DriverIRQHandler
                0x00000262                LPTMR0_DriverIRQHandler
                0x00000262                FTM1_DriverIRQHandler
                0x00000262                FTM2_DriverIRQHandler
                0x00000262                PIT2_DriverIRQHandler
                0x00000262                SDHC_DriverIRQHandler
                0x00000262                I2S0_Tx_DriverIRQHandler
                0x00000262                RTC_Seconds_DriverIRQHandler
                0x00000262                DMA6_DriverIRQHandler
                0x00000262                LLWU_DriverIRQHandler
                0x00000262                MCM_DriverIRQHandler
                0x00000262                MCG_DriverIRQHandler
                0x00000262                ENET_1588_Timer_DriverIRQHandler
                0x00000262                I2C2_DriverIRQHandler
                0x00000262                DAC1_DriverIRQHandler
                0x00000262                SPI1_DriverIRQHandler
                0x00000262                CMP1_DriverIRQHandler
                0x00000262                UART5_RX_TX_DriverIRQHandler
                0x00000262                FTM0_DriverIRQHandler
                0x00000262                IntDefaultHandler
                0x00000262                USB0_DriverIRQHandler
                0x00000262                UART5_ERR_DriverIRQHandler
                0x00000262                PORTC_DriverIRQHandler
                0x00000262                DMA11_DriverIRQHandler
                0x00000262                DAC0_DriverIRQHandler
                0x00000262                DMA10_DriverIRQHandler
                0x00000262                CMP2_DriverIRQHandler
                0x00000262                UART2_ERR_DriverIRQHandler
                0x00000262                SPI2_DriverIRQHandler
                0x00000262                LVD_LVW_DriverIRQHandler
                0x00000262                PIT0_DriverIRQHandler
                0x00000262                RNG_DriverIRQHandler
                0x00000262                DMA5_DriverIRQHandler
                0x00000262                DMA12_DriverIRQHandler
                0x00000262                UART2_RX_TX_DriverIRQHandler
                0x00000262                USBDCD_DriverIRQHandler
                0x00000262                UART3_ERR_DriverIRQHandler
                0x00000262                DMA3_DriverIRQHandler
                0x00000262                DMA8_DriverIRQHandler
                0x00000262                DMA9_DriverIRQHandler
                0x00000262                UART0_ERR_DriverIRQHandler
                0x00000262                CMT_DriverIRQHandler
                0x00000262                Reserved71_DriverIRQHandler
                0x00000262                ADC1_DriverIRQHandler
                0x00000262                PORTA_DriverIRQHandler
                0x00000262                DMA14_DriverIRQHandler
                0x00000262                PIT3_DriverIRQHandler
                0x00000262                PIT1_DriverIRQHandler
                0x00000262                WDOG_EWM_DriverIRQHandler
                0x00000262                PDB0_DriverIRQHandler
                0x00000262                RTC_DriverIRQHandler
                0x00000262                I2S0_Rx_DriverIRQHandler
                0x00000262                Read_Collision_DriverIRQHandler
                0x00000262                SWI_DriverIRQHandler
                0x00000262                UART4_RX_TX_DriverIRQHandler
                0x00000262                UART4_ERR_DriverIRQHandler
                0x00000262                PORTB_DriverIRQHandler
                0x00000262                UART0_LON_DriverIRQHandler
                0x00000262                DMA0_DriverIRQHandler
                0x00000262                DMA1_DriverIRQHandler
                0x00000262                I2C1_DriverIRQHandler
                0x00000262                UART3_RX_TX_DriverIRQHandler
                0x00000262                ENET_Receive_DriverIRQHandler
                0x00000262                DMA13_DriverIRQHandler
                0x00000262                ENET_Error_DriverIRQHandler
                0x00000262                DMA15_DriverIRQHandler
                0x00000262                UART0_RX_TX_DriverIRQHandler
                0x00000262                SPI0_DriverIRQHandler
                0x00000262                ADC0_DriverIRQHandler
                0x00000262                CMP0_DriverIRQHandler
                0x00000262                CAN0_DriverIRQHandler
                0x00000262                FTM3_DriverIRQHandler
                0x00000262                DMA4_DriverIRQHandler
                0x00000262                UART1_ERR_DriverIRQHandler
                0x00000262                DMA2_DriverIRQHandler
                0x00000262                ENET_Transmit_DriverIRQHandler
                0x00000262                PORTD_DriverIRQHandler
                0x00000262                PORTE_DriverIRQHandler
                0x00000262                FTFE_DriverIRQHandler
                0x00000262                I2C0_DriverIRQHandler
                0x00000262                DMA7_DriverIRQHandler
                0x00000262                UART1_RX_TX_DriverIRQHandler
                0x00000400                . = 0x400
 *fill*         0x00000264      0x19c ff
                0x00000400                PROVIDE (__FLASH_CONFIG_START__, .)
 *(SORT_BY_ALIGNMENT(.FlashConfig))
 .FlashConfig   0x00000400       0x10 ./SDK/startup/startup_mk64f12.o
                0x00000400                Flash_Config
                0x00000410                PROVIDE (__FLASH_CONFIG_END__, .)
                0x00000001                ASSERT (! ((__FLASH_CONFIG_START__ == __FLASH_CONFIG_END__)), Linker Flash Config Support Enabled, but no .FlashConfig section provided within application)
 *(SORT_BY_ALIGNMENT(.text*))
 .text.__NVIC_EnableIRQ
                0x00000410       0x3c ./source/SysTick.o
 .text.SysTick_Init
                0x0000044c       0x4c ./source/SysTick.o
                0x0000044c                SysTick_Init
 .text.SysTick_Handler
                0x00000498       0x34 ./source/SysTick.o
                0x00000498                SysTick_Handler
 .text.init_database
                0x000004cc       0xe0 ./source/database.o
                0x000004cc                init_database
 .text.inicializarDisplay
                0x000005ac       0xec ./source/display.o
                0x000005ac                inicializarDisplay
 .text.setBrightness
                0x00000698       0x20 ./source/display.o
                0x00000698                setBrightness
 .text.ResetDisplay
                0x000006b8       0x34 ./source/display.o
                0x000006b8                ResetDisplay
 .text.escribir
                0x000006ec       0xac ./source/display.o
 .text.writeBlancSpace
                0x00000798       0x64 ./source/display.o
 .text.tryRoll  0x000007fc       0xa8 ./source/display.o
 .text.setRollData
                0x000008a4       0x98 ./source/display.o
                0x000008a4                setRollData
 .text.escribirDisplay
                0x0000093c       0x54 ./source/display.o
                0x0000093c                escribirDisplay
 .text.writeOnSelectors
                0x00000990       0x40 ./source/display.o
 .text.writeOnDisplay
                0x000009d0       0xdc ./source/display.o
 .text.place2Selection
                0x00000aac       0x68 ./source/display.o
 .text.val2Segments
                0x00000b14      0x6ac ./source/display.o
 .text.updateDisplay
                0x000011c0      0x100 ./source/displayWrapper.o
                0x000011c0                updateDisplay
 .text.initDoor
                0x000012c0       0x3c ./source/door.o
                0x000012c0                initDoor
 .text.openDoor
                0x000012fc       0x38 ./source/door.o
                0x000012fc                openDoor
 .text.closeDoor
                0x00001334       0x24 ./source/door.o
                0x00001334                closeDoor
 .text.isDoorJustClosed
                0x00001358       0x38 ./source/door.o
                0x00001358                isDoorJustClosed
 .text.initEncoder
                0x00001390       0x64 ./source/encoder.o
                0x00001390                initEncoder
 .text.encoderFSM
                0x000013f4      0x150 ./source/encoder.o
 .text.readEvent
                0x00001544       0x94 ./source/encoder.o
 .text.getFSM_ev
                0x000015d8       0x44 ./source/encoder.o
                0x000015d8                getFSM_ev
 .text.FSM_GetInitState
                0x0000161c       0x3c ./source/fsmtable.o
                0x0000161c                FSM_GetInitState
 .text.__NVIC_EnableIRQ
                0x00001658       0x3c ./source/gpio.o
 .text.gpioMode
                0x00001694      0x298 ./source/gpio.o
                0x00001694                gpioMode
 .text.gpioWrite
                0x0000192c       0x78 ./source/gpio.o
                0x0000192c                gpioWrite
 .text.gpioRead
                0x000019a4       0x48 ./source/gpio.o
                0x000019a4                gpioRead
 .text.gpioIRQ  0x000019ec       0xcc ./source/gpio.o
                0x000019ec                gpioIRQ
 .text.portIRQ_handler
                0x00001ab8       0x80 ./source/gpio.o
                0x00001ab8                portIRQ_handler
 .text.init_reader
                0x00001b38       0xd4 ./source/reader.o
                0x00001b38                init_reader
 .text.set_enable
                0x00001c0c       0x40 ./source/reader.o
 .text.clean_enable
                0x00001c4c       0x38 ./source/reader.o
 .text.get_data
                0x00001c84      0x118 ./source/reader.o
 .text.toggle_enable
                0x00001d9c       0x44 ./source/reader.o
 .text.check_lrc
                0x00001de0       0x54 ./source/reader.o
 .text.reset_reading
                0x00001e34       0x38 ./source/reader.o
 .text.get_ID   0x00001e6c       0xb0 ./source/reader.o
                0x00001e6c                get_ID
 .text.timerInit
                0x00001f1c       0x28 ./source/timer.o
                0x00001f1c                timerInit
 .text.timerGetId
                0x00001f44       0x4c ./source/timer.o
                0x00001f44                timerGetId
 .text.timerStart
                0x00001f90       0xb4 ./source/timer.o
                0x00001f90                timerStart
 .text.timerExpired
                0x00002044       0x4c ./source/timer.o
                0x00002044                timerExpired
 .text.timer_isr
                0x00002090       0xf4 ./source/timer.o
 .text.hw_Init  0x00002184      0x10c ./SDK/startup/hardware.o
                0x00002184                hw_Init
 .text.hw_EnableInterrupts
                0x00002290       0x30 ./SDK/startup/hardware.o
                0x00002290                hw_EnableInterrupts
 .text.hw_DisableInterrupts
                0x000022c0       0x20 ./SDK/startup/hardware.o
                0x000022c0                hw_DisableInterrupts
 .text.SystemInit
                0x000022e0       0x3c ./SDK/CMSIS/system_MK64F12.o
                0x000022e0                SystemInit
 .text.App_Init
                0x0000231c       0x2e ./source/App.o
                0x0000231c                App_Init
 .text.App_Run  0x0000234a       0x3a ./source/App.o
                0x0000234a                App_Run
 .text.get_events
                0x00002384      0x134 ./source/App.o
 .text.init_userdata
                0x000024b8       0x88 ./source/App.o
 .text.init_buffer
                0x00002540       0x28 ./source/buffer.o
                0x00002540                init_buffer
 .text.push_buffer
                0x00002568       0x3e ./source/buffer.o
                0x00002568                push_buffer
 .text.pop_buffer
                0x000025a6       0x3e ./source/buffer.o
                0x000025a6                pop_buffer
 .text.buffer_is_full
                0x000025e4       0x3a ./source/buffer.o
                0x000025e4                buffer_is_full
 .text.is_ID_allowed
                0x0000261e       0x6e ./source/database.o
                0x0000261e                is_ID_allowed
 .text.is_PIN_correct
                0x0000268c       0xb4 ./source/database.o
                0x0000268c                is_PIN_correct
 .text.init_display
                0x00002740        0xc ./source/displayWrapper.o
                0x00002740                init_display
 .text.set_brightness
                0x0000274c       0x46 ./source/displayWrapper.o
                0x0000274c                set_brightness
 .text.concatID
                0x00002792       0x3a ./source/displayWrapper.o
 .text.openDoor5sec
                0x000027cc       0x10 ./source/door.o
                0x000027cc                openDoor5sec
 .text.detectEdge
                0x000027dc       0x6e ./source/encoder.o
 .text.fsm      0x0000284a       0x40 ./source/fsm.o
                0x0000284a                fsm
 .text.setLumin
                0x0000288a       0x24 ./source/fsmtable.o
 .text.increase_luminosity
                0x000028ae       0x2c ./source/fsmtable.o
 .text.decrease_luminosity
                0x000028da       0x2c ./source/fsmtable.o
 .text.set_waitCard
                0x00002906       0x2a ./source/fsmtable.o
 .text.set_waitID
                0x00002930       0x28 ./source/fsmtable.o
 .text.displayID
                0x00002958       0x2a ./source/fsmtable.o
 .text.check_ID
                0x00002982       0x30 ./source/fsmtable.o
 .text.set_IDretry
                0x000029b2       0x5c ./source/fsmtable.o
 .text.set_waitPIN
                0x00002a0e       0x40 ./source/fsmtable.o
 .text.check_PIN
                0x00002a4e       0x3c ./source/fsmtable.o
 .text.set_PINretry
                0x00002a8a       0x5c ./source/fsmtable.o
 .text.increase_num
                0x00002ae6       0xbe ./source/fsmtable.o
 .text.switch_left
                0x00002ba4       0x5c ./source/fsmtable.o
 .text.switch_right
                0x00002c00       0x6e ./source/fsmtable.o
 .text.open_door
                0x00002c6e       0x2e ./source/fsmtable.o
 .text.cancel   0x00002c9c       0x7e ./source/fsmtable.o
 .text.do_nothing
                0x00002d1a       0x14 ./source/fsmtable.o
 .text.reset_FSM
                0x00002d2e       0x7e ./source/fsmtable.o
 .text.PORTA_IRQHandler
                0x00002dac       0x1e ./source/gpio.o
                0x00002dac                PORTA_IRQHandler
 .text.PORTB_IRQHandler
                0x00002dca       0x1e ./source/gpio.o
                0x00002dca                PORTB_IRQHandler
 .text.PORTC_IRQHandler
                0x00002de8       0x1e ./source/gpio.o
                0x00002de8                PORTC_IRQHandler
 .text.PORTD_IRQHandler
                0x00002e06       0x1e ./source/gpio.o
                0x00002e06                PORTD_IRQHandler
 .text.set_parity
                0x00002e24       0x66 ./source/reader.o
 .text.clear_parity
                0x00002e8a       0x1e ./source/reader.o
 .text.main     0x00002ea8       0x34 ./SDK/startup/main.o
                0x00002ea8                main
 .text.HardFault_Handler
                0x00002edc       0x2c ./SDK/startup/semihost_hardfault.o
                0x00002edc                HardFault_Handler
 .text.DMA0_IRQHandler
                0x00002f08        0x8 ./SDK/startup/startup_mk64f12.o
                0x00002f08                DMA0_IRQHandler
 .text.DMA1_IRQHandler
                0x00002f10        0x8 ./SDK/startup/startup_mk64f12.o
                0x00002f10                DMA1_IRQHandler
 .text.DMA2_IRQHandler
                0x00002f18        0x8 ./SDK/startup/startup_mk64f12.o
                0x00002f18                DMA2_IRQHandler
 .text.DMA3_IRQHandler
                0x00002f20        0x8 ./SDK/startup/startup_mk64f12.o
                0x00002f20                DMA3_IRQHandler
 .text.DMA4_IRQHandler
                0x00002f28        0x8 ./SDK/startup/startup_mk64f12.o
                0x00002f28                DMA4_IRQHandler
 .text.DMA5_IRQHandler
                0x00002f30        0x8 ./SDK/startup/startup_mk64f12.o
                0x00002f30                DMA5_IRQHandler
 .text.DMA6_IRQHandler
                0x00002f38        0x8 ./SDK/startup/startup_mk64f12.o
                0x00002f38                DMA6_IRQHandler
 .text.DMA7_IRQHandler
                0x00002f40        0x8 ./SDK/startup/startup_mk64f12.o
                0x00002f40                DMA7_IRQHandler
 .text.DMA8_IRQHandler
                0x00002f48        0x8 ./SDK/startup/startup_mk64f12.o
                0x00002f48                DMA8_IRQHandler
 .text.DMA9_IRQHandler
                0x00002f50        0x8 ./SDK/startup/startup_mk64f12.o
                0x00002f50                DMA9_IRQHandler
 .text.DMA10_IRQHandler
                0x00002f58        0x8 ./SDK/startup/startup_mk64f12.o
                0x00002f58                DMA10_IRQHandler
 .text.DMA11_IRQHandler
                0x00002f60        0x8 ./SDK/startup/startup_mk64f12.o
                0x00002f60                DMA11_IRQHandler
 .text.DMA12_IRQHandler
                0x00002f68        0x8 ./SDK/startup/startup_mk64f12.o
                0x00002f68                DMA12_IRQHandler
 .text.DMA13_IRQHandler
                0x00002f70        0x8 ./SDK/startup/startup_mk64f12.o
                0x00002f70                DMA13_IRQHandler
 .text.DMA14_IRQHandler
                0x00002f78        0x8 ./SDK/startup/startup_mk64f12.o
                0x00002f78                DMA14_IRQHandler
 .text.DMA15_IRQHandler
                0x00002f80        0x8 ./SDK/startup/startup_mk64f12.o
                0x00002f80                DMA15_IRQHandler
 .text.DMA_Error_IRQHandler
                0x00002f88        0x8 ./SDK/startup/startup_mk64f12.o
                0x00002f88                DMA_Error_IRQHandler
 .text.MCM_IRQHandler
                0x00002f90        0x8 ./SDK/startup/startup_mk64f12.o
                0x00002f90                MCM_IRQHandler
 .text.FTFE_IRQHandler
                0x00002f98        0x8 ./SDK/startup/startup_mk64f12.o
                0x00002f98                FTFE_IRQHandler
 .text.Read_Collision_IRQHandler
                0x00002fa0        0x8 ./SDK/startup/startup_mk64f12.o
                0x00002fa0                Read_Collision_IRQHandler
 .text.LVD_LVW_IRQHandler
                0x00002fa8        0x8 ./SDK/startup/startup_mk64f12.o
                0x00002fa8                LVD_LVW_IRQHandler
 .text.LLWU_IRQHandler
                0x00002fb0        0x8 ./SDK/startup/startup_mk64f12.o
                0x00002fb0                LLWU_IRQHandler
 .text.WDOG_EWM_IRQHandler
                0x00002fb8        0x8 ./SDK/startup/startup_mk64f12.o
                0x00002fb8                WDOG_EWM_IRQHandler
 .text.RNG_IRQHandler
                0x00002fc0        0x8 ./SDK/startup/startup_mk64f12.o
                0x00002fc0                RNG_IRQHandler
 .text.I2C0_IRQHandler
                0x00002fc8        0x8 ./SDK/startup/startup_mk64f12.o
                0x00002fc8                I2C0_IRQHandler
 .text.I2C1_IRQHandler
                0x00002fd0        0x8 ./SDK/startup/startup_mk64f12.o
                0x00002fd0                I2C1_IRQHandler
 .text.SPI0_IRQHandler
                0x00002fd8        0x8 ./SDK/startup/startup_mk64f12.o
                0x00002fd8                SPI0_IRQHandler
 .text.SPI1_IRQHandler
                0x00002fe0        0x8 ./SDK/startup/startup_mk64f12.o
                0x00002fe0                SPI1_IRQHandler
 .text.I2S0_Tx_IRQHandler
                0x00002fe8        0x8 ./SDK/startup/startup_mk64f12.o
                0x00002fe8                I2S0_Tx_IRQHandler
 .text.I2S0_Rx_IRQHandler
                0x00002ff0        0x8 ./SDK/startup/startup_mk64f12.o
                0x00002ff0                I2S0_Rx_IRQHandler
 .text.UART0_LON_IRQHandler
                0x00002ff8        0x8 ./SDK/startup/startup_mk64f12.o
                0x00002ff8                UART0_LON_IRQHandler
 .text.UART0_RX_TX_IRQHandler
                0x00003000        0x8 ./SDK/startup/startup_mk64f12.o
                0x00003000                UART0_RX_TX_IRQHandler
 .text.UART0_ERR_IRQHandler
                0x00003008        0x8 ./SDK/startup/startup_mk64f12.o
                0x00003008                UART0_ERR_IRQHandler
 .text.UART1_RX_TX_IRQHandler
                0x00003010        0x8 ./SDK/startup/startup_mk64f12.o
                0x00003010                UART1_RX_TX_IRQHandler
 .text.UART1_ERR_IRQHandler
                0x00003018        0x8 ./SDK/startup/startup_mk64f12.o
                0x00003018                UART1_ERR_IRQHandler
 .text.UART2_RX_TX_IRQHandler
                0x00003020        0x8 ./SDK/startup/startup_mk64f12.o
                0x00003020                UART2_RX_TX_IRQHandler
 .text.UART2_ERR_IRQHandler
                0x00003028        0x8 ./SDK/startup/startup_mk64f12.o
                0x00003028                UART2_ERR_IRQHandler
 .text.UART3_RX_TX_IRQHandler
                0x00003030        0x8 ./SDK/startup/startup_mk64f12.o
                0x00003030                UART3_RX_TX_IRQHandler
 .text.UART3_ERR_IRQHandler
                0x00003038        0x8 ./SDK/startup/startup_mk64f12.o
                0x00003038                UART3_ERR_IRQHandler
 .text.ADC0_IRQHandler
                0x00003040        0x8 ./SDK/startup/startup_mk64f12.o
                0x00003040                ADC0_IRQHandler
 .text.CMP0_IRQHandler
                0x00003048        0x8 ./SDK/startup/startup_mk64f12.o
                0x00003048                CMP0_IRQHandler
 .text.CMP1_IRQHandler
                0x00003050        0x8 ./SDK/startup/startup_mk64f12.o
                0x00003050                CMP1_IRQHandler
 .text.FTM0_IRQHandler
                0x00003058        0x8 ./SDK/startup/startup_mk64f12.o
                0x00003058                FTM0_IRQHandler
 .text.FTM1_IRQHandler
                0x00003060        0x8 ./SDK/startup/startup_mk64f12.o
                0x00003060                FTM1_IRQHandler
 .text.FTM2_IRQHandler
                0x00003068        0x8 ./SDK/startup/startup_mk64f12.o
                0x00003068                FTM2_IRQHandler
 .text.CMT_IRQHandler
                0x00003070        0x8 ./SDK/startup/startup_mk64f12.o
                0x00003070                CMT_IRQHandler
 .text.RTC_IRQHandler
                0x00003078        0x8 ./SDK/startup/startup_mk64f12.o
                0x00003078                RTC_IRQHandler
 .text.RTC_Seconds_IRQHandler
                0x00003080        0x8 ./SDK/startup/startup_mk64f12.o
                0x00003080                RTC_Seconds_IRQHandler
 .text.PIT0_IRQHandler
                0x00003088        0x8 ./SDK/startup/startup_mk64f12.o
                0x00003088                PIT0_IRQHandler
 .text.PIT1_IRQHandler
                0x00003090        0x8 ./SDK/startup/startup_mk64f12.o
                0x00003090                PIT1_IRQHandler
 .text.PIT2_IRQHandler
                0x00003098        0x8 ./SDK/startup/startup_mk64f12.o
                0x00003098                PIT2_IRQHandler
 .text.PIT3_IRQHandler
                0x000030a0        0x8 ./SDK/startup/startup_mk64f12.o
                0x000030a0                PIT3_IRQHandler
 .text.PDB0_IRQHandler
                0x000030a8        0x8 ./SDK/startup/startup_mk64f12.o
                0x000030a8                PDB0_IRQHandler
 .text.USB0_IRQHandler
                0x000030b0        0x8 ./SDK/startup/startup_mk64f12.o
                0x000030b0                USB0_IRQHandler
 .text.USBDCD_IRQHandler
                0x000030b8        0x8 ./SDK/startup/startup_mk64f12.o
                0x000030b8                USBDCD_IRQHandler
 .text.Reserved71_IRQHandler
                0x000030c0        0x8 ./SDK/startup/startup_mk64f12.o
                0x000030c0                Reserved71_IRQHandler
 .text.DAC0_IRQHandler
                0x000030c8        0x8 ./SDK/startup/startup_mk64f12.o
                0x000030c8                DAC0_IRQHandler
 .text.MCG_IRQHandler
                0x000030d0        0x8 ./SDK/startup/startup_mk64f12.o
                0x000030d0                MCG_IRQHandler
 .text.LPTMR0_IRQHandler
                0x000030d8        0x8 ./SDK/startup/startup_mk64f12.o
                0x000030d8                LPTMR0_IRQHandler
 .text.PORTE_IRQHandler
                0x000030e0        0x8 ./SDK/startup/startup_mk64f12.o
                0x000030e0                PORTE_IRQHandler
 .text.SWI_IRQHandler
                0x000030e8        0x8 ./SDK/startup/startup_mk64f12.o
                0x000030e8                SWI_IRQHandler
 .text.SPI2_IRQHandler
                0x000030f0        0x8 ./SDK/startup/startup_mk64f12.o
                0x000030f0                SPI2_IRQHandler
 .text.UART4_RX_TX_IRQHandler
                0x000030f8        0x8 ./SDK/startup/startup_mk64f12.o
                0x000030f8                UART4_RX_TX_IRQHandler
 .text.UART4_ERR_IRQHandler
                0x00003100        0x8 ./SDK/startup/startup_mk64f12.o
                0x00003100                UART4_ERR_IRQHandler
 .text.UART5_RX_TX_IRQHandler
                0x00003108        0x8 ./SDK/startup/startup_mk64f12.o
                0x00003108                UART5_RX_TX_IRQHandler
 .text.UART5_ERR_IRQHandler
                0x00003110        0x8 ./SDK/startup/startup_mk64f12.o
                0x00003110                UART5_ERR_IRQHandler
 .text.CMP2_IRQHandler
                0x00003118        0x8 ./SDK/startup/startup_mk64f12.o
                0x00003118                CMP2_IRQHandler
 .text.FTM3_IRQHandler
                0x00003120        0x8 ./SDK/startup/startup_mk64f12.o
                0x00003120                FTM3_IRQHandler
 .text.DAC1_IRQHandler
                0x00003128        0x8 ./SDK/startup/startup_mk64f12.o
                0x00003128                DAC1_IRQHandler
 .text.ADC1_IRQHandler
                0x00003130        0x8 ./SDK/startup/startup_mk64f12.o
                0x00003130                ADC1_IRQHandler
 .text.I2C2_IRQHandler
                0x00003138        0x8 ./SDK/startup/startup_mk64f12.o
                0x00003138                I2C2_IRQHandler
 .text.CAN0_ORed_Message_buffer_IRQHandler
                0x00003140        0x8 ./SDK/startup/startup_mk64f12.o
                0x00003140                CAN0_ORed_Message_buffer_IRQHandler
 .text.CAN0_Bus_Off_IRQHandler
                0x00003148        0x8 ./SDK/startup/startup_mk64f12.o
                0x00003148                CAN0_Bus_Off_IRQHandler
 .text.CAN0_Error_IRQHandler
                0x00003150        0x8 ./SDK/startup/startup_mk64f12.o
                0x00003150                CAN0_Error_IRQHandler
 .text.CAN0_Tx_Warning_IRQHandler
                0x00003158        0x8 ./SDK/startup/startup_mk64f12.o
                0x00003158                CAN0_Tx_Warning_IRQHandler
 .text.CAN0_Rx_Warning_IRQHandler
                0x00003160        0x8 ./SDK/startup/startup_mk64f12.o
                0x00003160                CAN0_Rx_Warning_IRQHandler
 .text.CAN0_Wake_Up_IRQHandler
                0x00003168        0x8 ./SDK/startup/startup_mk64f12.o
                0x00003168                CAN0_Wake_Up_IRQHandler
 .text.SDHC_IRQHandler
                0x00003170        0x8 ./SDK/startup/startup_mk64f12.o
                0x00003170                SDHC_IRQHandler
 .text.ENET_1588_Timer_IRQHandler
                0x00003178        0x8 ./SDK/startup/startup_mk64f12.o
                0x00003178                ENET_1588_Timer_IRQHandler
 .text.ENET_Transmit_IRQHandler
                0x00003180        0x8 ./SDK/startup/startup_mk64f12.o
                0x00003180                ENET_Transmit_IRQHandler
 .text.ENET_Receive_IRQHandler
                0x00003188        0x8 ./SDK/startup/startup_mk64f12.o
                0x00003188                ENET_Receive_IRQHandler
 .text.ENET_Error_IRQHandler
                0x00003190        0x8 ./SDK/startup/startup_mk64f12.o
                0x00003190                ENET_Error_IRQHandler
 .text.SystemInitHook
                0x00003198        0xe ./SDK/CMSIS/system_MK64F12.o
                0x00003198                SystemInitHook
 *(SORT_BY_ALIGNMENT(.rodata) SORT_BY_ALIGNMENT(.rodata.*) SORT_BY_ALIGNMENT(.constdata) SORT_BY_ALIGNMENT(.constdata.*))
 *fill*         0x000031a6        0x2 ff
 .rodata        0x000031a8       0x12 ./source/database.o
 *fill*         0x000031ba        0x2 ff
 .rodata        0x000031bc       0x21 ./source/displayWrapper.o
                0x000031e0                . = ALIGN (0x8)
 *fill*         0x000031dd        0x3 ff

.glue_7         0x000031e0        0x0
 .glue_7        0x000031e0        0x0 linker stubs

.glue_7t        0x000031e0        0x0
 .glue_7t       0x000031e0        0x0 linker stubs

.vfp11_veneer   0x000031e0        0x0
 .vfp11_veneer  0x000031e0        0x0 linker stubs

.v4_bx          0x000031e0        0x0
 .v4_bx         0x000031e0        0x0 linker stubs

.iplt           0x000031e0        0x0
 .iplt          0x000031e0        0x0 ./source/App.o

.rel.dyn        0x000031e0        0x0
 .rel.iplt      0x000031e0        0x0 ./source/App.o

.ARM.extab
 *(SORT_BY_ALIGNMENT(.ARM.extab*) SORT_BY_ALIGNMENT(.gnu.linkonce.armextab.*))
                0x000031e0                __exidx_start = .

.ARM.exidx
 *(SORT_BY_ALIGNMENT(.ARM.exidx*) SORT_BY_ALIGNMENT(.gnu.linkonce.armexidx.*))
                0x000031e0                __exidx_end = .
                0x000031e0                _etext = .

.m_usb_data
 *(SORT_BY_ALIGNMENT(m_usb_bdt))

.data_RAM2      0x1fff0000        0x0 load address 0x000031e0
 FILL mask 0xff
                [!provide]                PROVIDE (__start_data_RAM2, .)
 *(SORT_BY_ALIGNMENT(.ramfunc.$RAM2))
 *(SORT_BY_ALIGNMENT(.ramfunc.$SRAM_LOWER))
 *(SORT_BY_ALIGNMENT(.data.$RAM2*))
 *(SORT_BY_ALIGNMENT(.data.$SRAM_LOWER*))
                0x1fff0000                . = ALIGN (0x8)
                [!provide]                PROVIDE (__end_data_RAM2, .)

.data_RAM3      0x14000000        0x0 load address 0x000031e0
 FILL mask 0xff
                [!provide]                PROVIDE (__start_data_RAM3, .)
 *(SORT_BY_ALIGNMENT(.ramfunc.$RAM3))
 *(SORT_BY_ALIGNMENT(.ramfunc.$FLEX_RAM))
 *(SORT_BY_ALIGNMENT(.data.$RAM3*))
 *(SORT_BY_ALIGNMENT(.data.$FLEX_RAM*))
                0x14000000                . = ALIGN (0x8)
                [!provide]                PROVIDE (__end_data_RAM3, .)

.uninit_RESERVED
                0x20000000        0x0
 *(SORT_BY_ALIGNMENT(.bss.$RESERVED*))
                0x20000000                . = ALIGN (0x4)
                0x20000000                _end_uninit_RESERVED = .

.data           0x20000000      0x4e0 load address 0x000031e0
 FILL mask 0xff
                0x20000000                _data = .
 *(SORT_BY_ALIGNMENT(vtable))
 *(SORT_BY_ALIGNMENT(.ramfunc*))
 *(SORT_BY_ALIGNMENT(.data*))
 .data.systemTimer
                0x20000000        0x4 ./source/SysTick.o
 .data.msj      0x20000004        0x4 ./source/display.o
 .data.boca_state
                0x20000008       0x84 ./source/fsmtable.o
                0x20000008                boca_state
 .data.setLuminosity_state
                0x2000008c       0x84 ./source/fsmtable.o
                0x2000008c                setLuminosity_state
 .data.waitCard_state
                0x20000110       0x84 ./source/fsmtable.o
                0x20000110                waitCard_state
 .data.waitID_state
                0x20000194       0x84 ./source/fsmtable.o
                0x20000194                waitID_state
 .data.idValidation_state
                0x20000218       0x84 ./source/fsmtable.o
                0x20000218                idValidation_state
 .data.displayID_state
                0x2000029c       0x84 ./source/fsmtable.o
                0x2000029c                displayID_state
 .data.waitPIN_state
                0x20000320       0x84 ./source/fsmtable.o
                0x20000320                waitPIN_state
 .data.PINValidation_state
                0x200003a4       0x84 ./source/fsmtable.o
                0x200003a4                PINValidation_state
 .data.enter_state
                0x20000428       0x84 ./source/fsmtable.o
                0x20000428                enter_state
 .data.gpios_ptr
                0x200004ac       0x14 ./source/gpio.o
 .data.ports_p  0x200004c0       0x14 ./source/gpio.o
 .data.sim      0x200004d4        0x4 ./source/gpio.o
 .data.Brightness
                0x200004d8        0x1 ./source/display.o
 .data.dondepuntito
                0x200004d9        0x1 ./source/display.o
 .data.nextState
                0x200004da        0x1 ./source/encoder.o
                0x200004e0                . = ALIGN (0x8)
 *fill*         0x200004db        0x5 ff
                0x200004e0                _edata = .

.igot.plt       0x200004e0        0x0 load address 0x000036c0
 .igot.plt      0x200004e0        0x0 ./source/App.o

.bss_RAM2       0x1fff0000        0x0
                [!provide]                PROVIDE (__start_bss_RAM2, .)
 *(SORT_BY_ALIGNMENT(.bss.$RAM2*))
 *(SORT_BY_ALIGNMENT(.bss.$SRAM_LOWER*))
                0x1fff0000                . = ALIGN ((. != 0x0)?0x8:0x1)
                [!provide]                PROVIDE (__end_bss_RAM2, .)

.bss_RAM3       0x14000000        0x0
                [!provide]                PROVIDE (__start_bss_RAM3, .)
 *(SORT_BY_ALIGNMENT(.bss.$RAM3*))
 *(SORT_BY_ALIGNMENT(.bss.$FLEX_RAM*))
                0x14000000                . = ALIGN ((. != 0x0)?0x8:0x1)
                [!provide]                PROVIDE (__end_bss_RAM3, .)

.bss            0x200004e0      0x5f8
                0x200004e0                _bss = .
 *(SORT_BY_ALIGNMENT(.bss*))
 .bss.SysTickFunction
                0x200004e0        0x4 ./source/SysTick.o
 .bss.rollmsj   0x200004e4       0x28 ./source/display.o
 .bss.buffermsj
                0x2000050c        0x4 ./source/display.o
 .bss.ControlSegment
                0x20000510       0x10 ./source/display.o
                0x20000510                ControlSegment
 .bss.Selection
                0x20000520        0x4 ./source/display.o
                0x20000520                Selection
 .bss.internalTimer
                0x20000524        0x4 ./source/encoder.o
 .bss.edgeDetector
                0x20000528        0x6 ./source/encoder.o
 *fill*         0x2000052e        0x2 
 .bss.irq_pointers
                0x20000530      0x280 ./source/gpio.o
 .bss.TRACK2    0x200007b0      0x190 ./source/reader.o
 .bss.timers    0x20000940      0x180 ./source/timer.o
 .bss.__LDM_interruptDisableCount
                0x20000ac0        0x4 ./SDK/startup/hardware.o
 .bss.MsjLine   0x20000ac4        0x1 ./source/display.o
 .bss.rollstatus
                0x20000ac5        0x1 ./source/display.o
 .bss.rollIndex
                0x20000ac6        0x1 ./source/display.o
 .bss.BrightnessMsjLine
                0x20000ac7        0x1 ./source/display.o
 .bss.BrightnessValue
                0x20000ac8        0x1 ./source/display.o
                0x20000ac8                BrightnessValue
 .bss.doorJustClosed
                0x20000ac9        0x1 ./source/door.o
 .bss.doorState
                0x20000aca        0x1 ./source/door.o
 .bss.newEvent  0x20000acb        0x1 ./source/encoder.o
 .bss.bitCounter
                0x20000acc        0x1 ./source/reader.o
 .bss.bitData   0x20000acd        0x1 ./source/reader.o
 .bss.dataCounter
                0x20000ace        0x1 ./source/reader.o
 .bss.myPort    0x20000acf        0x1 ./source/reader.o
 .bss.myClockPin
                0x20000ad0        0x1 ./source/reader.o
 .bss.myEnablePin
                0x20000ad1        0x1 ./source/reader.o
 .bss.myDataPin
                0x20000ad2        0x1 ./source/reader.o
 .bss.end       0x20000ad3        0x1 ./source/reader.o
 .bss.enable    0x20000ad4        0x1 ./source/reader.o
 .bss.timers_cant
                0x20000ad5        0x1 ./source/timer.o
 .bss.yaInit.5609
                0x20000ad6        0x1 ./source/timer.o
 *(SORT_BY_ALIGNMENT(COMMON))
                0x20000ad8                . = ALIGN (0x8)
 *fill*         0x20000ad7        0x1 
                0x20000ad8                _ebss = .
                [!provide]                PROVIDE (end, .)

.noinit_RAM2    0x1fff0000        0x0
 *(SORT_BY_ALIGNMENT(.noinit.$RAM2*))
 *(SORT_BY_ALIGNMENT(.noinit.$SRAM_LOWER*))
                0x1fff0000                . = ALIGN (0x8)

.noinit_RAM3    0x14000000        0x0
 *(SORT_BY_ALIGNMENT(.noinit.$RAM3*))
 *(SORT_BY_ALIGNMENT(.noinit.$FLEX_RAM*))
                0x14000000                . = ALIGN (0x8)

.noinit         0x20000ad8        0x0
                0x20000ad8                _noinit = .
 *(SORT_BY_ALIGNMENT(.noinit*))
                0x20000ad8                . = ALIGN (0x8)
                0x20000ad8                _end_noinit = .
                0x00001000                _HeapSize = 0x1000

.heap           0x20000ad8     0x1000
                0x20000ad8                _pvHeapStart = .
                0x20001ad8                . = (. + _HeapSize)
 *fill*         0x20000ad8     0x1000 
                0x20001ad8                . = ALIGN (0x8)
                0x20001ad8                _pvHeapLimit = .
                0x00001000                _StackSize = 0x1000

.heap2stackfill
                0x20001ad8     0x1000
                0x20002ad8                . = (. + _StackSize)
 *fill*         0x20001ad8     0x1000 

.stack          0x2002f000        0x0
                0x2002f000                _vStackBase = .
                0x2002f000                . = ALIGN (0x8)
                0x20030000                _vStackTop = (. + _StackSize)
                0x00000000                _image_start = LOADADDR (.text)
                0x000036c0                _image_end = (LOADADDR (.data) + SIZEOF (.data))
                0x000036c0                _image_size = (_image_end - _image_start)
OUTPUT(Blink.axf elf32-littlearm)

.debug_info     0x00000000     0x8f3a
 .debug_info    0x00000000      0xc67 ./source/App.o
 .debug_info    0x00000c67      0x54b ./source/SysTick.o
 .debug_info    0x000011b2      0x1a2 ./source/buffer.o
 .debug_info    0x00001354      0x31b ./source/database.o
 .debug_info    0x0000166f      0xcd7 ./source/display.o
 .debug_info    0x00002346      0xad4 ./source/displayWrapper.o
 .debug_info    0x00002e1a      0x9ff ./source/door.o
 .debug_info    0x00003819      0xb89 ./source/encoder.o
 .debug_info    0x000043a2      0x245 ./source/fsm.o
 .debug_info    0x000045e7     0x103e ./source/fsmtable.o
 .debug_info    0x00005625      0xa02 ./source/gpio.o
 .debug_info    0x00006027      0x36d ./source/reader.o
 .debug_info    0x00006394      0xb27 ./source/timer.o
 .debug_info    0x00006ebb      0x675 ./SDK/startup/hardware.o
 .debug_info    0x00007530      0xb23 ./SDK/startup/main.o
 .debug_info    0x00008053       0x3b ./SDK/startup/semihost_hardfault.o
 .debug_info    0x0000808e      0x8b0 ./SDK/startup/startup_mk64f12.o
 .debug_info    0x0000893e      0x5fc ./SDK/CMSIS/system_MK64F12.o

.debug_abbrev   0x00000000     0x1f40
 .debug_abbrev  0x00000000      0x23e ./source/App.o
 .debug_abbrev  0x0000023e      0x1ae ./source/SysTick.o
 .debug_abbrev  0x000003ec       0xfb ./source/buffer.o
 .debug_abbrev  0x000004e7      0x11a ./source/database.o
 .debug_abbrev  0x00000601      0x2c3 ./source/display.o
 .debug_abbrev  0x000008c4      0x26e ./source/displayWrapper.o
 .debug_abbrev  0x00000b32      0x258 ./source/door.o
 .debug_abbrev  0x00000d8a      0x24d ./source/encoder.o
 .debug_abbrev  0x00000fd7       0xca ./source/fsm.o
 .debug_abbrev  0x000010a1      0x28d ./source/fsmtable.o
 .debug_abbrev  0x0000132e      0x21c ./source/gpio.o
 .debug_abbrev  0x0000154a      0x181 ./source/reader.o
 .debug_abbrev  0x000016cb      0x297 ./source/timer.o
 .debug_abbrev  0x00001962      0x138 ./SDK/startup/hardware.o
 .debug_abbrev  0x00001a9a      0x1dc ./SDK/startup/main.o
 .debug_abbrev  0x00001c76       0x2f ./SDK/startup/semihost_hardfault.o
 .debug_abbrev  0x00001ca5      0x15c ./SDK/startup/startup_mk64f12.o
 .debug_abbrev  0x00001e01      0x13f ./SDK/CMSIS/system_MK64F12.o

.debug_aranges  0x00000000      0x818
 .debug_aranges
                0x00000000       0x38 ./source/App.o
 .debug_aranges
                0x00000038       0x30 ./source/SysTick.o
 .debug_aranges
                0x00000068       0x40 ./source/buffer.o
 .debug_aranges
                0x000000a8       0x48 ./source/database.o
 .debug_aranges
                0x000000f0       0x78 ./source/display.o
 .debug_aranges
                0x00000168       0x48 ./source/displayWrapper.o
 .debug_aranges
                0x000001b0       0x48 ./source/door.o
 .debug_aranges
                0x000001f8       0x40 ./source/encoder.o
 .debug_aranges
                0x00000238       0x20 ./source/fsm.o
 .debug_aranges
                0x00000258       0xb0 ./source/fsmtable.o
 .debug_aranges
                0x00000308       0x70 ./source/gpio.o
 .debug_aranges
                0x00000378       0x68 ./source/reader.o
 .debug_aranges
                0x000003e0       0x68 ./source/timer.o
 .debug_aranges
                0x00000448       0x30 ./SDK/startup/hardware.o
 .debug_aranges
                0x00000478       0x20 ./SDK/startup/main.o
 .debug_aranges
                0x00000498       0x20 ./SDK/startup/semihost_hardfault.o
 .debug_aranges
                0x000004b8      0x330 ./SDK/startup/startup_mk64f12.o
 .debug_aranges
                0x000007e8       0x30 ./SDK/CMSIS/system_MK64F12.o

.debug_ranges   0x00000000      0x710
 .debug_ranges  0x00000000       0x28 ./source/App.o
 .debug_ranges  0x00000028       0x20 ./source/SysTick.o
 .debug_ranges  0x00000048       0x30 ./source/buffer.o
 .debug_ranges  0x00000078       0x38 ./source/database.o
 .debug_ranges  0x000000b0       0x68 ./source/display.o
 .debug_ranges  0x00000118       0x50 ./source/displayWrapper.o
 .debug_ranges  0x00000168       0x38 ./source/door.o
 .debug_ranges  0x000001a0       0x30 ./source/encoder.o
 .debug_ranges  0x000001d0       0x10 ./source/fsm.o
 .debug_ranges  0x000001e0       0xa0 ./source/fsmtable.o
 .debug_ranges  0x00000280       0x60 ./source/gpio.o
 .debug_ranges  0x000002e0       0x58 ./source/reader.o
 .debug_ranges  0x00000338       0x58 ./source/timer.o
 .debug_ranges  0x00000390       0x20 ./SDK/startup/hardware.o
 .debug_ranges  0x000003b0       0x10 ./SDK/startup/main.o
 .debug_ranges  0x000003c0       0x10 ./SDK/startup/semihost_hardfault.o
 .debug_ranges  0x000003d0      0x320 ./SDK/startup/startup_mk64f12.o
 .debug_ranges  0x000006f0       0x20 ./SDK/CMSIS/system_MK64F12.o

.debug_macro    0x00000000    0x13d62
 .debug_macro   0x00000000      0x2eb ./source/App.o
 .debug_macro   0x000002eb      0xa5a ./source/App.o
 .debug_macro   0x00000d45       0x10 ./source/App.o
 .debug_macro   0x00000d55       0x22 ./source/App.o
 .debug_macro   0x00000d77       0x10 ./source/App.o
 .debug_macro   0x00000d87       0x1c ./source/App.o
 .debug_macro   0x00000da3      0x34e ./source/App.o
 .debug_macro   0x000010f1       0x10 ./source/App.o
 .debug_macro   0x00001101       0x5c ./source/App.o
 .debug_macro   0x0000115d       0x1c ./source/App.o
 .debug_macro   0x00001179       0x22 ./source/App.o
 .debug_macro   0x0000119b       0xdf ./source/App.o
 .debug_macro   0x0000127a      0xecf ./source/App.o
 .debug_macro   0x00002149       0x48 ./source/App.o
 .debug_macro   0x00002191     0xe07b ./source/App.o
 .debug_macro   0x0001020c     0x122b ./source/App.o
 .debug_macro   0x00011437       0x16 ./source/App.o
 .debug_macro   0x0001144d       0x3a ./source/App.o
 .debug_macro   0x00011487       0x22 ./source/App.o
 .debug_macro   0x000114a9       0x52 ./source/App.o
 .debug_macro   0x000114fb       0x17 ./source/App.o
 .debug_macro   0x00011512       0x8d ./source/App.o
 .debug_macro   0x0001159f       0x35 ./source/App.o
 .debug_macro   0x000115d4       0x9c ./source/App.o
 .debug_macro   0x00011670       0x16 ./source/App.o
 .debug_macro   0x00011686       0x57 ./source/App.o
 .debug_macro   0x000116dd       0x97 ./source/App.o
 .debug_macro   0x00011774      0x32a ./source/App.o
 .debug_macro   0x00011a9e       0xfd ./source/App.o
 .debug_macro   0x00011b9b       0x10 ./source/App.o
 .debug_macro   0x00011bab       0x58 ./source/App.o
 .debug_macro   0x00011c03       0x1f ./source/App.o
 .debug_macro   0x00011c22       0x43 ./source/App.o
 .debug_macro   0x00011c65       0x20 ./source/App.o
 .debug_macro   0x00011c85      0x18e ./source/App.o
 .debug_macro   0x00011e13       0x10 ./source/App.o
 .debug_macro   0x00011e23       0x6a ./source/App.o
 .debug_macro   0x00011e8d       0x1c ./source/App.o
 .debug_macro   0x00011ea9       0x52 ./source/App.o
 .debug_macro   0x00011efb       0x40 ./source/App.o
 .debug_macro   0x00011f3b       0x10 ./source/App.o
 .debug_macro   0x00011f4b       0x40 ./source/App.o
 .debug_macro   0x00011f8b       0xd7 ./source/App.o
 .debug_macro   0x00012062       0x1c ./source/App.o
 .debug_macro   0x0001207e       0x3d ./source/App.o
 .debug_macro   0x000120bb       0x16 ./source/App.o
 .debug_macro   0x000120d1      0x16f ./source/App.o
 .debug_macro   0x00012240       0x16 ./source/App.o
 .debug_macro   0x00012256       0x16 ./source/App.o
 .debug_macro   0x0001226c       0x35 ./source/App.o
 .debug_macro   0x000122a1       0x16 ./source/App.o
 .debug_macro   0x000122b7       0x29 ./source/App.o
 .debug_macro   0x000122e0       0x28 ./source/App.o
 .debug_macro   0x00012308       0x10 ./source/App.o
 .debug_macro   0x00012318       0xb2 ./source/App.o
 .debug_macro   0x000123ca       0xc8 ./source/SysTick.o
 .debug_macro   0x00012492       0x40 ./source/SysTick.o
 .debug_macro   0x000124d2       0xac ./source/SysTick.o
 .debug_macro   0x0001257e       0x1a ./source/buffer.o
 .debug_macro   0x00012598       0x2a ./source/database.o
 .debug_macro   0x000125c2      0x1b2 ./source/display.o
 .debug_macro   0x00012774      0x10e ./source/display.o
 .debug_macro   0x00012882       0x8d ./source/display.o
 .debug_macro   0x0001290f      0x1d6 ./source/displayWrapper.o
 .debug_macro   0x00012ae5      0x1b2 ./source/door.o
 .debug_macro   0x00012c97      0x289 ./source/encoder.o
 .debug_macro   0x00012f20      0x330 ./source/encoder.o
 .debug_macro   0x00013250       0xd9 ./source/encoder.o
 .debug_macro   0x00013329       0x1c ./source/encoder.o
 .debug_macro   0x00013345       0x32 ./source/fsm.o
 .debug_macro   0x00013377      0x2cf ./source/fsmtable.o
 .debug_macro   0x00013646       0xb8 ./source/gpio.o
 .debug_macro   0x000136fe       0xdc ./source/reader.o
 .debug_macro   0x000137da      0x136 ./source/timer.o
 .debug_macro   0x00013910       0x10 ./source/timer.o
 .debug_macro   0x00013920       0x9c ./SDK/startup/hardware.o
 .debug_macro   0x000139bc      0x2ec ./SDK/startup/main.o
 .debug_macro   0x00013ca8       0x11 ./SDK/startup/semihost_hardfault.o
 .debug_macro   0x00013cb9       0x29 ./SDK/startup/startup_mk64f12.o
 .debug_macro   0x00013ce2       0x80 ./SDK/CMSIS/system_MK64F12.o

.debug_line     0x00000000     0x3bf6
 .debug_line    0x00000000      0x4fc ./source/App.o
 .debug_line    0x000004fc      0x1cd ./source/SysTick.o
 .debug_line    0x000006c9       0xa4 ./source/buffer.o
 .debug_line    0x0000076d      0x196 ./source/database.o
 .debug_line    0x00000903      0x6f2 ./source/display.o
 .debug_line    0x00000ff5      0x3f8 ./source/displayWrapper.o
 .debug_line    0x000013ed      0x3a4 ./source/door.o
 .debug_line    0x00001791      0x51f ./source/encoder.o
 .debug_line    0x00001cb0       0xb7 ./source/fsm.o
 .debug_line    0x00001d67      0x654 ./source/fsmtable.o
 .debug_line    0x000023bb      0x2c1 ./source/gpio.o
 .debug_line    0x0000267c      0x2d4 ./source/reader.o
 .debug_line    0x00002950      0x36d ./source/timer.o
 .debug_line    0x00002cbd      0x1d4 ./SDK/startup/hardware.o
 .debug_line    0x00002e91      0x46d ./SDK/startup/main.o
 .debug_line    0x000032fe       0x59 ./SDK/startup/semihost_hardfault.o
 .debug_line    0x00003357      0x6d8 ./SDK/startup/startup_mk64f12.o
 .debug_line    0x00003a2f      0x1c7 ./SDK/CMSIS/system_MK64F12.o

.debug_str      0x00000000    0x7d829
 .debug_str     0x00000000    0x7bb65 ./source/App.o
                              0x7be79 (size before relaxing)
 .debug_str     0x0007bb65      0x5d1 ./source/SysTick.o
                              0x77916 (size before relaxing)
 .debug_str     0x0007c136       0x55 ./source/buffer.o
                               0x2da5 (size before relaxing)
 .debug_str     0x0007c18b       0x6f ./source/database.o
                               0x2e17 (size before relaxing)
 .debug_str     0x0007c1fa      0x22b ./source/display.o
                              0x7a9f7 (size before relaxing)
 .debug_str     0x0007c425      0x13e ./source/displayWrapper.o
                              0x7a695 (size before relaxing)
 .debug_str     0x0007c563       0x8c ./source/door.o
                              0x7a851 (size before relaxing)
 .debug_str     0x0007c5ef      0x1a9 ./source/encoder.o
                              0x7bdbe (size before relaxing)
 .debug_str     0x0007c798       0x26 ./source/fsm.o
                               0x2f2c (size before relaxing)
 .debug_str     0x0007c7be      0x18e ./source/fsmtable.o
                              0x7bc71 (size before relaxing)
 .debug_str     0x0007c94c      0x1e2 ./source/gpio.o
                              0x77a59 (size before relaxing)
 .debug_str     0x0007cb2e      0x1cd ./source/reader.o
                              0x77506 (size before relaxing)
 .debug_str     0x0007ccfb      0x10f ./source/timer.o
                               0x6e31 (size before relaxing)
 .debug_str     0x0007ce0a      0x178 ./SDK/startup/hardware.o
                              0x771f9 (size before relaxing)
 .debug_str     0x0007cf82       0x29 ./SDK/startup/main.o
                              0x7bb2b (size before relaxing)
 .debug_str     0x0007cfab       0x36 ./SDK/startup/semihost_hardfault.o
                               0x2d33 (size before relaxing)
 .debug_str     0x0007cfe1      0x7e6 ./SDK/startup/startup_mk64f12.o
                               0x35a1 (size before relaxing)
 .debug_str     0x0007d7c7       0x62 ./SDK/CMSIS/system_MK64F12.o
                              0x77108 (size before relaxing)

.comment        0x00000000       0x7e
 .comment       0x00000000       0x7e ./source/App.o
                                 0x7f (size before relaxing)
 .comment       0x0000007e       0x7f ./source/SysTick.o
 .comment       0x0000007e       0x7f ./source/buffer.o
 .comment       0x0000007e       0x7f ./source/database.o
 .comment       0x0000007e       0x7f ./source/display.o
 .comment       0x0000007e       0x7f ./source/displayWrapper.o
 .comment       0x0000007e       0x7f ./source/door.o
 .comment       0x0000007e       0x7f ./source/encoder.o
 .comment       0x0000007e       0x7f ./source/fsm.o
 .comment       0x0000007e       0x7f ./source/fsmtable.o
 .comment       0x0000007e       0x7f ./source/gpio.o
 .comment       0x0000007e       0x7f ./source/reader.o
 .comment       0x0000007e       0x7f ./source/timer.o
 .comment       0x0000007e       0x7f ./SDK/startup/hardware.o
 .comment       0x0000007e       0x7f ./SDK/startup/main.o
 .comment       0x0000007e       0x7f ./SDK/startup/semihost_hardfault.o
 .comment       0x0000007e       0x7f ./SDK/startup/startup_mk64f12.o
 .comment       0x0000007e       0x7f ./SDK/CMSIS/system_MK64F12.o

.ARM.attributes
                0x00000000       0x39
 .ARM.attributes
                0x00000000       0x39 ./source/App.o
 .ARM.attributes
                0x00000039       0x39 ./source/SysTick.o
 .ARM.attributes
                0x00000072       0x39 ./source/buffer.o
 .ARM.attributes
                0x000000ab       0x39 ./source/database.o
 .ARM.attributes
                0x000000e4       0x39 ./source/display.o
 .ARM.attributes
                0x0000011d       0x39 ./source/displayWrapper.o
 .ARM.attributes
                0x00000156       0x39 ./source/door.o
 .ARM.attributes
                0x0000018f       0x39 ./source/encoder.o
 .ARM.attributes
                0x000001c8       0x39 ./source/fsm.o
 .ARM.attributes
                0x00000201       0x39 ./source/fsmtable.o
 .ARM.attributes
                0x0000023a       0x39 ./source/gpio.o
 .ARM.attributes
                0x00000273       0x39 ./source/reader.o
 .ARM.attributes
                0x000002ac       0x39 ./source/timer.o
 .ARM.attributes
                0x000002e5       0x39 ./SDK/startup/hardware.o
 .ARM.attributes
                0x0000031e       0x39 ./SDK/startup/main.o
 .ARM.attributes
                0x00000357       0x39 ./SDK/startup/semihost_hardfault.o
 .ARM.attributes
                0x00000390       0x39 ./SDK/startup/startup_mk64f12.o
 .ARM.attributes
                0x000003c9       0x39 ./SDK/CMSIS/system_MK64F12.o

.debug_frame    0x00000000     0x1908
 .debug_frame   0x00000000       0xa4 ./source/App.o
 .debug_frame   0x000000a4       0x88 ./source/SysTick.o
 .debug_frame   0x0000012c       0xd8 ./source/buffer.o
 .debug_frame   0x00000204      0x100 ./source/database.o
 .debug_frame   0x00000304      0x1b4 ./source/display.o
 .debug_frame   0x000004b8       0xdc ./source/displayWrapper.o
 .debug_frame   0x00000594       0xd0 ./source/door.o
 .debug_frame   0x00000664       0xc0 ./source/encoder.o
 .debug_frame   0x00000724       0x34 ./source/fsm.o
 .debug_frame   0x00000758      0x2c0 ./source/fsmtable.o
 .debug_frame   0x00000a18      0x1d0 ./source/gpio.o
 .debug_frame   0x00000be8      0x164 ./source/reader.o
 .debug_frame   0x00000d4c      0x184 ./source/timer.o
 .debug_frame   0x00000ed0       0x70 ./SDK/startup/hardware.o
 .debug_frame   0x00000f40       0x30 ./SDK/startup/main.o
 .debug_frame   0x00000f70       0x20 ./SDK/startup/semihost_hardfault.o
 .debug_frame   0x00000f90      0x904 ./SDK/startup/startup_mk64f12.o
 .debug_frame   0x00001894       0x74 ./SDK/CMSIS/system_MK64F12.o
