
Discarded input sections

 .group         0x00000000        0xc ./source/App.o
 .group         0x00000000        0xc ./source/App.o
 .group         0x00000000        0xc ./source/App.o
 .group         0x00000000        0xc ./source/App.o
 .group         0x00000000        0xc ./source/App.o
 .group         0x00000000        0xc ./source/App.o
 .group         0x00000000        0xc ./source/App.o
 .group         0x00000000        0xc ./source/App.o
 .group         0x00000000        0xc ./source/App.o
 .group         0x00000000        0xc ./source/App.o
 .group         0x00000000        0xc ./source/App.o
 .group         0x00000000        0xc ./source/App.o
 .group         0x00000000        0xc ./source/App.o
 .group         0x00000000        0xc ./source/App.o
 .group         0x00000000        0xc ./source/App.o
 .group         0x00000000        0xc ./source/App.o
 .group         0x00000000        0xc ./source/App.o
 .group         0x00000000        0xc ./source/App.o
 .group         0x00000000        0xc ./source/App.o
 .group         0x00000000        0xc ./source/App.o
 .group         0x00000000        0xc ./source/App.o
 .group         0x00000000        0xc ./source/App.o
 .group         0x00000000        0xc ./source/App.o
 .group         0x00000000        0xc ./source/App.o
 .group         0x00000000        0xc ./source/App.o
 .group         0x00000000        0xc ./source/App.o
 .group         0x00000000        0xc ./source/App.o
 .group         0x00000000        0xc ./source/App.o
 .group         0x00000000        0xc ./source/App.o
 .group         0x00000000        0xc ./source/App.o
 .group         0x00000000        0xc ./source/App.o
 .group         0x00000000        0xc ./source/App.o
 .group         0x00000000        0xc ./source/App.o
 .group         0x00000000        0xc ./source/App.o
 .group         0x00000000        0xc ./source/App.o
 .group         0x00000000        0xc ./source/App.o
 .group         0x00000000        0xc ./source/App.o
 .group         0x00000000        0xc ./source/App.o
 .group         0x00000000        0xc ./source/App.o
 .group         0x00000000        0xc ./source/App.o
 .group         0x00000000        0xc ./source/App.o
 .group         0x00000000        0xc ./source/App.o
 .group         0x00000000        0xc ./source/App.o
 .group         0x00000000        0xc ./source/App.o
 .group         0x00000000        0xc ./source/App.o
 .group         0x00000000        0xc ./source/App.o
 .group         0x00000000        0xc ./source/App.o
 .group         0x00000000        0xc ./source/App.o
 .text          0x00000000        0x0 ./source/App.o
 .data          0x00000000        0x0 ./source/App.o
 .bss           0x00000000        0x0 ./source/App.o
 .group         0x00000000        0xc ./source/SysTick.o
 .group         0x00000000        0xc ./source/SysTick.o
 .group         0x00000000        0xc ./source/SysTick.o
 .group         0x00000000        0xc ./source/SysTick.o
 .group         0x00000000        0xc ./source/SysTick.o
 .group         0x00000000        0xc ./source/SysTick.o
 .group         0x00000000        0xc ./source/SysTick.o
 .group         0x00000000        0xc ./source/SysTick.o
 .group         0x00000000        0xc ./source/SysTick.o
 .group         0x00000000        0xc ./source/SysTick.o
 .group         0x00000000        0xc ./source/SysTick.o
 .group         0x00000000        0xc ./source/SysTick.o
 .group         0x00000000        0xc ./source/SysTick.o
 .group         0x00000000        0xc ./source/SysTick.o
 .group         0x00000000        0xc ./source/SysTick.o
 .text          0x00000000        0x0 ./source/SysTick.o
 .data          0x00000000        0x0 ./source/SysTick.o
 .bss           0x00000000        0x0 ./source/SysTick.o
 .debug_macro   0x00000000      0xa5a ./source/SysTick.o
 .debug_macro   0x00000000       0x22 ./source/SysTick.o
 .debug_macro   0x00000000      0x34e ./source/SysTick.o
 .debug_macro   0x00000000       0x10 ./source/SysTick.o
 .debug_macro   0x00000000       0x5c ./source/SysTick.o
 .debug_macro   0x00000000       0x1c ./source/SysTick.o
 .debug_macro   0x00000000       0x22 ./source/SysTick.o
 .debug_macro   0x00000000      0xecf ./source/SysTick.o
 .debug_macro   0x00000000       0x48 ./source/SysTick.o
 .debug_macro   0x00000000     0xe07b ./source/SysTick.o
 .debug_macro   0x00000000     0x122b ./source/SysTick.o
 .debug_macro   0x00000000       0x16 ./source/SysTick.o
 .debug_macro   0x00000000       0xac ./source/SysTick.o
 .group         0x00000000        0xc ./source/buffer.o
 .group         0x00000000        0xc ./source/buffer.o
 .text          0x00000000        0x0 ./source/buffer.o
 .data          0x00000000        0x0 ./source/buffer.o
 .bss           0x00000000        0x0 ./source/buffer.o
 .text.buffer_is_empty
                0x00000000       0x26 ./source/buffer.o
[...]
Memory Configuration

Name             Origin             Length             Attributes
PROGRAM_FLASH    0x00000000         0x00100000         xr
SRAM_UPPER       0x20000000         0x00030000         xrw
SRAM_LOWER       0x1fff0000         0x00010000         xrw
FLEX_RAM         0x14000000         0x00001000         xrw
*default*        0x00000000         0xffffffff

Linker script and memory map

LOAD ./source/App.o
LOAD ./source/SysTick.o
LOAD ./source/buffer.o
LOAD ./source/database.o
LOAD ./source/display.o
LOAD ./source/displayWrapper.o
LOAD ./source/door.o
LOAD ./source/encoder.o
LOAD ./source/fsm.o
LOAD ./source/fsmtable.o
LOAD ./source/gpio.o
LOAD ./source/reader.o
LOAD ./source/timer.o
LOAD ./SDK/startup/hardware.o
LOAD ./SDK/startup/main.o
LOAD ./SDK/startup/semihost_hardfault.o
LOAD ./SDK/startup/startup_mk64f12.o
LOAD ./SDK/CMSIS/system_MK64F12.o
START GROUP
LOAD c:/nxp/mcuxpressoide_10.2.0_759/ide/tools/bin/../lib/gcc/arm-none-eabi/7.2.1/../../../../arm-none-eabi/lib/thumb/v7e-m/fpv4-sp/hard\libcr_c.a
LOAD c:/nxp/mcuxpressoide_10.2.0_759/ide/tools/bin/../lib/gcc/arm-none-eabi/7.2.1/thumb/v7e-m/fpv4-sp/hard\libcr_eabihelpers.a
END GROUP
                0x00000000                __base_PROGRAM_FLASH = 0x0
                0x00000000                __base_Flash = 0x0
                0x00100000                __top_PROGRAM_FLASH = 0x100000
                0x00100000                __top_Flash = 0x100000
                0x20000000                __base_SRAM_UPPER = 0x20000000
                0x20000000                __base_RAM = 0x20000000
                0x20030000                __top_SRAM_UPPER = 0x20030000
                0x20030000                __top_RAM = 0x20030000
                0x1fff0000                __base_SRAM_LOWER = 0x1fff0000
                0x1fff0000                __base_RAM2 = 0x1fff0000
                0x20000000                __top_SRAM_LOWER = 0x20000000
                0x20000000                __top_RAM2 = 0x20000000
                0x14000000                __base_FLEX_RAM = 0x14000000
                0x14000000                __base_RAM3 = 0x14000000
                0x14001000                __top_FLEX_RAM = 0x14001000
                0x14001000                __top_RAM3 = 0x14001000

.text           0x00000000     0x3838
 FILL mask 0xff
                0x00000000                __vectors_start__ = ABSOLUTE (.)
 *(SORT_BY_ALIGNMENT(.isr_vector))
 .isr_vector    0x00000000      0x198 ./SDK/startup/startup_mk64f12.o
                0x00000000                g_pfnVectors
                0x00000000                __Vectors
                0x00000198                . = ALIGN (0x4)
                0x00000198                __section_table_start = .
                0x00000198                __data_section_table = .
                0x00000198        0x4 LONG 0x3838 LOADADDR (.data)
                0x0000019c        0x4 LONG 0x20000000 ADDR (.data)
                0x000001a0        0x4 LONG 0x900 SIZEOF (.data)
                0x000001a4        0x4 LONG 0x3838 LOADADDR (.data_RAM2)
                0x000001a8        0x4 LONG 0x1fff0000 ADDR (.data_RAM2)
                0x000001ac        0x4 LONG 0x0 SIZEOF (.data_RAM2)
                0x000001b0        0x4 LONG 0x3838 LOADADDR (.data_RAM3)
                0x000001b4        0x4 LONG 0x14000000 ADDR (.data_RAM3)
                0x000001b8        0x4 LONG 0x0 SIZEOF (.data_RAM3)
                0x000001bc                __data_section_table_end = .
                0x000001bc                __bss_section_table = .
                0x000001bc        0x4 LONG 0x20000900 ADDR (.bss)
                0x000001c0        0x4 LONG 0x5f8 SIZEOF (.bss)
                0x000001c4        0x4 LONG 0x1fff0000 ADDR (.bss_RAM2)
                0x000001c8        0x4 LONG 0x0 SIZEOF (.bss_RAM2)
                0x000001cc        0x4 LONG 0x14000000 ADDR (.bss_RAM3)
                0x000001d0        0x4 LONG 0x0 SIZEOF (.bss_RAM3)
                0x000001d4                __bss_section_table_end = .
                0x000001d4                __section_table_end = .
 *(SORT_BY_ALIGNMENT(.after_vectors*))
 .after_vectors.reset
                0x000001d4       0x4c ./SDK/startup/startup_mk64f12.o
                0x000001d4                ResetISR
 .after_vectors.init_data
                0x00000220       0x1e ./SDK/startup/startup_mk64f12.o
                0x00000220                data_init
 .after_vectors.init_bss
                0x0000023e       0x12 ./SDK/startup/startup_mk64f12.o
                0x0000023e                bss_init
 .after_vectors
                0x00000250       0x14 ./SDK/startup/startup_mk64f12.o
                0x00000250                NMI_Handler
                0x00000254                MemManage_Handler
                0x00000256                BusFault_Handler
                0x00000258                UsageFault_Handler
                0x0000025a                SVC_Handler
                0x0000025c                DebugMon_Handler
                0x0000025e                PendSV_Handler
                0x00000262                DMA_Error_DriverIRQHandler
                0x00000262                LPTMR0_DriverIRQHandler
                0x00000262                FTM1_DriverIRQHandler
                0x00000262                FTM2_DriverIRQHandler
                0x00000262                PIT2_DriverIRQHandler
                0x00000262                SDHC_DriverIRQHandler
                0x00000262                I2S0_Tx_DriverIRQHandler
                0x00000262                RTC_Seconds_DriverIRQHandler
                0x00000262                DMA6_DriverIRQHandler
                0x00000262                LLWU_DriverIRQHandler
                0x00000262                MCM_DriverIRQHandler
                0x00000262                MCG_DriverIRQHandler
                0x00000262                ENET_1588_Timer_DriverIRQHandler
                0x00000262                I2C2_DriverIRQHandler
                0x00000262                DAC1_DriverIRQHandler
                0x00000262                SPI1_DriverIRQHandler
                0x00000262                CMP1_DriverIRQHandler
                0x00000262                UART5_RX_TX_DriverIRQHandler
                0x00000262                FTM0_DriverIRQHandler
                0x00000262                IntDefaultHandler
                0x00000262                USB0_DriverIRQHandler
                0x00000262                UART5_ERR_DriverIRQHandler
                0x00000262                PORTC_DriverIRQHandler
                0x00000262                DMA11_DriverIRQHandler
                0x00000262                DAC0_DriverIRQHandler
                0x00000262                DMA10_DriverIRQHandler
                0x00000262                CMP2_DriverIRQHandler
                0x00000262                UART2_ERR_DriverIRQHandler
                0x00000262                SPI2_DriverIRQHandler
                0x00000262                LVD_LVW_DriverIRQHandler
                0x00000262                PIT0_DriverIRQHandler
                0x00000262                RNG_DriverIRQHandler
                0x00000262                DMA5_DriverIRQHandler
                0x00000262                DMA12_DriverIRQHandler
                0x00000262                UART2_RX_TX_DriverIRQHandler
                0x00000262                USBDCD_DriverIRQHandler
                0x00000262                UART3_ERR_DriverIRQHandler
                0x00000262                DMA3_DriverIRQHandler
                0x00000262                DMA8_DriverIRQHandler
                0x00000262                DMA9_DriverIRQHandler
                0x00000262                UART0_ERR_DriverIRQHandler
                0x00000262                CMT_DriverIRQHandler
                0x00000262                Reserved71_DriverIRQHandler
                0x00000262                ADC1_DriverIRQHandler
                0x00000262                PORTA_DriverIRQHandler
                0x00000262                DMA14_DriverIRQHandler
                0x00000262                PIT3_DriverIRQHandler
                0x00000262                PIT1_DriverIRQHandler
                0x00000262                WDOG_EWM_DriverIRQHandler
                0x00000262                PDB0_DriverIRQHandler
                0x00000262                RTC_DriverIRQHandler
                0x00000262                I2S0_Rx_DriverIRQHandler
                0x00000262                Read_Collision_DriverIRQHandler
                0x00000262                SWI_DriverIRQHandler
                0x00000262                UART4_RX_TX_DriverIRQHandler
                0x00000262                UART4_ERR_DriverIRQHandler
                0x00000262                PORTB_DriverIRQHandler
                0x00000262                UART0_LON_DriverIRQHandler
                0x00000262                DMA0_DriverIRQHandler
                0x00000262                DMA1_DriverIRQHandler
                0x00000262                I2C1_DriverIRQHandler
                0x00000262                UART3_RX_TX_DriverIRQHandler
                0x00000262                ENET_Receive_DriverIRQHandler
                0x00000262                DMA13_DriverIRQHandler
                0x00000262                ENET_Error_DriverIRQHandler
                0x00000262                DMA15_DriverIRQHandler
                0x00000262                UART0_RX_TX_DriverIRQHandler
                0x00000262                SPI0_DriverIRQHandler
                0x00000262                ADC0_DriverIRQHandler
                0x00000262                CMP0_DriverIRQHandler
                0x00000262                CAN0_DriverIRQHandler
                0x00000262                FTM3_DriverIRQHandler
                0x00000262                DMA4_DriverIRQHandler
                0x00000262                UART1_ERR_DriverIRQHandler
                0x00000262                DMA2_DriverIRQHandler
                0x00000262                ENET_Transmit_DriverIRQHandler
                0x00000262                PORTD_DriverIRQHandler
                0x00000262                PORTE_DriverIRQHandler
                0x00000262                FTFE_DriverIRQHandler
                0x00000262                I2C0_DriverIRQHandler
                0x00000262                DMA7_DriverIRQHandler
                0x00000262                UART1_RX_TX_DriverIRQHandler
                0x00000400                . = 0x400
 *fill*         0x00000264      0x19c ff
                0x00000400                PROVIDE (__FLASH_CONFIG_START__, .)
 *(SORT_BY_ALIGNMENT(.FlashConfig))
 .FlashConfig   0x00000400       0x10 ./SDK/startup/startup_mk64f12.o
                0x00000400                Flash_Config
                0x00000410                PROVIDE (__FLASH_CONFIG_END__, .)
                0x00000001                ASSERT (! ((__FLASH_CONFIG_START__ == __FLASH_CONFIG_END__)), Linker Flash Config Support Enabled, but no .FlashConfig section provided within application)
 *(SORT_BY_ALIGNMENT(.text*))
 .text.__NVIC_EnableIRQ
                0x00000410       0x3c ./source/SysTick.o
 .text.SysTick_Init
                0x0000044c       0x4c ./source/SysTick.o
                0x0000044c                SysTick_Init
 .text.SysTick_Handler
                0x00000498       0x24 ./source/SysTick.o
                0x00000498                SysTick_Handler
 .text.init_database
                0x000004bc      0x150 ./source/database.o
                0x000004bc                init_database
 .text.inicializarDisplay
                0x0000060c       0xec ./source/display.o
                0x0000060c                inicializarDisplay
 .text.setBrightness
                0x000006f8       0x20 ./source/display.o
                0x000006f8                setBrightness
 .text.ResetDisplay
                0x00000718       0x20 ./source/display.o
                0x00000718                ResetDisplay
 .text.escribir
                0x00000738       0xbc ./source/display.o
 .text.writeBlancSpace
                0x000007f4       0x64 ./source/display.o
 .text.tryRoll  0x00000858       0xa8 ./source/display.o
 .text.setRollData
                0x00000900       0x98 ./source/display.o
                0x00000900                setRollData
 .text.escribirDisplay
                0x00000998       0x54 ./source/display.o
                0x00000998                escribirDisplay
 .text.writeOnSelectors
                0x000009ec       0x40 ./source/display.o
 .text.writeOnDisplay
                0x00000a2c       0xdc ./source/display.o
 .text.place2Selection
                0x00000b08       0x68 ./source/display.o
 .text.val2Segments
                0x00000b70      0x6ac ./source/display.o
 .text.updateDisplay
                0x0000121c      0x128 ./source/displayWrapper.o
                0x0000121c                updateDisplay
 .text.initDoor
                0x00001344       0x3c ./source/door.o
                0x00001344                initDoor
 .text.openDoor
                0x00001380       0x38 ./source/door.o
                0x00001380                openDoor
 .text.closeDoor
                0x000013b8       0x24 ./source/door.o
                0x000013b8                closeDoor
 .text.isDoorJustClosed
                0x000013dc       0x38 ./source/door.o
                0x000013dc                isDoorJustClosed
 .text.initEncoder
                0x00001414       0x64 ./source/encoder.o
                0x00001414                initEncoder
 .text.encoderFSM
                0x00001478      0x150 ./source/encoder.o
 .text.readEvent
                0x000015c8       0x94 ./source/encoder.o
 .text.getFSM_ev
                0x0000165c       0x44 ./source/encoder.o
                0x0000165c                getFSM_ev
 .text.FSM_GetInitState
                0x000016a0       0x3c ./source/fsmtable.o
                0x000016a0                FSM_GetInitState
 .text.__NVIC_EnableIRQ
                0x000016dc       0x3c ./source/gpio.o
 .text.gpioMode
                0x00001718      0x298 ./source/gpio.o
                0x00001718                gpioMode
 .text.gpioWrite
                0x000019b0       0x78 ./source/gpio.o
                0x000019b0                gpioWrite
 .text.gpioRead
                0x00001a28       0x48 ./source/gpio.o
                0x00001a28                gpioRead
 .text.gpioIRQ  0x00001a70       0xcc ./source/gpio.o
                0x00001a70                gpioIRQ
 .text.portIRQ_handler
                0x00001b3c       0x80 ./source/gpio.o
                0x00001b3c                portIRQ_handler
 .text.init_reader
                0x00001bbc       0xd4 ./source/reader.o
                0x00001bbc                init_reader
 .text.set_enable
                0x00001c90       0x40 ./source/reader.o
 .text.clean_enable
                0x00001cd0       0x38 ./source/reader.o
 .text.get_data
                0x00001d08      0x118 ./source/reader.o
 .text.toggle_enable
                0x00001e20       0x44 ./source/reader.o
 .text.check_lrc
                0x00001e64       0x54 ./source/reader.o
 .text.reset_reading
                0x00001eb8       0x38 ./source/reader.o
 .text.get_ID   0x00001ef0       0xb0 ./source/reader.o
                0x00001ef0                get_ID
 .text.timerInit
                0x00001fa0       0x28 ./source/timer.o
                0x00001fa0                timerInit
 .text.timerGetId
                0x00001fc8       0x4c ./source/timer.o
                0x00001fc8                timerGetId
 .text.timerStart
                0x00002014       0xb4 ./source/timer.o
                0x00002014                timerStart
 .text.timerExpired
                0x000020c8       0x4c ./source/timer.o
                0x000020c8                timerExpired
 .text.timer_isr
                0x00002114       0xf4 ./source/timer.o
 .text.hw_Init  0x00002208      0x10c ./SDK/startup/hardware.o
                0x00002208                hw_Init
 .text.hw_EnableInterrupts
                0x00002314       0x30 ./SDK/startup/hardware.o
                0x00002314                hw_EnableInterrupts
 .text.hw_DisableInterrupts
                0x00002344       0x20 ./SDK/startup/hardware.o
                0x00002344                hw_DisableInterrupts
 .text.SystemInit
                0x00002364       0x3c ./SDK/CMSIS/system_MK64F12.o
                0x00002364                SystemInit
 .text.App_Init
                0x000023a0       0x2e ./source/App.o
                0x000023a0                App_Init
 .text.App_Run  0x000023ce       0x3a ./source/App.o
                0x000023ce                App_Run
 .text.get_events
                0x00002408      0x13a ./source/App.o
 .text.init_userdata
                0x00002542       0x80 ./source/App.o
 .text.init_buffer
                0x000025c2       0x28 ./source/buffer.o
                0x000025c2                init_buffer
 .text.push_buffer
                0x000025ea       0x3e ./source/buffer.o
                0x000025ea                push_buffer
 .text.pop_buffer
                0x00002628       0x3e ./source/buffer.o
                0x00002628                pop_buffer
 .text.buffer_is_full
                0x00002666       0x3a ./source/buffer.o
                0x00002666                buffer_is_full
 .text.is_ID_allowed
                0x000026a0       0x7a ./source/database.o
                0x000026a0                is_ID_allowed
 .text.can_add_ID
                0x0000271a       0x94 ./source/database.o
                0x0000271a                can_add_ID
 .text.can_add_PIN
                0x000027ae       0x46 ./source/database.o
                0x000027ae                can_add_PIN
 .text.is_PIN_correct
                0x000027f4       0xf4 ./source/database.o
                0x000027f4                is_PIN_correct
 .text.add_to_whitelist
                0x000028e8       0xce ./source/database.o
                0x000028e8                add_to_whitelist
 .text.ban      0x000029b6       0xde ./source/database.o
                0x000029b6                ban
 .text.init_display
                0x00002a94        0xc ./source/displayWrapper.o
                0x00002a94                init_display
 .text.set_brightness
                0x00002aa0       0x46 ./source/displayWrapper.o
                0x00002aa0                set_brightness
 .text.concatID
                0x00002ae6       0x3a ./source/displayWrapper.o
 .text.openDoor5sec
                0x00002b20       0x10 ./source/door.o
                0x00002b20                openDoor5sec
 .text.detectEdge
                0x00002b30       0x6e ./source/encoder.o
 .text.fsm      0x00002b9e       0x40 ./source/fsm.o
                0x00002b9e                fsm
 .text.setLumin
                0x00002bde       0x24 ./source/fsmtable.o
 .text.increase_luminosity
                0x00002c02       0x2c ./source/fsmtable.o
 .text.decrease_luminosity
                0x00002c2e       0x2c ./source/fsmtable.o
 .text.set_waitCard
                0x00002c5a       0x2a ./source/fsmtable.o
 .text.set_waitID
                0x00002c84       0x28 ./source/fsmtable.o
 .text.displayID
                0x00002cac       0x2a ./source/fsmtable.o
 .text.check_ID
                0x00002cd6       0x30 ./source/fsmtable.o
 .text.set_IDretry
                0x00002d06       0x5c ./source/fsmtable.o
 .text.set_waitPIN
                0x00002d62       0x40 ./source/fsmtable.o
 .text.check_PIN
                0x00002da2       0x3c ./source/fsmtable.o
 .text.set_PINretry
                0x00002dde       0x5c ./source/fsmtable.o
 .text.increase_num
                0x00002e3a       0xfe ./source/fsmtable.o
 .text.switch_left
                0x00002f38       0x5c ./source/fsmtable.o
 .text.switch_right
                0x00002f94       0x6e ./source/fsmtable.o
 .text.open_door
                0x00003002       0x2e ./source/fsmtable.o
 .text.cancel   0x00003030       0x7e ./source/fsmtable.o
 .text.show_ban
                0x000030ae       0x28 ./source/fsmtable.o
 .text.banID    0x000030d6       0x96 ./source/fsmtable.o
 .text.set_IDban
                0x0000316c       0x52 ./source/fsmtable.o
 .text.set_PINadd
                0x000031be       0x5e ./source/fsmtable.o
 .text.show_add
                0x0000321c       0x28 ./source/fsmtable.o
 .text.add_ID   0x00003244       0xa0 ./source/fsmtable.o
 .text.check_addID
                0x000032e4       0x30 ./source/fsmtable.o
 .text.check_addPIN
                0x00003314       0x30 ./source/fsmtable.o
 .text.do_nothing
                0x00003344       0x14 ./source/fsmtable.o
 .text.reset_FSM
                0x00003358       0x7e ./source/fsmtable.o
 .text.PORTA_IRQHandler
                0x000033d6       0x1e ./source/gpio.o
                0x000033d6                PORTA_IRQHandler
 .text.PORTB_IRQHandler
                0x000033f4       0x1e ./source/gpio.o
                0x000033f4                PORTB_IRQHandler
 .text.PORTC_IRQHandler
                0x00003412       0x1e ./source/gpio.o
                0x00003412                PORTC_IRQHandler
 .text.PORTD_IRQHandler
                0x00003430       0x1e ./source/gpio.o
                0x00003430                PORTD_IRQHandler
 .text.set_parity
                0x0000344e       0x66 ./source/reader.o
 .text.clear_parity
                0x000034b4       0x1e ./source/reader.o
 .text.main     0x000034d2       0x34 ./SDK/startup/main.o
                0x000034d2                main
 .text.HardFault_Handler
                0x00003506       0x2c ./SDK/startup/semihost_hardfault.o
                0x00003506                HardFault_Handler
 .text.DMA0_IRQHandler
                0x00003532        0x8 ./SDK/startup/startup_mk64f12.o
                0x00003532                DMA0_IRQHandler
 .text.DMA1_IRQHandler
                0x0000353a        0x8 ./SDK/startup/startup_mk64f12.o
                0x0000353a                DMA1_IRQHandler
 .text.DMA2_IRQHandler
                0x00003542        0x8 ./SDK/startup/startup_mk64f12.o
                0x00003542                DMA2_IRQHandler
 .text.DMA3_IRQHandler
                0x0000354a        0x8 ./SDK/startup/startup_mk64f12.o
                0x0000354a                DMA3_IRQHandler
 .text.DMA4_IRQHandler
                0x00003552        0x8 ./SDK/startup/startup_mk64f12.o
                0x00003552                DMA4_IRQHandler
 .text.DMA5_IRQHandler
                0x0000355a        0x8 ./SDK/startup/startup_mk64f12.o
                0x0000355a                DMA5_IRQHandler
 .text.DMA6_IRQHandler
                0x00003562        0x8 ./SDK/startup/startup_mk64f12.o
                0x00003562                DMA6_IRQHandler
 .text.DMA7_IRQHandler
                0x0000356a        0x8 ./SDK/startup/startup_mk64f12.o
                0x0000356a                DMA7_IRQHandler
 .text.DMA8_IRQHandler
                0x00003572        0x8 ./SDK/startup/startup_mk64f12.o
                0x00003572                DMA8_IRQHandler
 .text.DMA9_IRQHandler
                0x0000357a        0x8 ./SDK/startup/startup_mk64f12.o
                0x0000357a                DMA9_IRQHandler
 .text.DMA10_IRQHandler
                0x00003582        0x8 ./SDK/startup/startup_mk64f12.o
                0x00003582                DMA10_IRQHandler
 .text.DMA11_IRQHandler
                0x0000358a        0x8 ./SDK/startup/startup_mk64f12.o
                0x0000358a                DMA11_IRQHandler
 .text.DMA12_IRQHandler
                0x00003592        0x8 ./SDK/startup/startup_mk64f12.o
                0x00003592                DMA12_IRQHandler
 .text.DMA13_IRQHandler
                0x0000359a        0x8 ./SDK/startup/startup_mk64f12.o
                0x0000359a                DMA13_IRQHandler
 .text.DMA14_IRQHandler
                0x000035a2        0x8 ./SDK/startup/startup_mk64f12.o
                0x000035a2                DMA14_IRQHandler
 .text.DMA15_IRQHandler
                0x000035aa        0x8 ./SDK/startup/startup_mk64f12.o
                0x000035aa                DMA15_IRQHandler
 .text.DMA_Error_IRQHandler
                0x000035b2        0x8 ./SDK/startup/startup_mk64f12.o
                0x000035b2                DMA_Error_IRQHandler
 .text.MCM_IRQHandler
                0x000035ba        0x8 ./SDK/startup/startup_mk64f12.o
                0x000035ba                MCM_IRQHandler
 .text.FTFE_IRQHandler
                0x000035c2        0x8 ./SDK/startup/startup_mk64f12.o
                0x000035c2                FTFE_IRQHandler
 .text.Read_Collision_IRQHandler
                0x000035ca        0x8 ./SDK/startup/startup_mk64f12.o
                0x000035ca                Read_Collision_IRQHandler
 .text.LVD_LVW_IRQHandler
                0x000035d2        0x8 ./SDK/startup/startup_mk64f12.o
                0x000035d2                LVD_LVW_IRQHandler
 .text.LLWU_IRQHandler
                0x000035da        0x8 ./SDK/startup/startup_mk64f12.o
                0x000035da                LLWU_IRQHandler
 .text.WDOG_EWM_IRQHandler
                0x000035e2        0x8 ./SDK/startup/startup_mk64f12.o
                0x000035e2                WDOG_EWM_IRQHandler
 .text.RNG_IRQHandler
                0x000035ea        0x8 ./SDK/startup/startup_mk64f12.o
                0x000035ea                RNG_IRQHandler
 .text.I2C0_IRQHandler
                0x000035f2        0x8 ./SDK/startup/startup_mk64f12.o
                0x000035f2                I2C0_IRQHandler
 .text.I2C1_IRQHandler
                0x000035fa        0x8 ./SDK/startup/startup_mk64f12.o
                0x000035fa                I2C1_IRQHandler
 .text.SPI0_IRQHandler
                0x00003602        0x8 ./SDK/startup/startup_mk64f12.o
                0x00003602                SPI0_IRQHandler
 .text.SPI1_IRQHandler
                0x0000360a        0x8 ./SDK/startup/startup_mk64f12.o
                0x0000360a                SPI1_IRQHandler
 .text.I2S0_Tx_IRQHandler
                0x00003612        0x8 ./SDK/startup/startup_mk64f12.o
                0x00003612                I2S0_Tx_IRQHandler
 .text.I2S0_Rx_IRQHandler
                0x0000361a        0x8 ./SDK/startup/startup_mk64f12.o
                0x0000361a                I2S0_Rx_IRQHandler
 .text.UART0_LON_IRQHandler
                0x00003622        0x8 ./SDK/startup/startup_mk64f12.o
                0x00003622                UART0_LON_IRQHandler
 .text.UART0_RX_TX_IRQHandler
                0x0000362a        0x8 ./SDK/startup/startup_mk64f12.o
                0x0000362a                UART0_RX_TX_IRQHandler
 .text.UART0_ERR_IRQHandler
                0x00003632        0x8 ./SDK/startup/startup_mk64f12.o
                0x00003632                UART0_ERR_IRQHandler
 .text.UART1_RX_TX_IRQHandler
                0x0000363a        0x8 ./SDK/startup/startup_mk64f12.o
                0x0000363a                UART1_RX_TX_IRQHandler
 .text.UART1_ERR_IRQHandler
                0x00003642        0x8 ./SDK/startup/startup_mk64f12.o
                0x00003642                UART1_ERR_IRQHandler
 .text.UART2_RX_TX_IRQHandler
                0x0000364a        0x8 ./SDK/startup/startup_mk64f12.o
                0x0000364a                UART2_RX_TX_IRQHandler
 .text.UART2_ERR_IRQHandler
                0x00003652        0x8 ./SDK/startup/startup_mk64f12.o
                0x00003652                UART2_ERR_IRQHandler
 .text.UART3_RX_TX_IRQHandler
                0x0000365a        0x8 ./SDK/startup/startup_mk64f12.o
                0x0000365a                UART3_RX_TX_IRQHandler
 .text.UART3_ERR_IRQHandler
                0x00003662        0x8 ./SDK/startup/startup_mk64f12.o
                0x00003662                UART3_ERR_IRQHandler
 .text.ADC0_IRQHandler
                0x0000366a        0x8 ./SDK/startup/startup_mk64f12.o
                0x0000366a                ADC0_IRQHandler
 .text.CMP0_IRQHandler
                0x00003672        0x8 ./SDK/startup/startup_mk64f12.o
                0x00003672                CMP0_IRQHandler
 .text.CMP1_IRQHandler
                0x0000367a        0x8 ./SDK/startup/startup_mk64f12.o
                0x0000367a                CMP1_IRQHandler
 .text.FTM0_IRQHandler
                0x00003682        0x8 ./SDK/startup/startup_mk64f12.o
                0x00003682                FTM0_IRQHandler
 .text.FTM1_IRQHandler
                0x0000368a        0x8 ./SDK/startup/startup_mk64f12.o
                0x0000368a                FTM1_IRQHandler
 .text.FTM2_IRQHandler
                0x00003692        0x8 ./SDK/startup/startup_mk64f12.o
                0x00003692                FTM2_IRQHandler
 .text.CMT_IRQHandler
                0x0000369a        0x8 ./SDK/startup/startup_mk64f12.o
                0x0000369a                CMT_IRQHandler
 .text.RTC_IRQHandler
                0x000036a2        0x8 ./SDK/startup/startup_mk64f12.o
                0x000036a2                RTC_IRQHandler
 .text.RTC_Seconds_IRQHandler
                0x000036aa        0x8 ./SDK/startup/startup_mk64f12.o
                0x000036aa                RTC_Seconds_IRQHandler
 .text.PIT0_IRQHandler
                0x000036b2        0x8 ./SDK/startup/startup_mk64f12.o
                0x000036b2                PIT0_IRQHandler
 .text.PIT1_IRQHandler
                0x000036ba        0x8 ./SDK/startup/startup_mk64f12.o
                0x000036ba                PIT1_IRQHandler
 .text.PIT2_IRQHandler
                0x000036c2        0x8 ./SDK/startup/startup_mk64f12.o
                0x000036c2                PIT2_IRQHandler
 .text.PIT3_IRQHandler
                0x000036ca        0x8 ./SDK/startup/startup_mk64f12.o
                0x000036ca                PIT3_IRQHandler
 .text.PDB0_IRQHandler
                0x000036d2        0x8 ./SDK/startup/startup_mk64f12.o
                0x000036d2                PDB0_IRQHandler
 .text.USB0_IRQHandler
                0x000036da        0x8 ./SDK/startup/startup_mk64f12.o
                0x000036da                USB0_IRQHandler
 .text.USBDCD_IRQHandler
                0x000036e2        0x8 ./SDK/startup/startup_mk64f12.o
                0x000036e2                USBDCD_IRQHandler
 .text.Reserved71_IRQHandler
                0x000036ea        0x8 ./SDK/startup/startup_mk64f12.o
                0x000036ea                Reserved71_IRQHandler
 .text.DAC0_IRQHandler
                0x000036f2        0x8 ./SDK/startup/startup_mk64f12.o
                0x000036f2                DAC0_IRQHandler
 .text.MCG_IRQHandler
                0x000036fa        0x8 ./SDK/startup/startup_mk64f12.o
                0x000036fa                MCG_IRQHandler
 .text.LPTMR0_IRQHandler
                0x00003702        0x8 ./SDK/startup/startup_mk64f12.o
                0x00003702                LPTMR0_IRQHandler
 .text.PORTE_IRQHandler
                0x0000370a        0x8 ./SDK/startup/startup_mk64f12.o
                0x0000370a                PORTE_IRQHandler
 .text.SWI_IRQHandler
                0x00003712        0x8 ./SDK/startup/startup_mk64f12.o
                0x00003712                SWI_IRQHandler
 .text.SPI2_IRQHandler
                0x0000371a        0x8 ./SDK/startup/startup_mk64f12.o
                0x0000371a                SPI2_IRQHandler
 .text.UART4_RX_TX_IRQHandler
                0x00003722        0x8 ./SDK/startup/startup_mk64f12.o
                0x00003722                UART4_RX_TX_IRQHandler
 .text.UART4_ERR_IRQHandler
                0x0000372a        0x8 ./SDK/startup/startup_mk64f12.o
                0x0000372a                UART4_ERR_IRQHandler
 .text.UART5_RX_TX_IRQHandler
                0x00003732        0x8 ./SDK/startup/startup_mk64f12.o
                0x00003732                UART5_RX_TX_IRQHandler
 .text.UART5_ERR_IRQHandler
                0x0000373a        0x8 ./SDK/startup/startup_mk64f12.o
                0x0000373a                UART5_ERR_IRQHandler
 .text.CMP2_IRQHandler
                0x00003742        0x8 ./SDK/startup/startup_mk64f12.o
                0x00003742                CMP2_IRQHandler
 .text.FTM3_IRQHandler
                0x0000374a        0x8 ./SDK/startup/startup_mk64f12.o
                0x0000374a                FTM3_IRQHandler
 .text.DAC1_IRQHandler
                0x00003752        0x8 ./SDK/startup/startup_mk64f12.o
                0x00003752                DAC1_IRQHandler
 .text.ADC1_IRQHandler
                0x0000375a        0x8 ./SDK/startup/startup_mk64f12.o
                0x0000375a                ADC1_IRQHandler
 .text.I2C2_IRQHandler
                0x00003762        0x8 ./SDK/startup/startup_mk64f12.o
                0x00003762                I2C2_IRQHandler
 .text.CAN0_ORed_Message_buffer_IRQHandler
                0x0000376a        0x8 ./SDK/startup/startup_mk64f12.o
                0x0000376a                CAN0_ORed_Message_buffer_IRQHandler
 .text.CAN0_Bus_Off_IRQHandler
                0x00003772        0x8 ./SDK/startup/startup_mk64f12.o
                0x00003772                CAN0_Bus_Off_IRQHandler
 .text.CAN0_Error_IRQHandler
                0x0000377a        0x8 ./SDK/startup/startup_mk64f12.o
                0x0000377a                CAN0_Error_IRQHandler
 .text.CAN0_Tx_Warning_IRQHandler
                0x00003782        0x8 ./SDK/startup/startup_mk64f12.o
                0x00003782                CAN0_Tx_Warning_IRQHandler
 .text.CAN0_Rx_Warning_IRQHandler
                0x0000378a        0x8 ./SDK/startup/startup_mk64f12.o
                0x0000378a                CAN0_Rx_Warning_IRQHandler
 .text.CAN0_Wake_Up_IRQHandler
                0x00003792        0x8 ./SDK/startup/startup_mk64f12.o
                0x00003792                CAN0_Wake_Up_IRQHandler
 .text.SDHC_IRQHandler
                0x0000379a        0x8 ./SDK/startup/startup_mk64f12.o
                0x0000379a                SDHC_IRQHandler
 .text.ENET_1588_Timer_IRQHandler
                0x000037a2        0x8 ./SDK/startup/startup_mk64f12.o
                0x000037a2                ENET_1588_Timer_IRQHandler
 .text.ENET_Transmit_IRQHandler
                0x000037aa        0x8 ./SDK/startup/startup_mk64f12.o
                0x000037aa                ENET_Transmit_IRQHandler
 .text.ENET_Receive_IRQHandler
                0x000037b2        0x8 ./SDK/startup/startup_mk64f12.o
                0x000037b2                ENET_Receive_IRQHandler
 .text.ENET_Error_IRQHandler
                0x000037ba        0x8 ./SDK/startup/startup_mk64f12.o
                0x000037ba                ENET_Error_IRQHandler
 .text.SystemInitHook
                0x000037c2        0xe ./SDK/CMSIS/system_MK64F12.o
                0x000037c2                SystemInitHook
 *(SORT_BY_ALIGNMENT(.rodata) SORT_BY_ALIGNMENT(.rodata.*) SORT_BY_ALIGNMENT(.constdata) SORT_BY_ALIGNMENT(.constdata.*))
 .rodata        0x000037d0       0x26 ./source/database.o
 *fill*         0x000037f6        0x2 ff
 .rodata        0x000037f8        0x5 ./source/display.o
 *fill*         0x000037fd        0x3 ff
 .rodata        0x00003800       0x31 ./source/displayWrapper.o
                0x00003838                . = ALIGN (0x8)
 *fill*         0x00003831        0x7 ff

.glue_7         0x00003838        0x0
 .glue_7        0x00003838        0x0 linker stubs

.glue_7t        0x00003838        0x0
 .glue_7t       0x00003838        0x0 linker stubs

.vfp11_veneer   0x00003838        0x0
 .vfp11_veneer  0x00003838        0x0 linker stubs

.v4_bx          0x00003838        0x0
 .v4_bx         0x00003838        0x0 linker stubs

.iplt           0x00003838        0x0
 .iplt          0x00003838        0x0 ./source/App.o

.rel.dyn        0x00003838        0x0
 .rel.iplt      0x00003838        0x0 ./source/App.o

.ARM.extab
 *(SORT_BY_ALIGNMENT(.ARM.extab*) SORT_BY_ALIGNMENT(.gnu.linkonce.armextab.*))
                0x00003838                __exidx_start = .

.ARM.exidx
 *(SORT_BY_ALIGNMENT(.ARM.exidx*) SORT_BY_ALIGNMENT(.gnu.linkonce.armexidx.*))
                0x00003838                __exidx_end = .
                0x00003838                _etext = .

.m_usb_data
 *(SORT_BY_ALIGNMENT(m_usb_bdt))

.data_RAM2      0x1fff0000        0x0 load address 0x00003838
 FILL mask 0xff
                [!provide]                PROVIDE (__start_data_RAM2, .)
 *(SORT_BY_ALIGNMENT(.ramfunc.$RAM2))
 *(SORT_BY_ALIGNMENT(.ramfunc.$SRAM_LOWER))
 *(SORT_BY_ALIGNMENT(.data.$RAM2*))
 *(SORT_BY_ALIGNMENT(.data.$SRAM_LOWER*))
                0x1fff0000                . = ALIGN (0x8)
                [!provide]                PROVIDE (__end_data_RAM2, .)

.data_RAM3      0x14000000        0x0 load address 0x00003838
 FILL mask 0xff
                [!provide]                PROVIDE (__start_data_RAM3, .)
 *(SORT_BY_ALIGNMENT(.ramfunc.$RAM3))
 *(SORT_BY_ALIGNMENT(.ramfunc.$FLEX_RAM))
 *(SORT_BY_ALIGNMENT(.data.$RAM3*))
 *(SORT_BY_ALIGNMENT(.data.$FLEX_RAM*))
                0x14000000                . = ALIGN (0x8)
                [!provide]                PROVIDE (__end_data_RAM3, .)

.uninit_RESERVED
                0x20000000        0x0
 *(SORT_BY_ALIGNMENT(.bss.$RESERVED*))
                0x20000000                . = ALIGN (0x4)
                0x20000000                _end_uninit_RESERVED = .

.data           0x20000000      0x900 load address 0x00003838
 FILL mask 0xff
                0x20000000                _data = .
 *(SORT_BY_ALIGNMENT(vtable))
 *(SORT_BY_ALIGNMENT(.ramfunc*))
 *(SORT_BY_ALIGNMENT(.data*))
 .data.systemTimer
                0x20000000        0x4 ./source/SysTick.o
 .data.msj      0x20000004        0x4 ./source/display.o
 .data.boca_state
                0x20000008       0x84 ./source/fsmtable.o
                0x20000008                boca_state
 .data.setLuminosity_state
                0x2000008c       0x84 ./source/fsmtable.o
                0x2000008c                setLuminosity_state
 .data.waitCard_state
                0x20000110       0x84 ./source/fsmtable.o
                0x20000110                waitCard_state
 .data.waitID_state
                0x20000194       0x84 ./source/fsmtable.o
                0x20000194                waitID_state
 .data.idValidation_state
                0x20000218       0x84 ./source/fsmtable.o
                0x20000218                idValidation_state
 .data.displayID_state
                0x2000029c       0x84 ./source/fsmtable.o
                0x2000029c                displayID_state
 .data.waitPIN_state
                0x20000320       0x84 ./source/fsmtable.o
                0x20000320                waitPIN_state
 .data.PINValidation_state
                0x200003a4       0x84 ./source/fsmtable.o
                0x200003a4                PINValidation_state
 .data.enter_state
                0x20000428       0x84 ./source/fsmtable.o
                0x20000428                enter_state
 .data.show_add_state
                0x200004ac       0x84 ./source/fsmtable.o
                0x200004ac                show_add_state
 .data.wait_ID_2add
                0x20000530       0x84 ./source/fsmtable.o
                0x20000530                wait_ID_2add
 .data.is_ID_addable
                0x200005b4       0x84 ./source/fsmtable.o
                0x200005b4                is_ID_addable
 .data.wait_PIN_2add
                0x20000638       0x84 ./source/fsmtable.o
                0x20000638                wait_PIN_2add
 .data.is_PIN_addable
                0x200006bc       0x84 ./source/fsmtable.o
                0x200006bc                is_PIN_addable
 .data.show_ban_state
                0x20000740       0x84 ./source/fsmtable.o
                0x20000740                show_ban_state
 .data.wait_ID_2ban
                0x200007c4       0x84 ./source/fsmtable.o
                0x200007c4                wait_ID_2ban
 .data.is_bannable_state
                0x20000848       0x84 ./source/fsmtable.o
                0x20000848                is_bannable_state
 .data.gpios_ptr
                0x200008cc       0x14 ./source/gpio.o
 .data.ports_p  0x200008e0       0x14 ./source/gpio.o
 .data.sim      0x200008f4        0x4 ./source/gpio.o
 .data.Brightness
                0x200008f8        0x1 ./source/display.o
 .data.dondepuntito
                0x200008f9        0x1 ./source/display.o
 .data.nextState
                0x200008fa        0x1 ./source/encoder.o
                0x20000900                . = ALIGN (0x8)
 *fill*         0x200008fb        0x5 ff
                0x20000900                _edata = .

.igot.plt       0x20000900        0x0 load address 0x00004138
 .igot.plt      0x20000900        0x0 ./source/App.o

.bss_RAM2       0x1fff0000        0x0
                [!provide]                PROVIDE (__start_bss_RAM2, .)
 *(SORT_BY_ALIGNMENT(.bss.$RAM2*))
 *(SORT_BY_ALIGNMENT(.bss.$SRAM_LOWER*))
                0x1fff0000                . = ALIGN ((. != 0x0)?0x8:0x1)
                [!provide]                PROVIDE (__end_bss_RAM2, .)

.bss_RAM3       0x14000000        0x0
                [!provide]                PROVIDE (__start_bss_RAM3, .)
 *(SORT_BY_ALIGNMENT(.bss.$RAM3*))
 *(SORT_BY_ALIGNMENT(.bss.$FLEX_RAM*))
                0x14000000                . = ALIGN ((. != 0x0)?0x8:0x1)
                [!provide]                PROVIDE (__end_bss_RAM3, .)

.bss            0x20000900      0x5f8
                0x20000900                _bss = .
 *(SORT_BY_ALIGNMENT(.bss*))
 .bss.SysTickFunction
                0x20000900        0x4 ./source/SysTick.o
 .bss.rollmsj   0x20000904       0x28 ./source/display.o
 .bss.buffermsj
                0x2000092c        0x4 ./source/display.o
 .bss.ControlSegment
                0x20000930       0x10 ./source/display.o
                0x20000930                ControlSegment
 .bss.Selection
                0x20000940        0x4 ./source/display.o
                0x20000940                Selection
 .bss.internalTimer
                0x20000944        0x4 ./source/encoder.o
 .bss.edgeDetector
                0x20000948        0x6 ./source/encoder.o
 *fill*         0x2000094e        0x2 
 .bss.irq_pointers
                0x20000950      0x280 ./source/gpio.o
 .bss.TRACK2    0x20000bd0      0x190 ./source/reader.o
 .bss.timers    0x20000d60      0x180 ./source/timer.o
 .bss.__LDM_interruptDisableCount
                0x20000ee0        0x4 ./SDK/startup/hardware.o
 .bss.MsjLine   0x20000ee4        0x1 ./source/display.o
 .bss.rollstatus
                0x20000ee5        0x1 ./source/display.o
 .bss.rollIndex
                0x20000ee6        0x1 ./source/display.o
 .bss.BrightnessMsjLine
                0x20000ee7        0x1 ./source/display.o
 .bss.BrightnessValue
                0x20000ee8        0x1 ./source/display.o
                0x20000ee8                BrightnessValue
 .bss.doorJustClosed
                0x20000ee9        0x1 ./source/door.o
 .bss.doorState
                0x20000eea        0x1 ./source/door.o
 .bss.newEvent  0x20000eeb        0x1 ./source/encoder.o
 .bss.bitCounter
                0x20000eec        0x1 ./source/reader.o
 .bss.bitData   0x20000eed        0x1 ./source/reader.o
 .bss.dataCounter
                0x20000eee        0x1 ./source/reader.o
 .bss.myPort    0x20000eef        0x1 ./source/reader.o
 .bss.myClockPin
                0x20000ef0        0x1 ./source/reader.o
 .bss.myEnablePin
                0x20000ef1        0x1 ./source/reader.o
 .bss.myDataPin
                0x20000ef2        0x1 ./source/reader.o
 .bss.end       0x20000ef3        0x1 ./source/reader.o
 .bss.enable    0x20000ef4        0x1 ./source/reader.o
 .bss.timers_cant
                0x20000ef5        0x1 ./source/timer.o
 .bss.yaInit.5609
                0x20000ef6        0x1 ./source/timer.o
 *(SORT_BY_ALIGNMENT(COMMON))
                0x20000ef8                . = ALIGN (0x8)
 *fill*         0x20000ef7        0x1 
                0x20000ef8                _ebss = .
                [!provide]                PROVIDE (end, .)

.noinit_RAM2    0x1fff0000        0x0
 *(SORT_BY_ALIGNMENT(.noinit.$RAM2*))
 *(SORT_BY_ALIGNMENT(.noinit.$SRAM_LOWER*))
                0x1fff0000                . = ALIGN (0x8)

.noinit_RAM3    0x14000000        0x0
 *(SORT_BY_ALIGNMENT(.noinit.$RAM3*))
 *(SORT_BY_ALIGNMENT(.noinit.$FLEX_RAM*))
                0x14000000                . = ALIGN (0x8)

.noinit         0x20000ef8        0x0
                0x20000ef8                _noinit = .
 *(SORT_BY_ALIGNMENT(.noinit*))
                0x20000ef8                . = ALIGN (0x8)
                0x20000ef8                _end_noinit = .
                0x00001000                _HeapSize = 0x1000

.heap           0x20000ef8     0x1000
                0x20000ef8                _pvHeapStart = .
                0x20001ef8                . = (. + _HeapSize)
 *fill*         0x20000ef8     0x1000 
                0x20001ef8                . = ALIGN (0x8)
                0x20001ef8                _pvHeapLimit = .
                0x00001000                _StackSize = 0x1000

.heap2stackfill
                0x20001ef8     0x1000
                0x20002ef8                . = (. + _StackSize)
 *fill*         0x20001ef8     0x1000 

.stack          0x2002f000        0x0
                0x2002f000                _vStackBase = .
                0x2002f000                . = ALIGN (0x8)
                0x20030000                _vStackTop = (. + _StackSize)
                0x00000000                _image_start = LOADADDR (.text)
                0x00004138                _image_end = (LOADADDR (.data) + SIZEOF (.data))
                0x00004138                _image_size = (_image_end - _image_start)
OUTPUT(Blink.axf elf32-littlearm)

.debug_info     0x00000000     0x8b43
 .debug_info    0x00000000      0xc5c ./source/App.o
 .debug_info    0x00000c5c      0x524 ./source/SysTick.o
 .debug_info    0x00001180      0x1a2 ./source/buffer.o
 .debug_info    0x00001322      0x509 ./source/database.o
 .debug_info    0x0000182b      0xcd5 ./source/display.o
 .debug_info    0x00002500      0x252 ./source/displayWrapper.o
 .debug_info    0x00002752      0x9ff ./source/door.o
 .debug_info    0x00003151      0xb89 ./source/encoder.o
 .debug_info    0x00003cda      0x245 ./source/fsm.o
 .debug_info    0x00003f1f     0x131a ./source/fsmtable.o
 .debug_info    0x00005239      0xa02 ./source/gpio.o
 .debug_info    0x00005c3b      0x36d ./source/reader.o
 .debug_info    0x00005fa8      0xb27 ./source/timer.o
 .debug_info    0x00006acf      0x675 ./SDK/startup/hardware.o
 .debug_info    0x00007144      0xb18 ./SDK/startup/main.o
 .debug_info    0x00007c5c       0x3b ./SDK/startup/semihost_hardfault.o
 .debug_info    0x00007c97      0x8b0 ./SDK/startup/startup_mk64f12.o
 .debug_info    0x00008547      0x5fc ./SDK/CMSIS/system_MK64F12.o

.debug_abbrev   0x00000000     0x1dca
 .debug_abbrev  0x00000000      0x23e ./source/App.o
 .debug_abbrev  0x0000023e      0x194 ./source/SysTick.o
 .debug_abbrev  0x000003d2       0xfb ./source/buffer.o
 .debug_abbrev  0x000004cd      0x11c ./source/database.o
 .debug_abbrev  0x000005e9      0x2db ./source/display.o
 .debug_abbrev  0x000008c4      0x12a ./source/displayWrapper.o
 .debug_abbrev  0x000009ee      0x258 ./source/door.o
 .debug_abbrev  0x00000c46      0x24d ./source/encoder.o
 .debug_abbrev  0x00000e93       0xca ./source/fsm.o
 .debug_abbrev  0x00000f5d      0x25b ./source/fsmtable.o
 .debug_abbrev  0x000011b8      0x21c ./source/gpio.o
 .debug_abbrev  0x000013d4      0x181 ./source/reader.o
 .debug_abbrev  0x00001555      0x297 ./source/timer.o
 .debug_abbrev  0x000017ec      0x138 ./SDK/startup/hardware.o
 .debug_abbrev  0x00001924      0x1dc ./SDK/startup/main.o
 .debug_abbrev  0x00001b00       0x2f ./SDK/startup/semihost_hardfault.o
 .debug_abbrev  0x00001b2f      0x15c ./SDK/startup/startup_mk64f12.o
 .debug_abbrev  0x00001c8b      0x13f ./SDK/CMSIS/system_MK64F12.o

.debug_aranges  0x00000000      0x850
 .debug_aranges
                0x00000000       0x38 ./source/App.o
 .debug_aranges
                0x00000038       0x30 ./source/SysTick.o
 .debug_aranges
                0x00000068       0x40 ./source/buffer.o
 .debug_aranges
                0x000000a8       0x50 ./source/database.o
 .debug_aranges
                0x000000f8       0x78 ./source/display.o
 .debug_aranges
                0x00000170       0x38 ./source/displayWrapper.o
 .debug_aranges
                0x000001a8       0x48 ./source/door.o
 .debug_aranges
                0x000001f0       0x40 ./source/encoder.o
 .debug_aranges
                0x00000230       0x20 ./source/fsm.o
 .debug_aranges
                0x00000250       0xf0 ./source/fsmtable.o
 .debug_aranges
                0x00000340       0x70 ./source/gpio.o
 .debug_aranges
                0x000003b0       0x68 ./source/reader.o
 .debug_aranges
                0x00000418       0x68 ./source/timer.o
 .debug_aranges
                0x00000480       0x30 ./SDK/startup/hardware.o
 .debug_aranges
                0x000004b0       0x20 ./SDK/startup/main.o
 .debug_aranges
                0x000004d0       0x20 ./SDK/startup/semihost_hardfault.o
 .debug_aranges
                0x000004f0      0x330 ./SDK/startup/startup_mk64f12.o
 .debug_aranges
                0x00000820       0x30 ./SDK/CMSIS/system_MK64F12.o

.debug_ranges   0x00000000      0x748
 .debug_ranges  0x00000000       0x28 ./source/App.o
 .debug_ranges  0x00000028       0x20 ./source/SysTick.o
 .debug_ranges  0x00000048       0x30 ./source/buffer.o
 .debug_ranges  0x00000078       0x40 ./source/database.o
 .debug_ranges  0x000000b8       0x68 ./source/display.o
 .debug_ranges  0x00000120       0x40 ./source/displayWrapper.o
 .debug_ranges  0x00000160       0x38 ./source/door.o
 .debug_ranges  0x00000198       0x30 ./source/encoder.o
 .debug_ranges  0x000001c8       0x10 ./source/fsm.o
 .debug_ranges  0x000001d8       0xe0 ./source/fsmtable.o
 .debug_ranges  0x000002b8       0x60 ./source/gpio.o
 .debug_ranges  0x00000318       0x58 ./source/reader.o
 .debug_ranges  0x00000370       0x58 ./source/timer.o
 .debug_ranges  0x000003c8       0x20 ./SDK/startup/hardware.o
 .debug_ranges  0x000003e8       0x10 ./SDK/startup/main.o
 .debug_ranges  0x000003f8       0x10 ./SDK/startup/semihost_hardfault.o
 .debug_ranges  0x00000408      0x320 ./SDK/startup/startup_mk64f12.o
 .debug_ranges  0x00000728       0x20 ./SDK/CMSIS/system_MK64F12.o

.debug_macro    0x00000000    0x13a99
 .debug_macro   0x00000000      0x2a9 ./source/App.o
 .debug_macro   0x000002a9      0xa5a ./source/App.o
 .debug_macro   0x00000d03       0x10 ./source/App.o
 .debug_macro   0x00000d13       0x22 ./source/App.o
 .debug_macro   0x00000d35       0x1c ./source/App.o
 .debug_macro   0x00000d51      0x34e ./source/App.o
 .debug_macro   0x0000109f       0x22 ./source/App.o
 .debug_macro   0x000010c1       0x52 ./source/App.o
 .debug_macro   0x00001113       0x17 ./source/App.o
 .debug_macro   0x0000112a       0x8d ./source/App.o
 .debug_macro   0x000011b7       0x35 ./source/App.o
 .debug_macro   0x000011ec       0x9c ./source/App.o
 .debug_macro   0x00001288       0x16 ./source/App.o
 .debug_macro   0x0000129e       0x57 ./source/App.o
 .debug_macro   0x000012f5       0x97 ./source/App.o
 .debug_macro   0x0000138c      0x330 ./source/App.o
 .debug_macro   0x000016bc       0xfd ./source/App.o
 .debug_macro   0x000017b9       0x10 ./source/App.o
 .debug_macro   0x000017c9       0x58 ./source/App.o
 .debug_macro   0x00001821       0x1f ./source/App.o
 .debug_macro   0x00001840       0x43 ./source/App.o
 .debug_macro   0x00001883       0x20 ./source/App.o
 .debug_macro   0x000018a3      0x18e ./source/App.o
 .debug_macro   0x00001a31       0x10 ./source/App.o
 .debug_macro   0x00001a41       0x6a ./source/App.o
 .debug_macro   0x00001aab       0x1c ./source/App.o
 .debug_macro   0x00001ac7       0x52 ./source/App.o
 .debug_macro   0x00001b19       0x40 ./source/App.o
 .debug_macro   0x00001b59       0x10 ./source/App.o
 .debug_macro   0x00001b69       0x40 ./source/App.o
 .debug_macro   0x00001ba9       0xd7 ./source/App.o
 .debug_macro   0x00001c80       0x1c ./source/App.o
 .debug_macro   0x00001c9c       0x3d ./source/App.o
 .debug_macro   0x00001cd9       0x16 ./source/App.o
 .debug_macro   0x00001cef      0x16f ./source/App.o
 .debug_macro   0x00001e5e       0x16 ./source/App.o
 .debug_macro   0x00001e74       0x10 ./source/App.o
 .debug_macro   0x00001e84       0x10 ./source/App.o
 .debug_macro   0x00001e94       0x5c ./source/App.o
 .debug_macro   0x00001ef0       0x1c ./source/App.o
 .debug_macro   0x00001f0c       0x22 ./source/App.o
 .debug_macro   0x00001f2e       0xd9 ./source/App.o
 .debug_macro   0x00002007      0xecf ./source/App.o
 .debug_macro   0x00002ed6       0x48 ./source/App.o
 .debug_macro   0x00002f1e     0xe07b ./source/App.o
 .debug_macro   0x00010f99     0x122b ./source/App.o
 .debug_macro   0x000121c4       0x16 ./source/App.o
 .debug_macro   0x000121da       0x3a ./source/App.o
 .debug_macro   0x00012214       0xac ./source/App.o
 .debug_macro   0x000122c0       0xc8 ./source/SysTick.o
 .debug_macro   0x00012388       0xdf ./source/SysTick.o
 .debug_macro   0x00012467       0x40 ./source/SysTick.o
 .debug_macro   0x000124a7       0x1a ./source/buffer.o
 .debug_macro   0x000124c1       0x29 ./source/database.o
 .debug_macro   0x000124ea       0x16 ./source/database.o
 .debug_macro   0x00012500      0x1b8 ./source/display.o
 .debug_macro   0x000126b8       0x16 ./source/display.o
 .debug_macro   0x000126ce      0x10e ./source/display.o
 .debug_macro   0x000127dc       0x8d ./source/display.o
 .debug_macro   0x00012869      0x32a ./source/display.o
 .debug_macro   0x00012b93       0x16 ./source/display.o
 .debug_macro   0x00012ba9       0x29 ./source/display.o
 .debug_macro   0x00012bd2       0x28 ./source/display.o
 .debug_macro   0x00012bfa       0x64 ./source/displayWrapper.o
 .debug_macro   0x00012c5e      0x1b2 ./source/door.o
 .debug_macro   0x00012e10       0xb2 ./source/door.o
 .debug_macro   0x00012ec2      0x289 ./source/encoder.o
 .debug_macro   0x0001314b       0x1c ./source/encoder.o
 .debug_macro   0x00013167       0x35 ./source/encoder.o
 .debug_macro   0x0001319c       0x2d ./source/fsm.o
 .debug_macro   0x000131c9      0x209 ./source/fsmtable.o
 .debug_macro   0x000133d2       0xb8 ./source/gpio.o
 .debug_macro   0x0001348a       0xe2 ./source/reader.o
 .debug_macro   0x0001356c      0x136 ./source/timer.o
 .debug_macro   0x000136a2       0x10 ./source/timer.o
 .debug_macro   0x000136b2       0x9c ./SDK/startup/hardware.o
 .debug_macro   0x0001374e      0x291 ./SDK/startup/main.o
 .debug_macro   0x000139df       0x11 ./SDK/startup/semihost_hardfault.o
 .debug_macro   0x000139f0       0x29 ./SDK/startup/startup_mk64f12.o
 .debug_macro   0x00013a19       0x80 ./SDK/CMSIS/system_MK64F12.o

.debug_line     0x00000000     0x3a3c
 .debug_line    0x00000000      0x4ce ./source/App.o
 .debug_line    0x000004ce      0x1cb ./source/SysTick.o
 .debug_line    0x00000699       0xa4 ./source/buffer.o
 .debug_line    0x0000073d      0x2af ./source/database.o
 .debug_line    0x000009ec      0x6e6 ./source/display.o
 .debug_line    0x000010d2      0x176 ./source/displayWrapper.o
 .debug_line    0x00001248      0x3a4 ./source/door.o
 .debug_line    0x000015ec      0x51f ./source/encoder.o
 .debug_line    0x00001b0b       0xb7 ./source/fsm.o
 .debug_line    0x00001bc2      0x677 ./source/fsmtable.o
 .debug_line    0x00002239      0x2c1 ./source/gpio.o
 .debug_line    0x000024fa      0x2d5 ./source/reader.o
 .debug_line    0x000027cf      0x36d ./source/timer.o
 .debug_line    0x00002b3c      0x1d4 ./SDK/startup/hardware.o
 .debug_line    0x00002d10      0x434 ./SDK/startup/main.o
 .debug_line    0x00003144       0x59 ./SDK/startup/semihost_hardfault.o
 .debug_line    0x0000319d      0x6d8 ./SDK/startup/startup_mk64f12.o
 .debug_line    0x00003875      0x1c7 ./SDK/CMSIS/system_MK64F12.o

.debug_str      0x00000000    0x7d8eb
 .debug_str     0x00000000    0x7b9da ./source/App.o
                              0x7bcf3 (size before relaxing)
 .debug_str     0x0007b9da      0x5e6 ./source/SysTick.o
                              0x77916 (size before relaxing)
 .debug_str     0x0007bfc0       0x55 ./source/buffer.o
                               0x2da5 (size before relaxing)
 .debug_str     0x0007c015       0x9b ./source/database.o
                               0x2e5c (size before relaxing)
 .debug_str     0x0007c0b0      0x391 ./source/display.o
                              0x7a9f7 (size before relaxing)
 .debug_str     0x0007c441      0x12f ./source/displayWrapper.o
                               0x39b0 (size before relaxing)
 .debug_str     0x0007c570       0x8c ./source/door.o
                              0x7a851 (size before relaxing)
 .debug_str     0x0007c5fc      0x196 ./source/encoder.o
                              0x7bdbe (size before relaxing)
 .debug_str     0x0007c792       0x26 ./source/fsm.o
                               0x2f0e (size before relaxing)
 .debug_str     0x0007c7b8      0x256 ./source/fsmtable.o
                               0x8377 (size before relaxing)
 .debug_str     0x0007ca0e      0x1e2 ./source/gpio.o
                              0x77a59 (size before relaxing)
 .debug_str     0x0007cbf0      0x1cd ./source/reader.o
                              0x77506 (size before relaxing)
 .debug_str     0x0007cdbd      0x10f ./source/timer.o
                               0x6e31 (size before relaxing)
 .debug_str     0x0007cecc      0x178 ./SDK/startup/hardware.o
                              0x771f9 (size before relaxing)
 .debug_str     0x0007d044       0x29 ./SDK/startup/main.o
                              0x7b907 (size before relaxing)
 .debug_str     0x0007d06d       0x36 ./SDK/startup/semihost_hardfault.o
                               0x2d33 (size before relaxing)
 .debug_str     0x0007d0a3      0x7e6 ./SDK/startup/startup_mk64f12.o
                               0x35a1 (size before relaxing)
 .debug_str     0x0007d889       0x62 ./SDK/CMSIS/system_MK64F12.o
                              0x77108 (size before relaxing)

.comment        0x00000000       0x7e
 .comment       0x00000000       0x7e ./source/App.o
                                 0x7f (size before relaxing)
 .comment       0x0000007e       0x7f ./source/SysTick.o
 .comment       0x0000007e       0x7f ./source/buffer.o
 .comment       0x0000007e       0x7f ./source/database.o
 .comment       0x0000007e       0x7f ./source/display.o
 .comment       0x0000007e       0x7f ./source/displayWrapper.o
 .comment       0x0000007e       0x7f ./source/door.o
 .comment       0x0000007e       0x7f ./source/encoder.o
 .comment       0x0000007e       0x7f ./source/fsm.o
 .comment       0x0000007e       0x7f ./source/fsmtable.o
 .comment       0x0000007e       0x7f ./source/gpio.o
 .comment       0x0000007e       0x7f ./source/reader.o
 .comment       0x0000007e       0x7f ./source/timer.o
 .comment       0x0000007e       0x7f ./SDK/startup/hardware.o
 .comment       0x0000007e       0x7f ./SDK/startup/main.o
 .comment       0x0000007e       0x7f ./SDK/startup/semihost_hardfault.o
 .comment       0x0000007e       0x7f ./SDK/startup/startup_mk64f12.o
 .comment       0x0000007e       0x7f ./SDK/CMSIS/system_MK64F12.o

.ARM.attributes
                0x00000000       0x39
 .ARM.attributes
                0x00000000       0x39 ./source/App.o
 .ARM.attributes
                0x00000039       0x39 ./source/SysTick.o
 .ARM.attributes
                0x00000072       0x39 ./source/buffer.o
 .ARM.attributes
                0x000000ab       0x39 ./source/database.o
 .ARM.attributes
                0x000000e4       0x39 ./source/display.o
 .ARM.attributes
                0x0000011d       0x39 ./source/displayWrapper.o
 .ARM.attributes
                0x00000156       0x39 ./source/door.o
 .ARM.attributes
                0x0000018f       0x39 ./source/encoder.o
 .ARM.attributes
                0x000001c8       0x39 ./source/fsm.o
 .ARM.attributes
                0x00000201       0x39 ./source/fsmtable.o
 .ARM.attributes
                0x0000023a       0x39 ./source/gpio.o
 .ARM.attributes
                0x00000273       0x39 ./source/reader.o
 .ARM.attributes
                0x000002ac       0x39 ./source/timer.o
 .ARM.attributes
                0x000002e5       0x39 ./SDK/startup/hardware.o
 .ARM.attributes
                0x0000031e       0x39 ./SDK/startup/main.o
 .ARM.attributes
                0x00000357       0x39 ./SDK/startup/semihost_hardfault.o
 .ARM.attributes
                0x00000390       0x39 ./SDK/startup/startup_mk64f12.o
 .ARM.attributes
                0x000003c9       0x39 ./SDK/CMSIS/system_MK64F12.o

.debug_frame    0x00000000     0x1a14
 .debug_frame   0x00000000       0xa4 ./source/App.o
 .debug_frame   0x000000a4       0x88 ./source/SysTick.o
 .debug_frame   0x0000012c       0xd8 ./source/buffer.o
 .debug_frame   0x00000204      0x12c ./source/database.o
 .debug_frame   0x00000330      0x1b0 ./source/display.o
 .debug_frame   0x000004e0       0x9c ./source/displayWrapper.o
 .debug_frame   0x0000057c       0xd0 ./source/door.o
 .debug_frame   0x0000064c       0xc0 ./source/encoder.o
 .debug_frame   0x0000070c       0x34 ./source/fsm.o
 .debug_frame   0x00000740      0x3e4 ./source/fsmtable.o
 .debug_frame   0x00000b24      0x1d0 ./source/gpio.o
 .debug_frame   0x00000cf4      0x164 ./source/reader.o
 .debug_frame   0x00000e58      0x184 ./source/timer.o
 .debug_frame   0x00000fdc       0x70 ./SDK/startup/hardware.o
 .debug_frame   0x0000104c       0x30 ./SDK/startup/main.o
 .debug_frame   0x0000107c       0x20 ./SDK/startup/semihost_hardfault.o
 .debug_frame   0x0000109c      0x904 ./SDK/startup/startup_mk64f12.o
 .debug_frame   0x000019a0       0x74 ./SDK/CMSIS/system_MK64F12.o
