
Discarded input sections

 .group         0x0000000000000000        0xc ./source/App.o
 .group         0x0000000000000000        0xc ./source/App.o
 .group         0x0000000000000000        0xc ./source/App.o
 .group         0x0000000000000000        0xc ./source/App.o
 .group         0x0000000000000000        0xc ./source/App.o
 .group         0x0000000000000000        0xc ./source/App.o
 .group         0x0000000000000000        0xc ./source/App.o
 .group         0x0000000000000000        0xc ./source/App.o
 .group         0x0000000000000000        0xc ./source/App.o
 .group         0x0000000000000000        0xc ./source/App.o
 .group         0x0000000000000000        0xc ./source/App.o
 .group         0x0000000000000000        0xc ./source/App.o
 .group         0x0000000000000000        0xc ./source/App.o
 .group         0x0000000000000000        0xc ./source/App.o
 .group         0x0000000000000000        0xc ./source/App.o
 .text          0x0000000000000000        0x0 ./source/App.o
 .data          0x0000000000000000        0x0 ./source/App.o
 .bss           0x0000000000000000        0x0 ./source/App.o
 .group         0x0000000000000000        0xc ./source/SysTick.o
 .group         0x0000000000000000        0xc ./source/SysTick.o
 .group         0x0000000000000000        0xc ./source/SysTick.o
 .group         0x0000000000000000        0xc ./source/SysTick.o
 .group         0x0000000000000000        0xc ./source/SysTick.o
 .group         0x0000000000000000        0xc ./source/SysTick.o
 .group         0x0000000000000000        0xc ./source/SysTick.o
 .group         0x0000000000000000        0xc ./source/SysTick.o
 .group         0x0000000000000000        0xc ./source/SysTick.o
 .group         0x0000000000000000        0xc ./source/SysTick.o
 .group         0x0000000000000000        0xc ./source/SysTick.o
 .group         0x0000000000000000        0xc ./source/SysTick.o
 .group         0x0000000000000000        0xc ./source/SysTick.o
 .text          0x0000000000000000        0x0 ./source/SysTick.o
 .data          0x0000000000000000        0x0 ./source/SysTick.o
 .bss           0x0000000000000000        0x0 ./source/SysTick.o
 .text.__NVIC_EnableIRQ
                0x0000000000000000       0x3c ./source/SysTick.o
 .data.systemTimer
                0x0000000000000000        0x4 ./source/SysTick.o
 .text.SysTick_Init
                0x0000000000000000       0x4c ./source/SysTick.o
 .debug_macro   0x0000000000000000      0xa9c ./source/SysTick.o
 .debug_macro   0x0000000000000000       0x22 ./source/SysTick.o
 .debug_macro   0x0000000000000000      0x34e ./source/SysTick.o
 .debug_macro   0x0000000000000000       0x10 ./source/SysTick.o
 .debug_macro   0x0000000000000000       0x5c ./source/SysTick.o
 .debug_macro   0x0000000000000000       0x1c ./source/SysTick.o
 .debug_macro   0x0000000000000000       0x22 ./source/SysTick.o
 .debug_macro   0x0000000000000000       0xdf ./source/SysTick.o
 .debug_macro   0x0000000000000000      0xecf ./source/SysTick.o
 .debug_macro   0x0000000000000000       0x48 ./source/SysTick.o
 .debug_macro   0x0000000000000000     0xe07b ./source/SysTick.o
 .debug_macro   0x0000000000000000     0x122b ./source/SysTick.o
 .debug_macro   0x0000000000000000       0x16 ./source/SysTick.o
 .group         0x0000000000000000        0xc ./source/display.o
 .group         0x0000000000000000        0xc ./source/display.o
 .group         0x0000000000000000        0xc ./source/display.o
 .group         0x0000000000000000        0xc ./source/display.o
 .group         0x0000000000000000        0xc ./source/display.o
 .group         0x0000000000000000        0xc ./source/display.o
 .group         0x0000000000000000        0xc ./source/display.o
 .group         0x0000000000000000        0xc ./source/display.o
 .group         0x0000000000000000        0xc ./source/display.o
 .group         0x0000000000000000        0xc ./source/display.o
 .group         0x0000000000000000        0xc ./source/display.o
 .group         0x0000000000000000        0xc ./source/display.o
 .group         0x0000000000000000        0xc ./source/display.o
 .group         0x0000000000000000        0xc ./source/display.o
 .group         0x0000000000000000        0xc ./source/display.o
 .group         0x0000000000000000        0xc ./source/display.o
 .group         0x0000000000000000        0xc ./source/display.o
 .group         0x0000000000000000        0xc ./source/display.o
 .group         0x0000000000000000        0xc ./source/display.o
 .group         0x0000000000000000        0xc ./source/display.o
 .group         0x0000000000000000        0xc ./source/display.o
 .group         0x0000000000000000        0xc ./source/display.o
 .group         0x0000000000000000        0xc ./source/display.o
 .group         0x0000000000000000        0xc ./source/display.o
 .group         0x0000000000000000        0xc ./source/display.o
 .group         0x0000000000000000        0xc ./source/display.o
 .group         0x0000000000000000        0xc ./source/display.o
 .group         0x0000000000000000        0xc ./source/display.o
 .group         0x0000000000000000        0xc ./source/display.o
 .group         0x0000000000000000        0xc ./source/display.o
 .group         0x0000000000000000        0xc ./source/display.o
 .group         0x0000000000000000        0xc ./source/display.o
 .group         0x0000000000000000        0xc ./source/display.o
 .group         0x0000000000000000        0xc ./source/display.o
 .text          0x0000000000000000        0x0 ./source/display.o
 .data          0x0000000000000000        0x0 ./source/display.o
 .bss           0x0000000000000000        0x0 ./source/display.o
 .data.msj      0x0000000000000000        0x4 ./source/display.o
 .bss.MsjLine   0x0000000000000000        0x1 ./source/display.o
 .bss.rollmsj   0x0000000000000000       0x28 ./source/display.o
 .bss.buffermsj
                0x0000000000000000        0x4 ./source/display.o
 .bss.rollstatus
                0x0000000000000000        0x1 ./source/display.o
 .bss.rollIndex
                0x0000000000000000        0x1 ./source/display.o
 .bss.BrightnessMsjLine
                0x0000000000000000        0x1 ./source/display.o
 .data.Brightness
                0x0000000000000000        0x1 ./source/display.o
 .data.dondepuntito
                0x0000000000000000        0x1 ./source/display.o
 .bss.BrightnessValue
                0x0000000000000000        0x1 ./source/display.o
 .bss.ControlSegment
                0x0000000000000000       0x10 ./source/display.o
 .bss.Selection
                0x0000000000000000        0x4 ./source/display.o
 .bss.ControlLed
                0x0000000000000000        0x4 ./source/display.o
 .text.inicializarDisplay
                0x0000000000000000       0xe8 ./source/display.o
 .text.initLeds
                0x0000000000000000       0x28 ./source/display.o
 .text.setBrightness
                0x0000000000000000       0x20 ./source/display.o
 .text.ResetDisplay
                0x0000000000000000       0x34 ./source/display.o
 .text.escribir
                0x0000000000000000       0xac ./source/display.o
 .text.writeBlancSpace
                0x0000000000000000       0x64 ./source/display.o
 .text.tryRoll  0x0000000000000000       0xa8 ./source/display.o
 .text.setRollData
                0x0000000000000000       0x94 ./source/display.o
 .text.escribirDisplay
                0x0000000000000000       0x54 ./source/display.o
 .text.writeOnSelectors
                0x0000000000000000       0x40 ./source/display.o
 .text.writeOnDisplay
                0x0000000000000000       0xdc ./source/display.o
 .text.escribirLeds
                0x0000000000000000       0x54 ./source/display.o
 .text.place2Selection
                0x0000000000000000       0x68 ./source/display.o
 .text.val2Leds
                0x0000000000000000       0x68 ./source/display.o
 .text.val2Segments
                0x0000000000000000      0x620 ./source/display.o
 .debug_info    0x0000000000000000      0xe72 ./source/display.o
 .debug_abbrev  0x0000000000000000      0x339 ./source/display.o
 .debug_aranges
                0x0000000000000000       0x90 ./source/display.o
 .debug_ranges  0x0000000000000000       0x80 ./source/display.o
 .debug_macro   0x0000000000000000      0x1b2 ./source/display.o
 .debug_macro   0x0000000000000000      0xa9c ./source/display.o
 .debug_macro   0x0000000000000000      0x34e ./source/display.o
 .debug_macro   0x0000000000000000       0x22 ./source/display.o
 .debug_macro   0x0000000000000000       0x10 ./source/display.o
 .debug_macro   0x0000000000000000       0x5c ./source/display.o
 .debug_macro   0x0000000000000000       0x1c ./source/display.o
 .debug_macro   0x0000000000000000       0x22 ./source/display.o
 .debug_macro   0x0000000000000000       0xdf ./source/display.o
 .debug_macro   0x0000000000000000      0xecf ./source/display.o
 .debug_macro   0x0000000000000000       0x48 ./source/display.o
 .debug_macro   0x0000000000000000     0xe07b ./source/display.o
 .debug_macro   0x0000000000000000     0x122b ./source/display.o
 .debug_macro   0x0000000000000000       0x16 ./source/display.o
 .debug_macro   0x0000000000000000       0x3a ./source/display.o
 .debug_macro   0x0000000000000000       0x18 ./source/display.o
 .debug_macro   0x0000000000000000       0x22 ./source/display.o
 .debug_macro   0x0000000000000000       0x58 ./source/display.o
 .debug_macro   0x0000000000000000       0x94 ./source/display.o
 .debug_macro   0x0000000000000000       0x35 ./source/display.o
 .debug_macro   0x0000000000000000       0x34 ./source/display.o
 .debug_macro   0x0000000000000000       0x16 ./source/display.o
 .debug_macro   0x0000000000000000      0x10e ./source/display.o
 .debug_macro   0x0000000000000000       0x8d ./source/display.o
 .debug_macro   0x0000000000000000       0x57 ./source/display.o
 .debug_macro   0x0000000000000000       0x58 ./source/display.o
 .debug_macro   0x0000000000000000       0x1f ./source/display.o
 .debug_macro   0x0000000000000000       0x43 ./source/display.o
 .debug_macro   0x0000000000000000       0x20 ./source/display.o
 .debug_macro   0x0000000000000000      0x18e ./source/display.o
 .debug_macro   0x0000000000000000      0x333 ./source/display.o
 .debug_macro   0x0000000000000000       0x16 ./source/display.o
 .debug_macro   0x0000000000000000       0x29 ./source/display.o
 .debug_macro   0x0000000000000000       0x28 ./source/display.o
 .debug_macro   0x0000000000000000       0x82 ./source/display.o
 .debug_line    0x0000000000000000      0xae1 ./source/display.o
 .debug_str     0x0000000000000000    0x7a965 ./source/display.o
 .comment       0x0000000000000000       0x76 ./source/display.o
 .debug_frame   0x0000000000000000      0x21c ./source/display.o
 .ARM.attributes
                0x0000000000000000       0x34 ./source/display.o
 .group         0x0000000000000000        0xc ./source/displayWrapper.o
 .group         0x0000000000000000        0xc ./source/displayWrapper.o
 .group         0x0000000000000000        0xc ./source/displayWrapper.o
 .group         0x0000000000000000        0xc ./source/displayWrapper.o
 .group         0x0000000000000000        0xc ./source/displayWrapper.o
 .group         0x0000000000000000        0xc ./source/displayWrapper.o
 .group         0x0000000000000000        0xc ./source/displayWrapper.o
 .group         0x0000000000000000        0xc ./source/displayWrapper.o
 .group         0x0000000000000000        0xc ./source/displayWrapper.o
 .group         0x0000000000000000        0xc ./source/displayWrapper.o
 .group         0x0000000000000000        0xc ./source/displayWrapper.o
 .group         0x0000000000000000        0xc ./source/displayWrapper.o
 .group         0x0000000000000000        0xc ./source/displayWrapper.o
 .group         0x0000000000000000        0xc ./source/displayWrapper.o
 .group         0x0000000000000000        0xc ./source/displayWrapper.o
 .group         0x0000000000000000        0xc ./source/displayWrapper.o
 .group         0x0000000000000000        0xc ./source/displayWrapper.o
 .group         0x0000000000000000        0xc ./source/displayWrapper.o
 .group         0x0000000000000000        0xc ./source/displayWrapper.o
 .group         0x0000000000000000        0xc ./source/displayWrapper.o
 .group         0x0000000000000000        0xc ./source/displayWrapper.o
 .group         0x0000000000000000        0xc ./source/displayWrapper.o
 .group         0x0000000000000000        0xc ./source/displayWrapper.o
 .group         0x0000000000000000        0xc ./source/displayWrapper.o
 .group         0x0000000000000000        0xc ./source/displayWrapper.o
 .group         0x0000000000000000        0xc ./source/displayWrapper.o
 .group         0x0000000000000000        0xc ./source/displayWrapper.o
 .group         0x0000000000000000        0xc ./source/displayWrapper.o
 .group         0x0000000000000000        0xc ./source/displayWrapper.o
 .group         0x0000000000000000        0xc ./source/displayWrapper.o
 .group         0x0000000000000000        0xc ./source/displayWrapper.o
 .group         0x0000000000000000        0xc ./source/displayWrapper.o
 .group         0x0000000000000000        0xc ./source/displayWrapper.o
 .group         0x0000000000000000        0xc ./source/displayWrapper.o
 .text          0x0000000000000000        0x0 ./source/displayWrapper.o
 .data          0x0000000000000000        0x0 ./source/displayWrapper.o
 .bss           0x0000000000000000        0x0 ./source/displayWrapper.o
 .data.iddleString
                0x0000000000000000        0x5 ./source/displayWrapper.o
 .rodata        0x0000000000000000       0x11 ./source/displayWrapper.o
 .text.updateDisplay
                0x0000000000000000       0xc4 ./source/displayWrapper.o
 .text.concatID
                0x0000000000000000       0x3a ./source/displayWrapper.o
 .debug_info    0x0000000000000000      0xac8 ./source/displayWrapper.o
 .debug_abbrev  0x0000000000000000      0x293 ./source/displayWrapper.o
 .debug_aranges
                0x0000000000000000       0x28 ./source/displayWrapper.o
 .debug_ranges  0x0000000000000000       0x30 ./source/displayWrapper.o
 .debug_macro   0x0000000000000000      0x1e0 ./source/displayWrapper.o
 .debug_macro   0x0000000000000000      0xa9c ./source/displayWrapper.o
 .debug_macro   0x0000000000000000      0x34e ./source/displayWrapper.o
 .debug_macro   0x0000000000000000       0x22 ./source/displayWrapper.o
 .debug_macro   0x0000000000000000       0x10 ./source/displayWrapper.o
 .debug_macro   0x0000000000000000       0x5c ./source/displayWrapper.o
 .debug_macro   0x0000000000000000       0x1c ./source/displayWrapper.o
 .debug_macro   0x0000000000000000       0x22 ./source/displayWrapper.o
 .debug_macro   0x0000000000000000       0xdf ./source/displayWrapper.o
 .debug_macro   0x0000000000000000      0xecf ./source/displayWrapper.o
 .debug_macro   0x0000000000000000       0x48 ./source/displayWrapper.o
 .debug_macro   0x0000000000000000     0xe07b ./source/displayWrapper.o
 .debug_macro   0x0000000000000000     0x122b ./source/displayWrapper.o
 .debug_macro   0x0000000000000000       0x16 ./source/displayWrapper.o
 .debug_macro   0x0000000000000000       0x3a ./source/displayWrapper.o
 .debug_macro   0x0000000000000000       0x18 ./source/displayWrapper.o
 .debug_macro   0x0000000000000000       0x22 ./source/displayWrapper.o
 .debug_macro   0x0000000000000000       0x58 ./source/displayWrapper.o
 .debug_macro   0x0000000000000000       0x94 ./source/displayWrapper.o
 .debug_macro   0x0000000000000000       0x35 ./source/displayWrapper.o
 .debug_macro   0x0000000000000000       0x34 ./source/displayWrapper.o
 .debug_macro   0x0000000000000000       0x16 ./source/displayWrapper.o
 .debug_macro   0x0000000000000000      0x10e ./source/displayWrapper.o
 .debug_macro   0x0000000000000000       0x8d ./source/displayWrapper.o
 .debug_macro   0x0000000000000000       0x57 ./source/displayWrapper.o
 .debug_macro   0x0000000000000000       0x58 ./source/displayWrapper.o
 .debug_macro   0x0000000000000000       0x1f ./source/displayWrapper.o
 .debug_macro   0x0000000000000000       0x43 ./source/displayWrapper.o
 .debug_macro   0x0000000000000000       0x20 ./source/displayWrapper.o
 .debug_macro   0x0000000000000000      0x18e ./source/displayWrapper.o
 .debug_macro   0x0000000000000000      0x333 ./source/displayWrapper.o
 .debug_macro   0x0000000000000000       0x16 ./source/displayWrapper.o
 .debug_macro   0x0000000000000000       0x29 ./source/displayWrapper.o
 .debug_macro   0x0000000000000000       0x28 ./source/displayWrapper.o
 .debug_macro   0x0000000000000000       0x82 ./source/displayWrapper.o
 .debug_line    0x0000000000000000      0x4f7 ./source/displayWrapper.o
 .debug_str     0x0000000000000000    0x7a79e ./source/displayWrapper.o
 .comment       0x0000000000000000       0x76 ./source/displayWrapper.o
 .debug_frame   0x0000000000000000       0x5c ./source/displayWrapper.o
 .ARM.attributes
                0x0000000000000000       0x34 ./source/displayWrapper.o
 .group         0x0000000000000000        0xc ./source/door.o
 .group         0x0000000000000000        0xc ./source/door.o
 .group         0x0000000000000000        0xc ./source/door.o
 .group         0x0000000000000000        0xc ./source/door.o
 .group         0x0000000000000000        0xc ./source/door.o
 .group         0x0000000000000000        0xc ./source/door.o
 .group         0x0000000000000000        0xc ./source/door.o
 .group         0x0000000000000000        0xc ./source/door.o
 .group         0x0000000000000000        0xc ./source/door.o
 .group         0x0000000000000000        0xc ./source/door.o
 .group         0x0000000000000000        0xc ./source/door.o
 .group         0x0000000000000000        0xc ./source/door.o
 .group         0x0000000000000000        0xc ./source/door.o
 .group         0x0000000000000000        0xc ./source/door.o
 .group         0x0000000000000000        0xc ./source/door.o
 .group         0x0000000000000000        0xc ./source/door.o
 .group         0x0000000000000000        0xc ./source/door.o
 .group         0x0000000000000000        0xc ./source/door.o
 .group         0x0000000000000000        0xc ./source/door.o
 .group         0x0000000000000000        0xc ./source/door.o
 .group         0x0000000000000000        0xc ./source/door.o
 .group         0x0000000000000000        0xc ./source/door.o
 .group         0x0000000000000000        0xc ./source/door.o
 .group         0x0000000000000000        0xc ./source/door.o
 .group         0x0000000000000000        0xc ./source/door.o
 .group         0x0000000000000000        0xc ./source/door.o
 .group         0x0000000000000000        0xc ./source/door.o
 .group         0x0000000000000000        0xc ./source/door.o
 .group         0x0000000000000000        0xc ./source/door.o
 .group         0x0000000000000000        0xc ./source/door.o
 .group         0x0000000000000000        0xc ./source/door.o
 .group         0x0000000000000000        0xc ./source/door.o
 .group         0x0000000000000000        0xc ./source/door.o
 .text          0x0000000000000000        0x0 ./source/door.o
 .data          0x0000000000000000        0x0 ./source/door.o
 .bss           0x0000000000000000        0x0 ./source/door.o
 .bss.doorState
                0x0000000000000000        0x1 ./source/door.o
 .bss.myPin     0x0000000000000000        0x1 ./source/door.o
 .text.initDoor
                0x0000000000000000       0x40 ./source/door.o
 .text.openDoor
                0x0000000000000000       0x40 ./source/door.o
 .text.openDoor5sec
                0x0000000000000000       0x10 ./source/door.o
 .text.closeDoor
                0x0000000000000000       0x24 ./source/door.o
 .text.isDoorOpen
                0x0000000000000000       0x20 ./source/door.o
 .debug_info    0x0000000000000000      0xa5c ./source/door.o
 .debug_abbrev  0x0000000000000000      0x27a ./source/door.o
 .debug_aranges
                0x0000000000000000       0x40 ./source/door.o
 .debug_ranges  0x0000000000000000       0x30 ./source/door.o
 .debug_macro   0x0000000000000000      0x1a9 ./source/door.o
 .debug_macro   0x0000000000000000      0xa9c ./source/door.o
 .debug_macro   0x0000000000000000      0x34e ./source/door.o
 .debug_macro   0x0000000000000000       0x22 ./source/door.o
 .debug_macro   0x0000000000000000       0x10 ./source/door.o
 .debug_macro   0x0000000000000000       0x5c ./source/door.o
 .debug_macro   0x0000000000000000       0x1c ./source/door.o
 .debug_macro   0x0000000000000000       0x22 ./source/door.o
 .debug_macro   0x0000000000000000       0xdf ./source/door.o
 .debug_macro   0x0000000000000000      0xecf ./source/door.o
 .debug_macro   0x0000000000000000       0x48 ./source/door.o
 .debug_macro   0x0000000000000000     0xe07b ./source/door.o
 .debug_macro   0x0000000000000000     0x122b ./source/door.o
 .debug_macro   0x0000000000000000       0x16 ./source/door.o
 .debug_macro   0x0000000000000000       0x3a ./source/door.o
 .debug_macro   0x0000000000000000       0x18 ./source/door.o
 .debug_macro   0x0000000000000000       0x22 ./source/door.o
 .debug_macro   0x0000000000000000       0x58 ./source/door.o
 .debug_macro   0x0000000000000000       0x94 ./source/door.o
 .debug_macro   0x0000000000000000       0x35 ./source/door.o
 .debug_macro   0x0000000000000000       0x34 ./source/door.o
 .debug_macro   0x0000000000000000       0x16 ./source/door.o
 .debug_macro   0x0000000000000000      0x10e ./source/door.o
 .debug_macro   0x0000000000000000       0x8d ./source/door.o
 .debug_macro   0x0000000000000000       0x57 ./source/door.o
 .debug_macro   0x0000000000000000       0x58 ./source/door.o
 .debug_macro   0x0000000000000000       0x1f ./source/door.o
 .debug_macro   0x0000000000000000       0x43 ./source/door.o
 .debug_macro   0x0000000000000000       0x20 ./source/door.o
 .debug_macro   0x0000000000000000      0x18e ./source/door.o
 .debug_macro   0x0000000000000000      0x333 ./source/door.o
 .debug_macro   0x0000000000000000       0x16 ./source/door.o
 .debug_macro   0x0000000000000000       0x29 ./source/door.o
 .debug_macro   0x0000000000000000       0x28 ./source/door.o
 .debug_line    0x0000000000000000      0x4a1 ./source/door.o
 .debug_str     0x0000000000000000    0x7a566 ./source/door.o
 .comment       0x0000000000000000       0x76 ./source/door.o
 .debug_frame   0x0000000000000000       0xb0 ./source/door.o
 .ARM.attributes
                0x0000000000000000       0x34 ./source/door.o
 .group         0x0000000000000000        0xc ./source/encoder.o
 .group         0x0000000000000000        0xc ./source/encoder.o
 .group         0x0000000000000000        0xc ./source/encoder.o
 .group         0x0000000000000000        0xc ./source/encoder.o
 .group         0x0000000000000000        0xc ./source/encoder.o
 .group         0x0000000000000000        0xc ./source/encoder.o
 .group         0x0000000000000000        0xc ./source/encoder.o
 .group         0x0000000000000000        0xc ./source/encoder.o
 .group         0x0000000000000000        0xc ./source/encoder.o
 .group         0x0000000000000000        0xc ./source/encoder.o
 .group         0x0000000000000000        0xc ./source/encoder.o
 .group         0x0000000000000000        0xc ./source/encoder.o
 .group         0x0000000000000000        0xc ./source/encoder.o
 .group         0x0000000000000000        0xc ./source/encoder.o
 .group         0x0000000000000000        0xc ./source/encoder.o
 .group         0x0000000000000000        0xc ./source/encoder.o
 .group         0x0000000000000000        0xc ./source/encoder.o
 .group         0x0000000000000000        0xc ./source/encoder.o
 .group         0x0000000000000000        0xc ./source/encoder.o
 .group         0x0000000000000000        0xc ./source/encoder.o
 .group         0x0000000000000000        0xc ./source/encoder.o
 .group         0x0000000000000000        0xc ./source/encoder.o
 .group         0x0000000000000000        0xc ./source/encoder.o
 .group         0x0000000000000000        0xc ./source/encoder.o
 .group         0x0000000000000000        0xc ./source/encoder.o
 .group         0x0000000000000000        0xc ./source/encoder.o
 .group         0x0000000000000000        0xc ./source/encoder.o
 .group         0x0000000000000000        0xc ./source/encoder.o
 .group         0x0000000000000000        0xc ./source/encoder.o
 .group         0x0000000000000000        0xc ./source/encoder.o
 .group         0x0000000000000000        0xc ./source/encoder.o
 .group         0x0000000000000000        0xc ./source/encoder.o
 .group         0x0000000000000000        0xc ./source/encoder.o
 .group         0x0000000000000000        0xc ./source/encoder.o
 .group         0x0000000000000000        0xc ./source/encoder.o
 .group         0x0000000000000000        0xc ./source/encoder.o
 .group         0x0000000000000000        0xc ./source/encoder.o
 .group         0x0000000000000000        0xc ./source/encoder.o
 .group         0x0000000000000000        0xc ./source/encoder.o
 .group         0x0000000000000000        0xc ./source/encoder.o
 .group         0x0000000000000000        0xc ./source/encoder.o
 .group         0x0000000000000000        0xc ./source/encoder.o
 .group         0x0000000000000000        0xc ./source/encoder.o
 .group         0x0000000000000000        0xc ./source/encoder.o
 .group         0x0000000000000000        0xc ./source/encoder.o
 .group         0x0000000000000000        0xc ./source/encoder.o
 .group         0x0000000000000000        0xc ./source/encoder.o
 .group         0x0000000000000000        0xc ./source/encoder.o
 .group         0x0000000000000000        0xc ./source/encoder.o
 .group         0x0000000000000000        0xc ./source/encoder.o
 .text          0x0000000000000000        0x0 ./source/encoder.o
 .data          0x0000000000000000        0x0 ./source/encoder.o
 .bss           0x0000000000000000        0x0 ./source/encoder.o
 .bss.pins      0x0000000000000000        0x3 ./source/encoder.o
 .bss.nextState
                0x0000000000000000        0x1 ./source/encoder.o
 .bss.newEvent  0x0000000000000000        0x1 ./source/encoder.o
 .bss.internalTimer
                0x0000000000000000        0x4 ./source/encoder.o
 .bss.edgeDetector
                0x0000000000000000        0x6 ./source/encoder.o
 .text.initEncoder
                0x0000000000000000       0x88 ./source/encoder.o
 .text.encoderFSM
                0x0000000000000000      0x168 ./source/encoder.o
 .text.readEvent
                0x0000000000000000       0xa4 ./source/encoder.o
 .text.detectEdge
                0x0000000000000000       0x6e ./source/encoder.o
 .text.getFSM_ev
                0x0000000000000000       0x18 ./source/encoder.o
 .debug_info    0x0000000000000000      0xc87 ./source/encoder.o
 .debug_abbrev  0x0000000000000000      0x298 ./source/encoder.o
 .debug_aranges
                0x0000000000000000       0x40 ./source/encoder.o
 .debug_ranges  0x0000000000000000       0x30 ./source/encoder.o
 .debug_macro   0x0000000000000000      0x289 ./source/encoder.o
 .debug_macro   0x0000000000000000      0xa9c ./source/encoder.o
 .debug_macro   0x0000000000000000      0x34e ./source/encoder.o
 .debug_macro   0x0000000000000000       0x22 ./source/encoder.o
 .debug_macro   0x0000000000000000       0x18 ./source/encoder.o
 .debug_macro   0x0000000000000000       0x22 ./source/encoder.o
 .debug_macro   0x0000000000000000       0x58 ./source/encoder.o
 .debug_macro   0x0000000000000000       0x94 ./source/encoder.o
 .debug_macro   0x0000000000000000       0x35 ./source/encoder.o
 .debug_macro   0x0000000000000000       0x34 ./source/encoder.o
 .debug_macro   0x0000000000000000       0x16 ./source/encoder.o
 .debug_macro   0x0000000000000000      0x10e ./source/encoder.o
 .debug_macro   0x0000000000000000       0x8d ./source/encoder.o
 .debug_macro   0x0000000000000000       0x57 ./source/encoder.o
 .debug_macro   0x0000000000000000       0x58 ./source/encoder.o
 .debug_macro   0x0000000000000000       0x1f ./source/encoder.o
 .debug_macro   0x0000000000000000       0x43 ./source/encoder.o
 .debug_macro   0x0000000000000000       0x20 ./source/encoder.o
 .debug_macro   0x0000000000000000      0x18e ./source/encoder.o
 .debug_macro   0x0000000000000000      0x339 ./source/encoder.o
 .debug_macro   0x0000000000000000       0x16 ./source/encoder.o
 .debug_macro   0x0000000000000000       0x29 ./source/encoder.o
 .debug_macro   0x0000000000000000       0x28 ./source/encoder.o
 .debug_macro   0x0000000000000000       0x10 ./source/encoder.o
 .debug_macro   0x0000000000000000       0x5c ./source/encoder.o
 .debug_macro   0x0000000000000000       0x1c ./source/encoder.o
 .debug_macro   0x0000000000000000       0x22 ./source/encoder.o
 .debug_macro   0x0000000000000000       0xd9 ./source/encoder.o
 .debug_macro   0x0000000000000000      0xecf ./source/encoder.o
 .debug_macro   0x0000000000000000       0x48 ./source/encoder.o
 .debug_macro   0x0000000000000000     0xe07b ./source/encoder.o
 .debug_macro   0x0000000000000000     0x122b ./source/encoder.o
 .debug_macro   0x0000000000000000       0x16 ./source/encoder.o
 .debug_macro   0x0000000000000000       0x3a ./source/encoder.o
 .debug_macro   0x0000000000000000       0x82 ./source/encoder.o
 .debug_macro   0x0000000000000000       0x1c ./source/encoder.o
 .debug_macro   0x0000000000000000       0x35 ./source/encoder.o
 .debug_macro   0x0000000000000000       0x10 ./source/encoder.o
 .debug_macro   0x0000000000000000       0x10 ./source/encoder.o
 .debug_macro   0x0000000000000000       0x6a ./source/encoder.o
 .debug_macro   0x0000000000000000       0x1c ./source/encoder.o
 .debug_macro   0x0000000000000000       0x52 ./source/encoder.o
 .debug_macro   0x0000000000000000       0x40 ./source/encoder.o
 .debug_macro   0x0000000000000000       0x10 ./source/encoder.o
 .debug_macro   0x0000000000000000       0x40 ./source/encoder.o
 .debug_macro   0x0000000000000000       0xd7 ./source/encoder.o
 .debug_macro   0x0000000000000000       0x1c ./source/encoder.o
 .debug_macro   0x0000000000000000       0x3d ./source/encoder.o
 .debug_macro   0x0000000000000000       0x16 ./source/encoder.o
 .debug_macro   0x0000000000000000      0x16f ./source/encoder.o
 .debug_macro   0x0000000000000000       0x10 ./source/encoder.o
 .debug_line    0x0000000000000000      0x70d ./source/encoder.o
 .debug_str     0x0000000000000000    0x7bcc1 ./source/encoder.o
 .comment       0x0000000000000000       0x76 ./source/encoder.o
 .debug_frame   0x0000000000000000       0xb8 ./source/encoder.o
 .ARM.attributes
                0x0000000000000000       0x34 ./source/encoder.o
 .group         0x0000000000000000        0xc ./source/gpio.o
 .group         0x0000000000000000        0xc ./source/gpio.o
 .group         0x0000000000000000        0xc ./source/gpio.o
 .group         0x0000000000000000        0xc ./source/gpio.o
 .group         0x0000000000000000        0xc ./source/gpio.o
 .group         0x0000000000000000        0xc ./source/gpio.o
 .group         0x0000000000000000        0xc ./source/gpio.o
 .group         0x0000000000000000        0xc ./source/gpio.o
 .group         0x0000000000000000        0xc ./source/gpio.o
 .group         0x0000000000000000        0xc ./source/gpio.o
 .group         0x0000000000000000        0xc ./source/gpio.o
 .group         0x0000000000000000        0xc ./source/gpio.o
 .group         0x0000000000000000        0xc ./source/gpio.o
 .group         0x0000000000000000        0xc ./source/gpio.o
 .text          0x0000000000000000        0x0 ./source/gpio.o
 .data          0x0000000000000000        0x0 ./source/gpio.o
 .bss           0x0000000000000000        0x0 ./source/gpio.o
 .text.__NVIC_EnableIRQ
                0x0000000000000000       0x3c ./source/gpio.o
 .data.gpios_ptr
                0x0000000000000000       0x14 ./source/gpio.o
 .data.sim      0x0000000000000000        0x4 ./source/gpio.o
 .text.gpioMode
                0x0000000000000000      0x298 ./source/gpio.o
 .text.gpioWrite
                0x0000000000000000       0x78 ./source/gpio.o
 .text.gpioToggle
                0x0000000000000000       0x48 ./source/gpio.o
 .text.gpioRead
                0x0000000000000000       0x48 ./source/gpio.o
 .text.gpioIRQ  0x0000000000000000       0xcc ./source/gpio.o
 .debug_macro   0x0000000000000000      0xa9c ./source/gpio.o
 .debug_macro   0x0000000000000000      0x34e ./source/gpio.o
 .debug_macro   0x0000000000000000       0x22 ./source/gpio.o
 .debug_macro   0x0000000000000000       0x10 ./source/gpio.o
 .debug_macro   0x0000000000000000       0x5c ./source/gpio.o
 .debug_macro   0x0000000000000000       0x1c ./source/gpio.o
 .debug_macro   0x0000000000000000       0x22 ./source/gpio.o
 .debug_macro   0x0000000000000000       0xdf ./source/gpio.o
 .debug_macro   0x0000000000000000      0xecf ./source/gpio.o
 .debug_macro   0x0000000000000000       0x48 ./source/gpio.o
 .debug_macro   0x0000000000000000     0xe07b ./source/gpio.o
 .debug_macro   0x0000000000000000     0x122b ./source/gpio.o
 .debug_macro   0x0000000000000000       0x16 ./source/gpio.o
 .debug_macro   0x0000000000000000       0x3a ./source/gpio.o
 .group         0x0000000000000000        0xc ./source/reader.o
 .group         0x0000000000000000        0xc ./source/reader.o
 .group         0x0000000000000000        0xc ./source/reader.o
 .group         0x0000000000000000        0xc ./source/reader.o
 .group         0x0000000000000000        0xc ./source/reader.o
 .group         0x0000000000000000        0xc ./source/reader.o
 .group         0x0000000000000000        0xc ./source/reader.o
 .group         0x0000000000000000        0xc ./source/reader.o
 .group         0x0000000000000000        0xc ./source/reader.o
 .group         0x0000000000000000        0xc ./source/reader.o
 .group         0x0000000000000000        0xc ./source/reader.o
 .group         0x0000000000000000        0xc ./source/reader.o
 .group         0x0000000000000000        0xc ./source/reader.o
 .group         0x0000000000000000        0xc ./source/reader.o
 .text          0x0000000000000000        0x0 ./source/reader.o
 .data          0x0000000000000000        0x0 ./source/reader.o
 .bss           0x0000000000000000        0x0 ./source/reader.o
 .bss.TRACK2    0x0000000000000000       0x28 ./source/reader.o
 .bss.bitCounter
                0x0000000000000000        0x1 ./source/reader.o
 .bss.bitData   0x0000000000000000        0x1 ./source/reader.o
 .bss.dataCounter
                0x0000000000000000        0x1 ./source/reader.o
 .bss.myPort    0x0000000000000000        0x1 ./source/reader.o
 .bss.myClockPin
                0x0000000000000000        0x1 ./source/reader.o
 .bss.myEnablePin
                0x0000000000000000        0x1 ./source/reader.o
 .bss.myDataPin
                0x0000000000000000        0x1 ./source/reader.o
 .bss.end       0x0000000000000000        0x1 ./source/reader.o
 .bss.enable    0x0000000000000000        0x1 ./source/reader.o
 .text.init_reader
                0x0000000000000000       0xc8 ./source/reader.o
 .text.get_ID   0x0000000000000000       0xa8 ./source/reader.o
 .text.set_enable
                0x0000000000000000       0x40 ./source/reader.o
 .text.clean_enable
                0x0000000000000000       0x3c ./source/reader.o
 .text.get_data
                0x0000000000000000      0x118 ./source/reader.o
 .text.toggle_enable
                0x0000000000000000       0x20 ./source/reader.o
 .text.set_parity
                0x0000000000000000       0x66 ./source/reader.o
 .text.check_lrc
                0x0000000000000000       0x54 ./source/reader.o
 .text.reset_reading
                0x0000000000000000       0x38 ./source/reader.o
 .text.clear_parity
                0x0000000000000000       0x22 ./source/reader.o
 .debug_info    0x0000000000000000      0x3a9 ./source/reader.o
 .debug_abbrev  0x0000000000000000      0x180 ./source/reader.o
 .debug_aranges
                0x0000000000000000       0x68 ./source/reader.o
 .debug_ranges  0x0000000000000000       0x58 ./source/reader.o
 .debug_macro   0x0000000000000000       0xd3 ./source/reader.o
 .debug_macro   0x0000000000000000      0xa9c ./source/reader.o
 .debug_macro   0x0000000000000000      0x34e ./source/reader.o
 .debug_macro   0x0000000000000000       0x22 ./source/reader.o
 .debug_macro   0x0000000000000000       0x10 ./source/reader.o
 .debug_macro   0x0000000000000000       0x5c ./source/reader.o
 .debug_macro   0x0000000000000000       0x1c ./source/reader.o
 .debug_macro   0x0000000000000000       0x22 ./source/reader.o
 .debug_macro   0x0000000000000000       0xdf ./source/reader.o
 .debug_macro   0x0000000000000000      0xecf ./source/reader.o
 .debug_macro   0x0000000000000000       0x48 ./source/reader.o
 .debug_macro   0x0000000000000000     0xe07b ./source/reader.o
 .debug_macro   0x0000000000000000     0x122b ./source/reader.o
 .debug_macro   0x0000000000000000       0x16 ./source/reader.o
 .debug_macro   0x0000000000000000       0x3a ./source/reader.o
 .debug_line    0x0000000000000000      0x44a ./source/reader.o
 .debug_str     0x0000000000000000    0x77360 ./source/reader.o
 .comment       0x0000000000000000       0x76 ./source/reader.o
 .debug_frame   0x0000000000000000      0x16c ./source/reader.o
 .ARM.attributes
                0x0000000000000000       0x34 ./source/reader.o
 .group         0x0000000000000000        0xc ./source/timer.o
 .group         0x0000000000000000        0xc ./source/timer.o
 .group         0x0000000000000000        0xc ./source/timer.o
 .group         0x0000000000000000        0xc ./source/timer.o
 .group         0x0000000000000000        0xc ./source/timer.o
 .group         0x0000000000000000        0xc ./source/timer.o
 .group         0x0000000000000000        0xc ./source/timer.o
 .group         0x0000000000000000        0xc ./source/timer.o
 .group         0x0000000000000000        0xc ./source/timer.o
 .group         0x0000000000000000        0xc ./source/timer.o
 .group         0x0000000000000000        0xc ./source/timer.o
 .group         0x0000000000000000        0xc ./source/timer.o
 .group         0x0000000000000000        0xc ./source/timer.o
 .group         0x0000000000000000        0xc ./source/timer.o
 .group         0x0000000000000000        0xc ./source/timer.o
 .group         0x0000000000000000        0xc ./source/timer.o
 .group         0x0000000000000000        0xc ./source/timer.o
 .group         0x0000000000000000        0xc ./source/timer.o
 .group         0x0000000000000000        0xc ./source/timer.o
 .group         0x0000000000000000        0xc ./source/timer.o
 .group         0x0000000000000000        0xc ./source/timer.o
 .group         0x0000000000000000        0xc ./source/timer.o
 .group         0x0000000000000000        0xc ./source/timer.o
 .text          0x0000000000000000        0x0 ./source/timer.o
 .data          0x0000000000000000        0x0 ./source/timer.o
 .bss           0x0000000000000000        0x0 ./source/timer.o
 .bss.timers    0x0000000000000000      0x180 ./source/timer.o
 .bss.timers_cant
                0x0000000000000000        0x1 ./source/timer.o
 .text.timerInit
                0x0000000000000000       0x28 ./source/timer.o
 .text.timerGetId
                0x0000000000000000       0x4c ./source/timer.o
 .text.timerStart
                0x0000000000000000       0xb4 ./source/timer.o
 .text.timerFinish
                0x0000000000000000       0x2c ./source/timer.o
 .text.timerToggle
                0x0000000000000000       0x6c ./source/timer.o
 .text.timerExpired
                0x0000000000000000       0x4c ./source/timer.o
 .text.timersActive
                0x0000000000000000       0x48 ./source/timer.o
 .text.isSpecificTimerActive
                0x0000000000000000       0x2c ./source/timer.o
 .text.timerDelay
                0x0000000000000000       0x30 ./source/timer.o
 .text.timer_isr
                0x0000000000000000       0xf4 ./source/timer.o
 .bss.yaInit.5684
                0x0000000000000000        0x1 ./source/timer.o
 .debug_info    0x0000000000000000      0xbcf ./source/timer.o
 .debug_abbrev  0x0000000000000000      0x2d5 ./source/timer.o
 .debug_aranges
                0x0000000000000000       0x68 ./source/timer.o
 .debug_ranges  0x0000000000000000       0x58 ./source/timer.o
 .debug_macro   0x0000000000000000      0x136 ./source/timer.o
 .debug_macro   0x0000000000000000      0xa9c ./source/timer.o
 .debug_macro   0x0000000000000000      0x34e ./source/timer.o
 .debug_macro   0x0000000000000000       0x22 ./source/timer.o
 .debug_macro   0x0000000000000000       0x18 ./source/timer.o
 .debug_macro   0x0000000000000000       0x22 ./source/timer.o
 .debug_macro   0x0000000000000000       0x58 ./source/timer.o
 .debug_macro   0x0000000000000000       0x94 ./source/timer.o
 .debug_macro   0x0000000000000000       0x35 ./source/timer.o
 .debug_macro   0x0000000000000000       0x34 ./source/timer.o
 .debug_macro   0x0000000000000000       0x16 ./source/timer.o
 .debug_macro   0x0000000000000000      0x10e ./source/timer.o
 .debug_macro   0x0000000000000000       0x8d ./source/timer.o
 .debug_macro   0x0000000000000000       0x57 ./source/timer.o
 .debug_macro   0x0000000000000000       0x58 ./source/timer.o
 .debug_macro   0x0000000000000000       0x1f ./source/timer.o
 .debug_macro   0x0000000000000000       0x43 ./source/timer.o
 .debug_macro   0x0000000000000000       0x20 ./source/timer.o
 .debug_macro   0x0000000000000000      0x18e ./source/timer.o
 .debug_macro   0x0000000000000000      0x339 ./source/timer.o
 .debug_macro   0x0000000000000000       0x16 ./source/timer.o
 .debug_macro   0x0000000000000000       0x29 ./source/timer.o
 .debug_macro   0x0000000000000000       0x28 ./source/timer.o
 .debug_macro   0x0000000000000000       0x10 ./source/timer.o
 .debug_line    0x0000000000000000      0x54e ./source/timer.o
 .debug_str     0x0000000000000000     0x6e08 ./source/timer.o
 .comment       0x0000000000000000       0x76 ./source/timer.o
 .debug_frame   0x0000000000000000      0x184 ./source/timer.o
 .ARM.attributes
                0x0000000000000000       0x34 ./source/timer.o
 .group         0x0000000000000000        0xc ./SDK/startup/hardware.o
 .group         0x0000000000000000        0xc ./SDK/startup/hardware.o
 .group         0x0000000000000000        0xc ./SDK/startup/hardware.o
 .group         0x0000000000000000        0xc ./SDK/startup/hardware.o
 .group         0x0000000000000000        0xc ./SDK/startup/hardware.o
 .group         0x0000000000000000        0xc ./SDK/startup/hardware.o
 .group         0x0000000000000000        0xc ./SDK/startup/hardware.o
 .group         0x0000000000000000        0xc ./SDK/startup/hardware.o
 .group         0x0000000000000000        0xc ./SDK/startup/hardware.o
 .group         0x0000000000000000        0xc ./SDK/startup/hardware.o
 .group         0x0000000000000000        0xc ./SDK/startup/hardware.o
 .group         0x0000000000000000        0xc ./SDK/startup/hardware.o
 .group         0x0000000000000000        0xc ./SDK/startup/hardware.o
 .text          0x0000000000000000        0x0 ./SDK/startup/hardware.o
 .data          0x0000000000000000        0x0 ./SDK/startup/hardware.o
 .bss           0x0000000000000000        0x0 ./SDK/startup/hardware.o
 .debug_macro   0x0000000000000000      0xa9c ./SDK/startup/hardware.o
 .debug_macro   0x0000000000000000      0x34e ./SDK/startup/hardware.o
 .debug_macro   0x0000000000000000       0x22 ./SDK/startup/hardware.o
 .debug_macro   0x0000000000000000       0x10 ./SDK/startup/hardware.o
 .debug_macro   0x0000000000000000       0x5c ./SDK/startup/hardware.o
 .debug_macro   0x0000000000000000       0x1c ./SDK/startup/hardware.o
 .debug_macro   0x0000000000000000       0x22 ./SDK/startup/hardware.o
 .debug_macro   0x0000000000000000       0xdf ./SDK/startup/hardware.o
 .debug_macro   0x0000000000000000      0xecf ./SDK/startup/hardware.o
 .debug_macro   0x0000000000000000       0x48 ./SDK/startup/hardware.o
 .debug_macro   0x0000000000000000     0xe07b ./SDK/startup/hardware.o
 .debug_macro   0x0000000000000000     0x122b ./SDK/startup/hardware.o
 .debug_macro   0x0000000000000000       0x16 ./SDK/startup/hardware.o
 .group         0x0000000000000000        0xc ./SDK/startup/main.o
 .group         0x0000000000000000        0xc ./SDK/startup/main.o
 .group         0x0000000000000000        0xc ./SDK/startup/main.o
 .group         0x0000000000000000        0xc ./SDK/startup/main.o
 .group         0x0000000000000000        0xc ./SDK/startup/main.o
 .group         0x0000000000000000        0xc ./SDK/startup/main.o
 .group         0x0000000000000000        0xc ./SDK/startup/main.o
 .group         0x0000000000000000        0xc ./SDK/startup/main.o
 .group         0x0000000000000000        0xc ./SDK/startup/main.o
 .group         0x0000000000000000        0xc ./SDK/startup/main.o
 .group         0x0000000000000000        0xc ./SDK/startup/main.o
 .group         0x0000000000000000        0xc ./SDK/startup/main.o
 .group         0x0000000000000000        0xc ./SDK/startup/main.o
 .text          0x0000000000000000        0x0 ./SDK/startup/main.o
 .data          0x0000000000000000        0x0 ./SDK/startup/main.o
 .bss           0x0000000000000000        0x0 ./SDK/startup/main.o
 .debug_macro   0x0000000000000000      0xa9c ./SDK/startup/main.o
 .debug_macro   0x0000000000000000      0x34e ./SDK/startup/main.o
 .debug_macro   0x0000000000000000       0x22 ./SDK/startup/main.o
 .debug_macro   0x0000000000000000       0x10 ./SDK/startup/main.o
 .debug_macro   0x0000000000000000       0x5c ./SDK/startup/main.o
 .debug_macro   0x0000000000000000       0x1c ./SDK/startup/main.o
 .debug_macro   0x0000000000000000       0x22 ./SDK/startup/main.o
 .debug_macro   0x0000000000000000       0xdf ./SDK/startup/main.o
 .debug_macro   0x0000000000000000      0xecf ./SDK/startup/main.o
 .debug_macro   0x0000000000000000       0x48 ./SDK/startup/main.o
 .debug_macro   0x0000000000000000     0xe07b ./SDK/startup/main.o
 .debug_macro   0x0000000000000000     0x122b ./SDK/startup/main.o
 .debug_macro   0x0000000000000000       0x16 ./SDK/startup/main.o
 .group         0x0000000000000000        0xc ./SDK/startup/semihost_hardfault.o
 .text          0x0000000000000000        0x0 ./SDK/startup/semihost_hardfault.o
 .data          0x0000000000000000        0x0 ./SDK/startup/semihost_hardfault.o
 .bss           0x0000000000000000        0x0 ./SDK/startup/semihost_hardfault.o
 .debug_macro   0x0000000000000000      0xa9c ./SDK/startup/semihost_hardfault.o
 .group         0x0000000000000000        0xc ./SDK/startup/startup_mk64f12.o
 .text          0x0000000000000000        0x0 ./SDK/startup/startup_mk64f12.o
 .data          0x0000000000000000        0x0 ./SDK/startup/startup_mk64f12.o
 .bss           0x0000000000000000        0x0 ./SDK/startup/startup_mk64f12.o
 .text.PORTA_IRQHandler
                0x0000000000000000        0x8 ./SDK/startup/startup_mk64f12.o
 .text.PORTB_IRQHandler
                0x0000000000000000        0x8 ./SDK/startup/startup_mk64f12.o
 .text.PORTC_IRQHandler
                0x0000000000000000        0x8 ./SDK/startup/startup_mk64f12.o
 .debug_macro   0x0000000000000000      0xa9c ./SDK/startup/startup_mk64f12.o
 .group         0x0000000000000000        0xc ./SDK/CMSIS/system_MK64F12.o
 .group         0x0000000000000000        0xc ./SDK/CMSIS/system_MK64F12.o
 .group         0x0000000000000000        0xc ./SDK/CMSIS/system_MK64F12.o
 .group         0x0000000000000000        0xc ./SDK/CMSIS/system_MK64F12.o
 .group         0x0000000000000000        0xc ./SDK/CMSIS/system_MK64F12.o
 .group         0x0000000000000000        0xc ./SDK/CMSIS/system_MK64F12.o
 .group         0x0000000000000000        0xc ./SDK/CMSIS/system_MK64F12.o
 .group         0x0000000000000000        0xc ./SDK/CMSIS/system_MK64F12.o
 .group         0x0000000000000000        0xc ./SDK/CMSIS/system_MK64F12.o
 .group         0x0000000000000000        0xc ./SDK/CMSIS/system_MK64F12.o
 .group         0x0000000000000000        0xc ./SDK/CMSIS/system_MK64F12.o
 .text          0x0000000000000000        0x0 ./SDK/CMSIS/system_MK64F12.o
 .data          0x0000000000000000        0x0 ./SDK/CMSIS/system_MK64F12.o
 .bss           0x0000000000000000        0x0 ./SDK/CMSIS/system_MK64F12.o
 .data.SystemCoreClock
                0x0000000000000000        0x4 ./SDK/CMSIS/system_MK64F12.o
 .text.SystemCoreClockUpdate
                0x0000000000000000      0x278 ./SDK/CMSIS/system_MK64F12.o
 .debug_macro   0x0000000000000000      0xa9c ./SDK/CMSIS/system_MK64F12.o
 .debug_macro   0x0000000000000000      0x34e ./SDK/CMSIS/system_MK64F12.o
 .debug_macro   0x0000000000000000       0x10 ./SDK/CMSIS/system_MK64F12.o
 .debug_macro   0x0000000000000000       0x5c ./SDK/CMSIS/system_MK64F12.o
 .debug_macro   0x0000000000000000       0x1c ./SDK/CMSIS/system_MK64F12.o
 .debug_macro   0x0000000000000000       0x22 ./SDK/CMSIS/system_MK64F12.o
 .debug_macro   0x0000000000000000       0xdf ./SDK/CMSIS/system_MK64F12.o
 .debug_macro   0x0000000000000000      0xecf ./SDK/CMSIS/system_MK64F12.o
 .debug_macro   0x0000000000000000       0x48 ./SDK/CMSIS/system_MK64F12.o
 .debug_macro   0x0000000000000000     0xe07b ./SDK/CMSIS/system_MK64F12.o
 .debug_macro   0x0000000000000000     0x122b ./SDK/CMSIS/system_MK64F12.o

Memory Configuration

Name             Origin             Length             Attributes
PROGRAM_FLASH    0x0000000000000000 0x0000000000100000 xr
SRAM_UPPER       0x0000000020000000 0x0000000000030000 xrw
SRAM_LOWER       0x000000001fff0000 0x0000000000010000 xrw
FLEX_RAM         0x0000000014000000 0x0000000000001000 xrw
*default*        0x0000000000000000 0xffffffffffffffff

Linker script and memory map

LOAD ./source/App.o
LOAD ./source/SysTick.o
LOAD ./source/display.o
LOAD ./source/displayWrapper.o
LOAD ./source/door.o
LOAD ./source/encoder.o
LOAD ./source/gpio.o
LOAD ./source/reader.o
LOAD ./source/timer.o
LOAD ./SDK/startup/hardware.o
LOAD ./SDK/startup/main.o
LOAD ./SDK/startup/semihost_hardfault.o
LOAD ./SDK/startup/startup_mk64f12.o
LOAD ./SDK/CMSIS/system_MK64F12.o
START GROUP
LOAD /usr/local/mcuxpressoide-11.0.0_2516/ide/plugins/com.nxp.mcuxpresso.tools.linux_11.0.0.201905131304/tools/bin/../lib/gcc/arm-none-eabi/8.2.1/../../../../arm-none-eabi/lib/thumb/v7e-m+fp/hard/libcr_c.a
LOAD /usr/local/mcuxpressoide-11.0.0_2516/ide/plugins/com.nxp.mcuxpresso.tools.linux_11.0.0.201905131304/tools/bin/../lib/gcc/arm-none-eabi/8.2.1/thumb/v7e-m+fp/hard/libcr_eabihelpers.a
LOAD /usr/local/mcuxpressoide-11.0.0_2516/ide/plugins/com.nxp.mcuxpresso.tools.linux_11.0.0.201905131304/tools/bin/../lib/gcc/arm-none-eabi/8.2.1/thumb/v7e-m+fp/hard/libgcc.a
END GROUP
                0x0000000000000000                __base_PROGRAM_FLASH = 0x0
                0x0000000000000000                __base_Flash = 0x0
                0x0000000000100000                __top_PROGRAM_FLASH = 0x100000
                0x0000000000100000                __top_Flash = 0x100000
                0x0000000020000000                __base_SRAM_UPPER = 0x20000000
                0x0000000020000000                __base_RAM = 0x20000000
                0x0000000020030000                __top_SRAM_UPPER = 0x20030000
                0x0000000020030000                __top_RAM = 0x20030000
                0x000000001fff0000                __base_SRAM_LOWER = 0x1fff0000
                0x000000001fff0000                __base_RAM2 = 0x1fff0000
                0x0000000020000000                __top_SRAM_LOWER = 0x20000000
                0x0000000020000000                __top_RAM2 = 0x20000000
                0x0000000014000000                __base_FLEX_RAM = 0x14000000
                0x0000000014000000                __base_RAM3 = 0x14000000
                0x0000000014001000                __top_FLEX_RAM = 0x14001000
                0x0000000014001000                __top_RAM3 = 0x14001000

.text           0x0000000000000000      0x9a0
 FILL mask 0xff
                0x0000000000000000                __vectors_start__ = ABSOLUTE (.)
 *(SORT_BY_ALIGNMENT(.isr_vector))
 .isr_vector    0x0000000000000000      0x198 ./SDK/startup/startup_mk64f12.o
                0x0000000000000000                __Vectors
                0x0000000000000000                g_pfnVectors
                0x0000000000000198                . = ALIGN (0x4)
                0x0000000000000198                __section_table_start = .
                0x0000000000000198                __data_section_table = .
                0x0000000000000198        0x4 LONG 0x9a0 LOADADDR (.data)
                0x000000000000019c        0x4 LONG 0x20000000 ADDR (.data)
                0x00000000000001a0        0x4 LONG 0x18 SIZEOF (.data)
                0x00000000000001a4        0x4 LONG 0x9a0 LOADADDR (.data_RAM2)
                0x00000000000001a8        0x4 LONG 0x1fff0000 ADDR (.data_RAM2)
                0x00000000000001ac        0x4 LONG 0x0 SIZEOF (.data_RAM2)
                0x00000000000001b0        0x4 LONG 0x9a0 LOADADDR (.data_RAM3)
                0x00000000000001b4        0x4 LONG 0x14000000 ADDR (.data_RAM3)
                0x00000000000001b8        0x4 LONG 0x0 SIZEOF (.data_RAM3)
                0x00000000000001bc                __data_section_table_end = .
                0x00000000000001bc                __bss_section_table = .
                0x00000000000001bc        0x4 LONG 0x20000018 ADDR (.bss)
                0x00000000000001c0        0x4 LONG 0x288 SIZEOF (.bss)
                0x00000000000001c4        0x4 LONG 0x1fff0000 ADDR (.bss_RAM2)
                0x00000000000001c8        0x4 LONG 0x0 SIZEOF (.bss_RAM2)
                0x00000000000001cc        0x4 LONG 0x14000000 ADDR (.bss_RAM3)
                0x00000000000001d0        0x4 LONG 0x0 SIZEOF (.bss_RAM3)
                0x00000000000001d4                __bss_section_table_end = .
                0x00000000000001d4                __section_table_end = .
 *(SORT_BY_ALIGNMENT(.after_vectors*))
 .after_vectors.reset
                0x00000000000001d4       0x4c ./SDK/startup/startup_mk64f12.o
                0x00000000000001d4                ResetISR
 .after_vectors.init_data
                0x0000000000000220       0x1e ./SDK/startup/startup_mk64f12.o
                0x0000000000000220                data_init
 .after_vectors.init_bss
                0x000000000000023e       0x12 ./SDK/startup/startup_mk64f12.o
                0x000000000000023e                bss_init
 .after_vectors
                0x0000000000000250       0x14 ./SDK/startup/startup_mk64f12.o
                0x0000000000000250                NMI_Handler
                0x0000000000000254                MemManage_Handler
                0x0000000000000256                BusFault_Handler
                0x0000000000000258                UsageFault_Handler
                0x000000000000025a                SVC_Handler
                0x000000000000025c                DebugMon_Handler
                0x000000000000025e                PendSV_Handler
                0x0000000000000262                DMA0_DriverIRQHandler
                0x0000000000000262                PORTB_DriverIRQHandler
                0x0000000000000262                DMA12_DriverIRQHandler
                0x0000000000000262                SPI1_DriverIRQHandler
                0x0000000000000262                LPTMR0_DriverIRQHandler
                0x0000000000000262                DMA_Error_DriverIRQHandler
                0x0000000000000262                FTM1_DriverIRQHandler
                0x0000000000000262                FTM2_DriverIRQHandler
                0x0000000000000262                PIT2_DriverIRQHandler
                0x0000000000000262                SDHC_DriverIRQHandler
                0x0000000000000262                I2S0_Tx_DriverIRQHandler
                0x0000000000000262                RTC_Seconds_DriverIRQHandler
                0x0000000000000262                DMA6_DriverIRQHandler
                0x0000000000000262                LLWU_DriverIRQHandler
                0x0000000000000262                MCM_DriverIRQHandler
                0x0000000000000262                MCG_DriverIRQHandler
                0x0000000000000262                ENET_1588_Timer_DriverIRQHandler
                0x0000000000000262                I2C2_DriverIRQHandler
                0x0000000000000262                DAC1_DriverIRQHandler
                0x0000000000000262                CMP1_DriverIRQHandler
                0x0000000000000262                UART5_RX_TX_DriverIRQHandler
                0x0000000000000262                FTM0_DriverIRQHandler
                0x0000000000000262                IntDefaultHandler
                0x0000000000000262                USB0_DriverIRQHandler
                0x0000000000000262                UART5_ERR_DriverIRQHandler
                0x0000000000000262                PORTC_DriverIRQHandler
                0x0000000000000262                DMA11_DriverIRQHandler
                0x0000000000000262                DAC0_DriverIRQHandler
                0x0000000000000262                DMA10_DriverIRQHandler
                0x0000000000000262                CMP2_DriverIRQHandler
                0x0000000000000262                UART2_ERR_DriverIRQHandler
                0x0000000000000262                SPI2_DriverIRQHandler
                0x0000000000000262                LVD_LVW_DriverIRQHandler
                0x0000000000000262                PIT0_DriverIRQHandler
                0x0000000000000262                RNG_DriverIRQHandler
                0x0000000000000262                DMA5_DriverIRQHandler
                0x0000000000000262                DMA4_DriverIRQHandler
                0x0000000000000262                UART2_RX_TX_DriverIRQHandler
                0x0000000000000262                USBDCD_DriverIRQHandler
                0x0000000000000262                UART3_ERR_DriverIRQHandler
                0x0000000000000262                DMA3_DriverIRQHandler
                0x0000000000000262                DMA8_DriverIRQHandler
                0x0000000000000262                DMA9_DriverIRQHandler
                0x0000000000000262                UART0_ERR_DriverIRQHandler
                0x0000000000000262                CMT_DriverIRQHandler
                0x0000000000000262                Reserved71_DriverIRQHandler
                0x0000000000000262                ADC1_DriverIRQHandler
                0x0000000000000262                PORTA_DriverIRQHandler
                0x0000000000000262                DMA14_DriverIRQHandler
                0x0000000000000262                PIT3_DriverIRQHandler
                0x0000000000000262                PIT1_DriverIRQHandler
                0x0000000000000262                WDOG_EWM_DriverIRQHandler
                0x0000000000000262                PDB0_DriverIRQHandler
                0x0000000000000262                RTC_DriverIRQHandler
                0x0000000000000262                I2S0_Rx_DriverIRQHandler
                0x0000000000000262                Read_Collision_DriverIRQHandler
                0x0000000000000262                SWI_DriverIRQHandler
                0x0000000000000262                UART4_RX_TX_DriverIRQHandler
                0x0000000000000262                UART4_ERR_DriverIRQHandler
                0x0000000000000262                UART0_LON_DriverIRQHandler
                0x0000000000000262                DMA1_DriverIRQHandler
                0x0000000000000262                I2C1_DriverIRQHandler
                0x0000000000000262                UART3_RX_TX_DriverIRQHandler
                0x0000000000000262                ENET_Receive_DriverIRQHandler
                0x0000000000000262                DMA13_DriverIRQHandler
                0x0000000000000262                ENET_Error_DriverIRQHandler
                0x0000000000000262                DMA15_DriverIRQHandler
                0x0000000000000262                UART0_RX_TX_DriverIRQHandler
                0x0000000000000262                SPI0_DriverIRQHandler
                0x0000000000000262                ADC0_DriverIRQHandler
                0x0000000000000262                CMP0_DriverIRQHandler
                0x0000000000000262                CAN0_DriverIRQHandler
                0x0000000000000262                FTM3_DriverIRQHandler
                0x0000000000000262                UART1_ERR_DriverIRQHandler
                0x0000000000000262                DMA2_DriverIRQHandler
                0x0000000000000262                ENET_Transmit_DriverIRQHandler
                0x0000000000000262                PORTD_DriverIRQHandler
                0x0000000000000262                PORTE_DriverIRQHandler
                0x0000000000000262                FTFE_DriverIRQHandler
                0x0000000000000262                I2C0_DriverIRQHandler
                0x0000000000000262                DMA7_DriverIRQHandler
                0x0000000000000262                UART1_RX_TX_DriverIRQHandler
                0x0000000000000400                . = 0x400
 *fill*         0x0000000000000264      0x19c ff
                0x0000000000000400                PROVIDE (__FLASH_CONFIG_START__ = .)
 *(SORT_BY_ALIGNMENT(.FlashConfig))
 .FlashConfig   0x0000000000000400       0x10 ./SDK/startup/startup_mk64f12.o
                0x0000000000000400                Flash_Config
                0x0000000000000410                PROVIDE (__FLASH_CONFIG_END__ = .)
                0x0000000000000001                ASSERT (! ((__FLASH_CONFIG_START__ == __FLASH_CONFIG_END__)), Linker Flash Config Support Enabled, but no .FlashConfig section provided within application)
 *(SORT_BY_ALIGNMENT(.text*))
 .text.SysTick_Handler
                0x0000000000000410       0x24 ./source/SysTick.o
                0x0000000000000410                SysTick_Handler
 .text.portIRQ_handler
                0x0000000000000434       0x70 ./source/gpio.o
                0x0000000000000434                portIRQ_handler
 .text.hw_Init  0x00000000000004a4      0x10c ./SDK/startup/hardware.o
                0x00000000000004a4                hw_Init
 .text.hw_EnableInterrupts
                0x00000000000005b0       0x30 ./SDK/startup/hardware.o
                0x00000000000005b0                hw_EnableInterrupts
 .text.hw_DisableInterrupts
                0x00000000000005e0       0x20 ./SDK/startup/hardware.o
                0x00000000000005e0                hw_DisableInterrupts
 .text.SystemInit
                0x0000000000000600       0x3c ./SDK/CMSIS/system_MK64F12.o
                0x0000000000000600                SystemInit
 .text.App_Init
                0x000000000000063c        0xe ./source/App.o
                0x000000000000063c                App_Init
 .text.App_Run  0x000000000000064a        0xe ./source/App.o
                0x000000000000064a                App_Run
 .text.PORTA_IRQHandler
                0x0000000000000658       0x1e ./source/gpio.o
                0x0000000000000658                PORTA_IRQHandler
 .text.PORTB_IRQHandler
                0x0000000000000676       0x1e ./source/gpio.o
                0x0000000000000676                PORTB_IRQHandler
 .text.PORTC_IRQHandler
                0x0000000000000694       0x1e ./source/gpio.o
                0x0000000000000694                PORTC_IRQHandler
 .text.main     0x00000000000006b2       0x1a ./SDK/startup/main.o
                0x00000000000006b2                main
 .text.HardFault_Handler
                0x00000000000006cc       0x2c ./SDK/startup/semihost_hardfault.o
                0x00000000000006cc                HardFault_Handler
 .text.DMA0_IRQHandler
                0x00000000000006f8        0x8 ./SDK/startup/startup_mk64f12.o
                0x00000000000006f8                DMA0_IRQHandler
 .text.DMA1_IRQHandler
                0x0000000000000700        0x8 ./SDK/startup/startup_mk64f12.o
                0x0000000000000700                DMA1_IRQHandler
 .text.DMA2_IRQHandler
                0x0000000000000708        0x8 ./SDK/startup/startup_mk64f12.o
                0x0000000000000708                DMA2_IRQHandler
 .text.DMA3_IRQHandler
                0x0000000000000710        0x8 ./SDK/startup/startup_mk64f12.o
                0x0000000000000710                DMA3_IRQHandler
 .text.DMA4_IRQHandler
                0x0000000000000718        0x8 ./SDK/startup/startup_mk64f12.o
                0x0000000000000718                DMA4_IRQHandler
 .text.DMA5_IRQHandler
                0x0000000000000720        0x8 ./SDK/startup/startup_mk64f12.o
                0x0000000000000720                DMA5_IRQHandler
 .text.DMA6_IRQHandler
                0x0000000000000728        0x8 ./SDK/startup/startup_mk64f12.o
                0x0000000000000728                DMA6_IRQHandler
 .text.DMA7_IRQHandler
                0x0000000000000730        0x8 ./SDK/startup/startup_mk64f12.o
                0x0000000000000730                DMA7_IRQHandler
 .text.DMA8_IRQHandler
                0x0000000000000738        0x8 ./SDK/startup/startup_mk64f12.o
                0x0000000000000738                DMA8_IRQHandler
 .text.DMA9_IRQHandler
                0x0000000000000740        0x8 ./SDK/startup/startup_mk64f12.o
                0x0000000000000740                DMA9_IRQHandler
 .text.DMA10_IRQHandler
                0x0000000000000748        0x8 ./SDK/startup/startup_mk64f12.o
                0x0000000000000748                DMA10_IRQHandler
 .text.DMA11_IRQHandler
                0x0000000000000750        0x8 ./SDK/startup/startup_mk64f12.o
                0x0000000000000750                DMA11_IRQHandler
 .text.DMA12_IRQHandler
                0x0000000000000758        0x8 ./SDK/startup/startup_mk64f12.o
                0x0000000000000758                DMA12_IRQHandler
 .text.DMA13_IRQHandler
                0x0000000000000760        0x8 ./SDK/startup/startup_mk64f12.o
                0x0000000000000760                DMA13_IRQHandler
 .text.DMA14_IRQHandler
                0x0000000000000768        0x8 ./SDK/startup/startup_mk64f12.o
                0x0000000000000768                DMA14_IRQHandler
 .text.DMA15_IRQHandler
                0x0000000000000770        0x8 ./SDK/startup/startup_mk64f12.o
                0x0000000000000770                DMA15_IRQHandler
 .text.DMA_Error_IRQHandler
                0x0000000000000778        0x8 ./SDK/startup/startup_mk64f12.o
                0x0000000000000778                DMA_Error_IRQHandler
 .text.MCM_IRQHandler
                0x0000000000000780        0x8 ./SDK/startup/startup_mk64f12.o
                0x0000000000000780                MCM_IRQHandler
 .text.FTFE_IRQHandler
                0x0000000000000788        0x8 ./SDK/startup/startup_mk64f12.o
                0x0000000000000788                FTFE_IRQHandler
 .text.Read_Collision_IRQHandler
                0x0000000000000790        0x8 ./SDK/startup/startup_mk64f12.o
                0x0000000000000790                Read_Collision_IRQHandler
 .text.LVD_LVW_IRQHandler
                0x0000000000000798        0x8 ./SDK/startup/startup_mk64f12.o
                0x0000000000000798                LVD_LVW_IRQHandler
 .text.LLWU_IRQHandler
                0x00000000000007a0        0x8 ./SDK/startup/startup_mk64f12.o
                0x00000000000007a0                LLWU_IRQHandler
 .text.WDOG_EWM_IRQHandler
                0x00000000000007a8        0x8 ./SDK/startup/startup_mk64f12.o
                0x00000000000007a8                WDOG_EWM_IRQHandler
 .text.RNG_IRQHandler
                0x00000000000007b0        0x8 ./SDK/startup/startup_mk64f12.o
                0x00000000000007b0                RNG_IRQHandler
 .text.I2C0_IRQHandler
                0x00000000000007b8        0x8 ./SDK/startup/startup_mk64f12.o
                0x00000000000007b8                I2C0_IRQHandler
 .text.I2C1_IRQHandler
                0x00000000000007c0        0x8 ./SDK/startup/startup_mk64f12.o
                0x00000000000007c0                I2C1_IRQHandler
 .text.SPI0_IRQHandler
                0x00000000000007c8        0x8 ./SDK/startup/startup_mk64f12.o
                0x00000000000007c8                SPI0_IRQHandler
 .text.SPI1_IRQHandler
                0x00000000000007d0        0x8 ./SDK/startup/startup_mk64f12.o
                0x00000000000007d0                SPI1_IRQHandler
 .text.I2S0_Tx_IRQHandler
                0x00000000000007d8        0x8 ./SDK/startup/startup_mk64f12.o
                0x00000000000007d8                I2S0_Tx_IRQHandler
 .text.I2S0_Rx_IRQHandler
                0x00000000000007e0        0x8 ./SDK/startup/startup_mk64f12.o
                0x00000000000007e0                I2S0_Rx_IRQHandler
 .text.UART0_LON_IRQHandler
                0x00000000000007e8        0x8 ./SDK/startup/startup_mk64f12.o
                0x00000000000007e8                UART0_LON_IRQHandler
 .text.UART0_RX_TX_IRQHandler
                0x00000000000007f0        0x8 ./SDK/startup/startup_mk64f12.o
                0x00000000000007f0                UART0_RX_TX_IRQHandler
 .text.UART0_ERR_IRQHandler
                0x00000000000007f8        0x8 ./SDK/startup/startup_mk64f12.o
                0x00000000000007f8                UART0_ERR_IRQHandler
 .text.UART1_RX_TX_IRQHandler
                0x0000000000000800        0x8 ./SDK/startup/startup_mk64f12.o
                0x0000000000000800                UART1_RX_TX_IRQHandler
 .text.UART1_ERR_IRQHandler
                0x0000000000000808        0x8 ./SDK/startup/startup_mk64f12.o
                0x0000000000000808                UART1_ERR_IRQHandler
 .text.UART2_RX_TX_IRQHandler
                0x0000000000000810        0x8 ./SDK/startup/startup_mk64f12.o
                0x0000000000000810                UART2_RX_TX_IRQHandler
 .text.UART2_ERR_IRQHandler
                0x0000000000000818        0x8 ./SDK/startup/startup_mk64f12.o
                0x0000000000000818                UART2_ERR_IRQHandler
 .text.UART3_RX_TX_IRQHandler
                0x0000000000000820        0x8 ./SDK/startup/startup_mk64f12.o
                0x0000000000000820                UART3_RX_TX_IRQHandler
 .text.UART3_ERR_IRQHandler
                0x0000000000000828        0x8 ./SDK/startup/startup_mk64f12.o
                0x0000000000000828                UART3_ERR_IRQHandler
 .text.ADC0_IRQHandler
                0x0000000000000830        0x8 ./SDK/startup/startup_mk64f12.o
                0x0000000000000830                ADC0_IRQHandler
 .text.CMP0_IRQHandler
                0x0000000000000838        0x8 ./SDK/startup/startup_mk64f12.o
                0x0000000000000838                CMP0_IRQHandler
 .text.CMP1_IRQHandler
                0x0000000000000840        0x8 ./SDK/startup/startup_mk64f12.o
                0x0000000000000840                CMP1_IRQHandler
 .text.FTM0_IRQHandler
                0x0000000000000848        0x8 ./SDK/startup/startup_mk64f12.o
                0x0000000000000848                FTM0_IRQHandler
 .text.FTM1_IRQHandler
                0x0000000000000850        0x8 ./SDK/startup/startup_mk64f12.o
                0x0000000000000850                FTM1_IRQHandler
 .text.FTM2_IRQHandler
                0x0000000000000858        0x8 ./SDK/startup/startup_mk64f12.o
                0x0000000000000858                FTM2_IRQHandler
 .text.CMT_IRQHandler
                0x0000000000000860        0x8 ./SDK/startup/startup_mk64f12.o
                0x0000000000000860                CMT_IRQHandler
 .text.RTC_IRQHandler
                0x0000000000000868        0x8 ./SDK/startup/startup_mk64f12.o
                0x0000000000000868                RTC_IRQHandler
 .text.RTC_Seconds_IRQHandler
                0x0000000000000870        0x8 ./SDK/startup/startup_mk64f12.o
                0x0000000000000870                RTC_Seconds_IRQHandler
 .text.PIT0_IRQHandler
                0x0000000000000878        0x8 ./SDK/startup/startup_mk64f12.o
                0x0000000000000878                PIT0_IRQHandler
 .text.PIT1_IRQHandler
                0x0000000000000880        0x8 ./SDK/startup/startup_mk64f12.o
                0x0000000000000880                PIT1_IRQHandler
 .text.PIT2_IRQHandler
                0x0000000000000888        0x8 ./SDK/startup/startup_mk64f12.o
                0x0000000000000888                PIT2_IRQHandler
 .text.PIT3_IRQHandler
                0x0000000000000890        0x8 ./SDK/startup/startup_mk64f12.o
                0x0000000000000890                PIT3_IRQHandler
 .text.PDB0_IRQHandler
                0x0000000000000898        0x8 ./SDK/startup/startup_mk64f12.o
                0x0000000000000898                PDB0_IRQHandler
 .text.USB0_IRQHandler
                0x00000000000008a0        0x8 ./SDK/startup/startup_mk64f12.o
                0x00000000000008a0                USB0_IRQHandler
 .text.USBDCD_IRQHandler
                0x00000000000008a8        0x8 ./SDK/startup/startup_mk64f12.o
                0x00000000000008a8                USBDCD_IRQHandler
 .text.Reserved71_IRQHandler
                0x00000000000008b0        0x8 ./SDK/startup/startup_mk64f12.o
                0x00000000000008b0                Reserved71_IRQHandler
 .text.DAC0_IRQHandler
                0x00000000000008b8        0x8 ./SDK/startup/startup_mk64f12.o
                0x00000000000008b8                DAC0_IRQHandler
 .text.MCG_IRQHandler
                0x00000000000008c0        0x8 ./SDK/startup/startup_mk64f12.o
                0x00000000000008c0                MCG_IRQHandler
 .text.LPTMR0_IRQHandler
                0x00000000000008c8        0x8 ./SDK/startup/startup_mk64f12.o
                0x00000000000008c8                LPTMR0_IRQHandler
 .text.PORTD_IRQHandler
                0x00000000000008d0        0x8 ./SDK/startup/startup_mk64f12.o
                0x00000000000008d0                PORTD_IRQHandler
 .text.PORTE_IRQHandler
                0x00000000000008d8        0x8 ./SDK/startup/startup_mk64f12.o
                0x00000000000008d8                PORTE_IRQHandler
 .text.SWI_IRQHandler
                0x00000000000008e0        0x8 ./SDK/startup/startup_mk64f12.o
                0x00000000000008e0                SWI_IRQHandler
 .text.SPI2_IRQHandler
                0x00000000000008e8        0x8 ./SDK/startup/startup_mk64f12.o
                0x00000000000008e8                SPI2_IRQHandler
 .text.UART4_RX_TX_IRQHandler
                0x00000000000008f0        0x8 ./SDK/startup/startup_mk64f12.o
                0x00000000000008f0                UART4_RX_TX_IRQHandler
 .text.UART4_ERR_IRQHandler
                0x00000000000008f8        0x8 ./SDK/startup/startup_mk64f12.o
                0x00000000000008f8                UART4_ERR_IRQHandler
 .text.UART5_RX_TX_IRQHandler
                0x0000000000000900        0x8 ./SDK/startup/startup_mk64f12.o
                0x0000000000000900                UART5_RX_TX_IRQHandler
 .text.UART5_ERR_IRQHandler
                0x0000000000000908        0x8 ./SDK/startup/startup_mk64f12.o
                0x0000000000000908                UART5_ERR_IRQHandler
 .text.CMP2_IRQHandler
                0x0000000000000910        0x8 ./SDK/startup/startup_mk64f12.o
                0x0000000000000910                CMP2_IRQHandler
 .text.FTM3_IRQHandler
                0x0000000000000918        0x8 ./SDK/startup/startup_mk64f12.o
                0x0000000000000918                FTM3_IRQHandler
 .text.DAC1_IRQHandler
                0x0000000000000920        0x8 ./SDK/startup/startup_mk64f12.o
                0x0000000000000920                DAC1_IRQHandler
 .text.ADC1_IRQHandler
                0x0000000000000928        0x8 ./SDK/startup/startup_mk64f12.o
                0x0000000000000928                ADC1_IRQHandler
 .text.I2C2_IRQHandler
                0x0000000000000930        0x8 ./SDK/startup/startup_mk64f12.o
                0x0000000000000930                I2C2_IRQHandler
 .text.CAN0_ORed_Message_buffer_IRQHandler
                0x0000000000000938        0x8 ./SDK/startup/startup_mk64f12.o
                0x0000000000000938                CAN0_ORed_Message_buffer_IRQHandler
 .text.CAN0_Bus_Off_IRQHandler
                0x0000000000000940        0x8 ./SDK/startup/startup_mk64f12.o
                0x0000000000000940                CAN0_Bus_Off_IRQHandler
 .text.CAN0_Error_IRQHandler
                0x0000000000000948        0x8 ./SDK/startup/startup_mk64f12.o
                0x0000000000000948                CAN0_Error_IRQHandler
 .text.CAN0_Tx_Warning_IRQHandler
                0x0000000000000950        0x8 ./SDK/startup/startup_mk64f12.o
                0x0000000000000950                CAN0_Tx_Warning_IRQHandler
 .text.CAN0_Rx_Warning_IRQHandler
                0x0000000000000958        0x8 ./SDK/startup/startup_mk64f12.o
                0x0000000000000958                CAN0_Rx_Warning_IRQHandler
 .text.CAN0_Wake_Up_IRQHandler
                0x0000000000000960        0x8 ./SDK/startup/startup_mk64f12.o
                0x0000000000000960                CAN0_Wake_Up_IRQHandler
 .text.SDHC_IRQHandler
                0x0000000000000968        0x8 ./SDK/startup/startup_mk64f12.o
                0x0000000000000968                SDHC_IRQHandler
 .text.ENET_1588_Timer_IRQHandler
                0x0000000000000970        0x8 ./SDK/startup/startup_mk64f12.o
                0x0000000000000970                ENET_1588_Timer_IRQHandler
 .text.ENET_Transmit_IRQHandler
                0x0000000000000978        0x8 ./SDK/startup/startup_mk64f12.o
                0x0000000000000978                ENET_Transmit_IRQHandler
 .text.ENET_Receive_IRQHandler
                0x0000000000000980        0x8 ./SDK/startup/startup_mk64f12.o
                0x0000000000000980                ENET_Receive_IRQHandler
 .text.ENET_Error_IRQHandler
                0x0000000000000988        0x8 ./SDK/startup/startup_mk64f12.o
                0x0000000000000988                ENET_Error_IRQHandler
 .text.SystemInitHook
                0x0000000000000990        0xe ./SDK/CMSIS/system_MK64F12.o
                0x0000000000000990                SystemInitHook
 *(SORT_BY_ALIGNMENT(.rodata) SORT_BY_ALIGNMENT(.rodata.*) SORT_BY_ALIGNMENT(.constdata) SORT_BY_ALIGNMENT(.constdata.*))
                0x00000000000009a0                . = ALIGN (0x8)
 *fill*         0x000000000000099e        0x2 ff

.glue_7         0x00000000000009a0        0x0
 .glue_7        0x00000000000009a0        0x0 linker stubs

.glue_7t        0x00000000000009a0        0x0
 .glue_7t       0x00000000000009a0        0x0 linker stubs

.vfp11_veneer   0x00000000000009a0        0x0
 .vfp11_veneer  0x00000000000009a0        0x0 linker stubs

.v4_bx          0x00000000000009a0        0x0
 .v4_bx         0x00000000000009a0        0x0 linker stubs

.iplt           0x00000000000009a0        0x0
 .iplt          0x00000000000009a0        0x0 ./source/App.o

.rel.dyn        0x00000000000009a0        0x0
 .rel.iplt      0x00000000000009a0        0x0 ./source/App.o

.ARM.extab
 *(SORT_BY_ALIGNMENT(.ARM.extab*) SORT_BY_ALIGNMENT(.gnu.linkonce.armextab.*))
                0x00000000000009a0                __exidx_start = .

.ARM.exidx
 *(SORT_BY_ALIGNMENT(.ARM.exidx*) SORT_BY_ALIGNMENT(.gnu.linkonce.armexidx.*))
                0x00000000000009a0                __exidx_end = .
                0x00000000000009a0                _etext = .

.m_usb_data
 *(SORT_BY_ALIGNMENT(m_usb_bdt))

.data_RAM2      0x000000001fff0000        0x0 load address 0x00000000000009a0
 FILL mask 0xff
                [!provide]                        PROVIDE (__start_data_RAM2 = .)
 *(SORT_BY_ALIGNMENT(.ramfunc.$RAM2))
 *(SORT_BY_ALIGNMENT(.ramfunc.$SRAM_LOWER))
 *(SORT_BY_ALIGNMENT(.data.$RAM2))
 *(SORT_BY_ALIGNMENT(.data.$SRAM_LOWER))
 *(SORT_BY_ALIGNMENT(.data.$RAM2.*))
 *(SORT_BY_ALIGNMENT(.data.$SRAM_LOWER.*))
                0x000000001fff0000                . = ALIGN (0x8)
                [!provide]                        PROVIDE (__end_data_RAM2 = .)

.data_RAM3      0x0000000014000000        0x0 load address 0x00000000000009a0
 FILL mask 0xff
                [!provide]                        PROVIDE (__start_data_RAM3 = .)
 *(SORT_BY_ALIGNMENT(.ramfunc.$RAM3))
 *(SORT_BY_ALIGNMENT(.ramfunc.$FLEX_RAM))
 *(SORT_BY_ALIGNMENT(.data.$RAM3))
 *(SORT_BY_ALIGNMENT(.data.$FLEX_RAM))
 *(SORT_BY_ALIGNMENT(.data.$RAM3.*))
 *(SORT_BY_ALIGNMENT(.data.$FLEX_RAM.*))
                0x0000000014000000                . = ALIGN (0x8)
                [!provide]                        PROVIDE (__end_data_RAM3 = .)

.uninit_RESERVED
                0x0000000020000000        0x0
                0x0000000020000000                . = ALIGN (0x8)
 *(SORT_BY_ALIGNMENT(.bss.$RESERVED*))
                0x0000000020000000                . = ALIGN (0x8)
                0x0000000020000000                _end_uninit_RESERVED = .

.data           0x0000000020000000       0x18 load address 0x00000000000009a0
 FILL mask 0xff
                0x0000000020000000                _data = .
 *(SORT_BY_ALIGNMENT(vtable))
 *(SORT_BY_ALIGNMENT(.ramfunc*))
 *(SORT_BY_ALIGNMENT(.data*))
 .data.ports_p  0x0000000020000000       0x14 ./source/gpio.o
                0x0000000020000018                . = ALIGN (0x8)
 *fill*         0x0000000020000014        0x4 ff
                0x0000000020000018                _edata = .

.igot.plt       0x0000000020000018        0x0 load address 0x00000000000009b8
 .igot.plt      0x0000000020000018        0x0 ./source/App.o

.bss_RAM2       0x000000001fff0000        0x0
                0x000000001fff0000                . = ALIGN (0x8)
                [!provide]                        PROVIDE (__start_bss_RAM2 = .)
 *(SORT_BY_ALIGNMENT(.bss.$RAM2))
 *(SORT_BY_ALIGNMENT(.bss.$SRAM_LOWER))
 *(SORT_BY_ALIGNMENT(.bss.$RAM2.*))
 *(SORT_BY_ALIGNMENT(.bss.$SRAM_LOWER.*))
                0x000000001fff0000                . = ALIGN ((. != 0x0)?0x8:0x1)
                [!provide]                        PROVIDE (__end_bss_RAM2 = .)

.bss_RAM3       0x0000000014000000        0x0
                0x0000000014000000                . = ALIGN (0x8)
                [!provide]                        PROVIDE (__start_bss_RAM3 = .)
 *(SORT_BY_ALIGNMENT(.bss.$RAM3))
 *(SORT_BY_ALIGNMENT(.bss.$FLEX_RAM))
 *(SORT_BY_ALIGNMENT(.bss.$RAM3.*))
 *(SORT_BY_ALIGNMENT(.bss.$FLEX_RAM.*))
                0x0000000014000000                . = ALIGN ((. != 0x0)?0x8:0x1)
                [!provide]                        PROVIDE (__end_bss_RAM3 = .)

.bss            0x0000000020000018      0x288
                0x0000000020000018                . = ALIGN (0x8)
                0x0000000020000018                _bss = .
 *(SORT_BY_ALIGNMENT(.bss*))
 .bss.SysTickFunction
                0x0000000020000018        0x4 ./source/SysTick.o
 .bss.irq_pointers
                0x000000002000001c      0x280 ./source/gpio.o
 .bss.__LDM_interruptDisableCount
                0x000000002000029c        0x4 ./SDK/startup/hardware.o
 *(SORT_BY_ALIGNMENT(COMMON))
                0x00000000200002a0                . = ALIGN (0x8)
                0x00000000200002a0                _ebss = .
                [!provide]                        PROVIDE (end = .)

.noinit_RAM2    0x000000001fff0000        0x0
                0x000000001fff0000                . = ALIGN (0x8)
 *(SORT_BY_ALIGNMENT(.noinit.$RAM2))
 *(SORT_BY_ALIGNMENT(.noinit.$SRAM_LOWER))
 *(SORT_BY_ALIGNMENT(.noinit.$RAM2.*))
 *(SORT_BY_ALIGNMENT(.noinit.$SRAM_LOWER.*))
                0x000000001fff0000                . = ALIGN (0x8)

.noinit_RAM3    0x0000000014000000        0x0
                0x0000000014000000                . = ALIGN (0x8)
 *(SORT_BY_ALIGNMENT(.noinit.$RAM3))
 *(SORT_BY_ALIGNMENT(.noinit.$FLEX_RAM))
 *(SORT_BY_ALIGNMENT(.noinit.$RAM3.*))
 *(SORT_BY_ALIGNMENT(.noinit.$FLEX_RAM.*))
                0x0000000014000000                . = ALIGN (0x8)

.noinit         0x00000000200002a0        0x0
                0x00000000200002a0                . = ALIGN (0x8)
                0x00000000200002a0                _noinit = .
 *(SORT_BY_ALIGNMENT(.noinit*))
                0x00000000200002a0                . = ALIGN (0x8)
                0x00000000200002a0                _end_noinit = .
                0x0000000000001000                _HeapSize = 0x1000

.heap           0x00000000200002a0     0x1000
                0x00000000200002a0                _pvHeapStart = .
                0x00000000200012a0                . = (. + _HeapSize)
 *fill*         0x00000000200002a0     0x1000 
                0x00000000200012a0                . = ALIGN (0x8)
                0x00000000200012a0                _pvHeapLimit = .
                0x0000000000001000                _StackSize = 0x1000

.heap2stackfill
                0x00000000200012a0     0x1000
                0x00000000200022a0                . = (. + _StackSize)
 *fill*         0x00000000200012a0     0x1000 

.stack          0x000000002002f000        0x0
                0x000000002002f000                _vStackBase = .
                0x000000002002f000                . = ALIGN (0x8)
                0x0000000020030000                _vStackTop = (. + _StackSize)
                0x0000000000000000                _image_start = LOADADDR (.text)
                0x00000000000009b8                _image_end = (LOADADDR (.data) + SIZEOF (.data))
                0x00000000000009b8                _image_size = (_image_end - _image_start)
OUTPUT(Blink.axf elf32-littlearm)

.debug_info     0x0000000000000000     0x27ca
 .debug_info    0x0000000000000000       0xca ./source/App.o
 .debug_info    0x00000000000000ca      0x548 ./source/SysTick.o
 .debug_info    0x0000000000000612      0xa5d ./source/gpio.o
 .debug_info    0x000000000000106f      0x6dc ./SDK/startup/hardware.o
 .debug_info    0x000000000000174b       0xbc ./SDK/startup/main.o
 .debug_info    0x0000000000001807       0x3c ./SDK/startup/semihost_hardfault.o
 .debug_info    0x0000000000001843      0x92e ./SDK/startup/startup_mk64f12.o
 .debug_info    0x0000000000002171      0x659 ./SDK/CMSIS/system_MK64F12.o

.debug_abbrev   0x0000000000000000      0x962
 .debug_abbrev  0x0000000000000000       0x83 ./source/App.o
 .debug_abbrev  0x0000000000000083      0x1b6 ./source/SysTick.o
 .debug_abbrev  0x0000000000000239      0x24a ./source/gpio.o
 .debug_abbrev  0x0000000000000483      0x154 ./SDK/startup/hardware.o
 .debug_abbrev  0x00000000000005d7       0x85 ./SDK/startup/main.o
 .debug_abbrev  0x000000000000065c       0x31 ./SDK/startup/semihost_hardfault.o
 .debug_abbrev  0x000000000000068d      0x17a ./SDK/startup/startup_mk64f12.o
 .debug_abbrev  0x0000000000000807      0x15b ./SDK/CMSIS/system_MK64F12.o

.debug_aranges  0x0000000000000000      0x490
 .debug_aranges
                0x0000000000000000       0x28 ./source/App.o
 .debug_aranges
                0x0000000000000028       0x30 ./source/SysTick.o
 .debug_aranges
                0x0000000000000058       0x68 ./source/gpio.o
 .debug_aranges
                0x00000000000000c0       0x30 ./SDK/startup/hardware.o
 .debug_aranges
                0x00000000000000f0       0x20 ./SDK/startup/main.o
 .debug_aranges
                0x0000000000000110       0x20 ./SDK/startup/semihost_hardfault.o
 .debug_aranges
                0x0000000000000130      0x330 ./SDK/startup/startup_mk64f12.o
 .debug_aranges
                0x0000000000000460       0x30 ./SDK/CMSIS/system_MK64F12.o

.debug_ranges   0x0000000000000000      0x410
 .debug_ranges  0x0000000000000000       0x18 ./source/App.o
 .debug_ranges  0x0000000000000018       0x20 ./source/SysTick.o
 .debug_ranges  0x0000000000000038       0x58 ./source/gpio.o
 .debug_ranges  0x0000000000000090       0x20 ./SDK/startup/hardware.o
 .debug_ranges  0x00000000000000b0       0x10 ./SDK/startup/main.o
 .debug_ranges  0x00000000000000c0       0x10 ./SDK/startup/semihost_hardfault.o
 .debug_ranges  0x00000000000000d0      0x320 ./SDK/startup/startup_mk64f12.o
 .debug_ranges  0x00000000000003f0       0x20 ./SDK/CMSIS/system_MK64F12.o

.debug_macro    0x0000000000000000    0x11633
 .debug_macro   0x0000000000000000       0xc4 ./source/App.o
 .debug_macro   0x00000000000000c4      0xa9c ./source/App.o
 .debug_macro   0x0000000000000b60      0x34e ./source/App.o
 .debug_macro   0x0000000000000eae       0x22 ./source/App.o
 .debug_macro   0x0000000000000ed0       0x10 ./source/App.o
 .debug_macro   0x0000000000000ee0       0x5c ./source/App.o
 .debug_macro   0x0000000000000f3c       0x1c ./source/App.o
 .debug_macro   0x0000000000000f58       0x22 ./source/App.o
 .debug_macro   0x0000000000000f7a       0xdf ./source/App.o
 .debug_macro   0x0000000000001059      0xecf ./source/App.o
 .debug_macro   0x0000000000001f28       0x48 ./source/App.o
 .debug_macro   0x0000000000001f70     0xe07b ./source/App.o
 .debug_macro   0x000000000000ffeb     0x122b ./source/App.o
 .debug_macro   0x0000000000011216       0x16 ./source/App.o
 .debug_macro   0x000000000001122c       0x3a ./source/App.o
 .debug_macro   0x0000000000011266       0x7c ./source/App.o
 .debug_macro   0x00000000000112e2       0xb0 ./source/SysTick.o
 .debug_macro   0x0000000000011392       0xaf ./source/gpio.o
 .debug_macro   0x0000000000011441       0x9c ./SDK/startup/hardware.o
 .debug_macro   0x00000000000114dd       0x9c ./SDK/startup/main.o
 .debug_macro   0x0000000000011579       0x11 ./SDK/startup/semihost_hardfault.o
 .debug_macro   0x000000000001158a       0x29 ./SDK/startup/startup_mk64f12.o
 .debug_macro   0x00000000000115b3       0x80 ./SDK/CMSIS/system_MK64F12.o

.debug_line     0x0000000000000000     0x19b1
 .debug_line    0x0000000000000000      0x1eb ./source/App.o
 .debug_line    0x00000000000001eb      0x231 ./source/SysTick.o
 .debug_line    0x000000000000041c      0x491 ./source/gpio.o
 .debug_line    0x00000000000008ad      0x2a6 ./SDK/startup/hardware.o
 .debug_line    0x0000000000000b53      0x1bb ./SDK/startup/main.o
 .debug_line    0x0000000000000d0e       0x5f ./SDK/startup/semihost_hardfault.o
 .debug_line    0x0000000000000d6d      0x914 ./SDK/startup/startup_mk64f12.o
 .debug_line    0x0000000000001681      0x330 ./SDK/CMSIS/system_MK64F12.o

.debug_str      0x0000000000000000    0x78385
 .debug_str     0x0000000000000000    0x771b1 ./source/App.o
                                      0x77329 (size before relaxing)
 .debug_str     0x00000000000771b1      0x5d0 ./source/SysTick.o
                                      0x776ad (size before relaxing)
 .debug_str     0x0000000000077781      0x1e2 ./source/gpio.o
                                      0x77880 (size before relaxing)
 .debug_str     0x0000000000077963      0x178 ./SDK/startup/hardware.o
                                      0x772db (size before relaxing)
 .debug_str     0x0000000000077adb       0x1b ./SDK/startup/main.o
                                      0x770af (size before relaxing)
 .debug_str     0x0000000000077af6       0x36 ./SDK/startup/semihost_hardfault.o
                                       0x2e15 (size before relaxing)
 .debug_str     0x0000000000077b2c      0x7f7 ./SDK/startup/startup_mk64f12.o
                                       0x3683 (size before relaxing)
 .debug_str     0x0000000000078323       0x62 ./SDK/CMSIS/system_MK64F12.o
                                      0x771ea (size before relaxing)

.comment        0x0000000000000000       0x75
 .comment       0x0000000000000000       0x75 ./source/App.o
                                         0x76 (size before relaxing)
 .comment       0x0000000000000075       0x76 ./source/SysTick.o
 .comment       0x0000000000000075       0x76 ./source/gpio.o
 .comment       0x0000000000000075       0x76 ./SDK/startup/hardware.o
 .comment       0x0000000000000075       0x76 ./SDK/startup/main.o
 .comment       0x0000000000000075       0x76 ./SDK/startup/semihost_hardfault.o
 .comment       0x0000000000000075       0x76 ./SDK/startup/startup_mk64f12.o
 .comment       0x0000000000000075       0x76 ./SDK/CMSIS/system_MK64F12.o

.ARM.attributes
                0x0000000000000000       0x34
 .ARM.attributes
                0x0000000000000000       0x34 ./source/App.o
 .ARM.attributes
                0x0000000000000034       0x34 ./source/SysTick.o
 .ARM.attributes
                0x0000000000000068       0x34 ./source/gpio.o
 .ARM.attributes
                0x000000000000009c       0x34 ./SDK/startup/hardware.o
 .ARM.attributes
                0x00000000000000d0       0x34 ./SDK/startup/main.o
 .ARM.attributes
                0x0000000000000104       0x34 ./SDK/startup/semihost_hardfault.o
 .ARM.attributes
                0x0000000000000138       0x34 ./SDK/startup/startup_mk64f12.o
 .ARM.attributes
                0x000000000000016c       0x34 ./SDK/CMSIS/system_MK64F12.o

.debug_frame    0x0000000000000000      0xcb0
 .debug_frame   0x0000000000000000       0x50 ./source/App.o
 .debug_frame   0x0000000000000050       0x88 ./source/SysTick.o
 .debug_frame   0x00000000000000d8      0x1a4 ./source/gpio.o
 .debug_frame   0x000000000000027c       0x70 ./SDK/startup/hardware.o
 .debug_frame   0x00000000000002ec       0x2c ./SDK/startup/main.o
 .debug_frame   0x0000000000000318       0x20 ./SDK/startup/semihost_hardfault.o
 .debug_frame   0x0000000000000338      0x904 ./SDK/startup/startup_mk64f12.o
 .debug_frame   0x0000000000000c3c       0x74 ./SDK/CMSIS/system_MK64F12.o
